Component: ARM Compiler 5.06 update 6 (build 750) Tool: armlink [4d35ed]

==============================================================================

Section Cross References

    clock.o(.text) refers to context_rvds.o(.text) for rt_hw_interrupt_disable
    clock.o(.text) refers to thread.o(.text) for rt_thread_self
    clock.o(.text) refers to timer.o(.text) for rt_timer_check
    clock.o(.text) refers to clock.o(.data) for rt_tick
    components.o(.text) refers to main.o(.text) for $Super$$main
    components.o(.text) refers to thread.o(.text) for rt_thread_create
    components.o(.text) refers to kservice.o(.text) for rt_assert_handler
    components.o(.text) refers to context_rvds.o(.text) for rt_hw_interrupt_disable
    components.o(.text) refers to board.o(.text) for rt_hw_board_init
    components.o(.text) refers to timer.o(.text) for rt_system_timer_init
    components.o(.text) refers to scheduler.o(.text) for rt_system_scheduler_init
    components.o(.text) refers to idle.o(.text) for rt_thread_idle_init
    components.o(.text) refers to components.o(.rti_fn.0.end) for __rt_init_rti_board_start
    components.o(.text) refers to components.o(.rti_fn.1.end) for __rt_init_rti_board_end
    components.o(.text) refers to components.o(.rti_fn.6.end) for __rt_init_rti_end
    components.o(.text) refers to components.o(.constdata) for __FUNCTION__
    components.o(.rti_fn.0) refers to components.o(.text) for rti_start
    components.o(.rti_fn.0.end) refers to components.o(.text) for rti_board_start
    components.o(.rti_fn.1.end) refers to components.o(.text) for rti_board_end
    components.o(.rti_fn.6.end) refers to components.o(.text) for rti_end
    device.o(.text) refers to thread.o(.text) for rt_thread_self
    device.o(.text) refers to scheduler.o(.text) for rt_enter_critical
    device.o(.text) refers to object.o(.text) for rt_object_get_information
    device.o(.text) refers to kservice.o(.text) for rt_assert_handler
    device.o(.text) refers to mem.o(.text) for rt_malloc
    device.o(.text) refers to device.o(.constdata) for __FUNCTION__
    idle.o(.text) refers to context_rvds.o(.text) for rt_hw_interrupt_disable
    idle.o(.text) refers to irq.o(.text) for rt_interrupt_get_nest
    idle.o(.text) refers to kservice.o(.text) for rt_kprintf
    idle.o(.text) refers to scheduler.o(.text) for rt_enter_critical
    idle.o(.text) refers to object.o(.text) for rt_object_is_systemobject
    idle.o(.text) refers to mem.o(.text) for rt_free
    idle.o(.text) refers to thread.o(.text) for rt_thread_init
    idle.o(.text) refers to idle.o(.bss) for idle_hook_list
    idle.o(.text) refers to idle.o(.constdata) for __FUNCTION__
    idle.o(.text) refers to scheduler.o(.data) for rt_thread_defunct
    ipc.o(.text) refers to thread.o(.text) for rt_thread_suspend
    ipc.o(.text) refers to context_rvds.o(.text) for rt_hw_interrupt_disable
    ipc.o(.text) refers to kservice.o(.text) for rt_assert_handler
    ipc.o(.text) refers to object.o(.text) for rt_object_init
    ipc.o(.text) refers to irq.o(.text) for rt_interrupt_get_nest
    ipc.o(.text) refers to timer.o(.text) for rt_timer_control
    ipc.o(.text) refers to scheduler.o(.text) for rt_schedule
    ipc.o(.text) refers to ipc.o(.constdata) for __FUNCTION__
    ipc.o(.text) refers to ipc.o(.conststring) for .conststring
    ipc.o(.text) refers to object.o(.data) for rt_object_trytake_hook
    ipc.o(.text) refers to mem.o(.text) for rt_malloc
    ipc.o(.text) refers to clock.o(.text) for rt_tick_get
    irq.o(.text) refers to context_rvds.o(.text) for rt_hw_interrupt_disable
    irq.o(.text) refers to irq.o(.data) for rt_interrupt_enter_hook
    kservice.o(.text) refers to irq.o(.text) for rt_interrupt_get_nest
    kservice.o(.text) refers to thread.o(.text) for rt_thread_self
    kservice.o(.text) refers to mem.o(.text) for rt_malloc
    kservice.o(.text) refers to kservice.o(.data) for __rt_errno
    kservice.o(.text) refers to kservice.o(.constdata) for large_digits
    kservice.o(.text) refers to device.o(.text) for rt_device_write
    kservice.o(.text) refers to kservice.o(.bss) for rt_log_buf
    mem.o(.text) refers to kservice.o(.text) for rt_assert_handler
    mem.o(.text) refers to context_rvds.o(.text) for rt_hw_interrupt_disable
    mem.o(.text) refers to irq.o(.text) for rt_interrupt_get_nest
    mem.o(.text) refers to ipc.o(.text) for rt_sem_init
    mem.o(.text) refers to mem.o(.data) for rt_malloc_hook
    mem.o(.text) refers to mem.o(.constdata) for __FUNCTION__
    mem.o(.text) refers to mem.o(.bss) for heap_sem
    mem.o(.text) refers to mem.o(.conststring) for .conststring
    mem.o(FSymTab) refers to mem.o(.rodata.name) for __fsym_list_mem_name
    mem.o(FSymTab) refers to mem.o(.text) for list_mem
    memheap.o(.text) refers to kservice.o(.text) for rt_assert_handler
    memheap.o(.text) refers to object.o(.text) for rt_object_init
    memheap.o(.text) refers to ipc.o(.text) for rt_sem_init
[...]
    __rt_lib_shutdown_heap_1                 0x08000247   Thumb Code     0  libshutdown2.o(.ARM.Collect$$libshutdown$$0000000F)
    __rt_lib_shutdown_return                 0x08000247   Thumb Code     0  libshutdown2.o(.ARM.Collect$$libshutdown$$00000010)
    __rt_lib_shutdown_signal_1               0x08000247   Thumb Code     0  libshutdown2.o(.ARM.Collect$$libshutdown$$0000000A)
    __rt_lib_shutdown_stdio_1                0x08000247   Thumb Code     0  libshutdown2.o(.ARM.Collect$$libshutdown$$00000004)
    __rt_lib_shutdown_user_alloc_1           0x08000247   Thumb Code     0  libshutdown2.o(.ARM.Collect$$libshutdown$$0000000C)
    __rt_entry                               0x08000249   Thumb Code     0  __rtentry.o(.ARM.Collect$$rtentry$$00000000)
    __rt_entry_presh_1                       0x08000249   Thumb Code     0  __rtentry2.o(.ARM.Collect$$rtentry$$00000002)
    __rt_entry_sh                            0x08000249   Thumb Code     0  __rtentry4.o(.ARM.Collect$$rtentry$$00000004)
    __rt_entry_li                            0x0800024f   Thumb Code     0  __rtentry2.o(.ARM.Collect$$rtentry$$0000000A)
    __rt_entry_postsh_1                      0x0800024f   Thumb Code     0  __rtentry2.o(.ARM.Collect$$rtentry$$00000009)
    __rt_entry_main                          0x08000253   Thumb Code     0  __rtentry2.o(.ARM.Collect$$rtentry$$0000000D)
    __rt_entry_postli_1                      0x08000253   Thumb Code     0  __rtentry2.o(.ARM.Collect$$rtentry$$0000000C)
    __rt_exit                                0x0800025b   Thumb Code     0  rtexit.o(.ARM.Collect$$rtexit$$00000000)
    __rt_exit_ls                             0x0800025d   Thumb Code     0  rtexit2.o(.ARM.Collect$$rtexit$$00000003)
    __rt_exit_prels_1                        0x0800025d   Thumb Code     0  rtexit2.o(.ARM.Collect$$rtexit$$00000002)
    __rt_exit_exit                           0x08000261   Thumb Code     0  rtexit2.o(.ARM.Collect$$rtexit$$00000004)
    rt_system_tick_init                      0x08000269   Thumb Code     2  clock.o(.text)
    rt_tick_get                              0x0800026b   Thumb Code     6  clock.o(.text)
    rt_tick_set                              0x08000271   Thumb Code    22  clock.o(.text)
    rt_tick_increase                         0x08000287   Thumb Code    42  clock.o(.text)
    rt_tick_from_millisecond                 0x080002b1   Thumb Code    30  clock.o(.text)
    rt_components_board_init                 0x080002e5   Thumb Code    20  components.o(.text)
    rt_components_init                       0x080002f9   Thumb Code    20  components.o(.text)
    main_thread_entry                        0x0800030d   Thumb Code    14  components.o(.text)
    rt_application_init                      0x0800031b   Thumb Code    48  components.o(.text)
    rtthread_startup                         0x0800034b   Thumb Code    42  components.o(.text)
    main                                     0x08000375   Thumb Code    14  components.o(.text)
    rt_device_find                           0x080003ad   Thumb Code    94  device.o(.text)
    rt_device_register                       0x0800040b   Thumb Code    52  device.o(.text)
    rt_device_unregister                     0x0800043f   Thumb Code    64  device.o(.text)
    rt_device_init_all                       0x0800047f   Thumb Code     4  device.o(.text)
    rt_device_create                         0x08000483   Thumb Code    46  device.o(.text)
    rt_device_destroy                        0x080004b1   Thumb Code    68  device.o(.text)
    rt_device_init                           0x080004f5   Thumb Code    64  device.o(.text)
    rt_device_open                           0x08000535   Thumb Code   170  device.o(.text)
    rt_device_close                          0x080005df   Thumb Code    92  device.o(.text)
    rt_device_read                           0x0800063b   Thumb Code    98  device.o(.text)
    rt_device_write                          0x0800069d   Thumb Code    98  device.o(.text)
    rt_device_control                        0x080006ff   Thumb Code    66  device.o(.text)
    rt_device_set_rx_indicate                0x08000741   Thumb Code    48  device.o(.text)
    rt_device_set_tx_complete                0x08000771   Thumb Code   360  device.o(.text)
    rt_thread_idle_sethook                   0x080008d9   Thumb Code    58  idle.o(.text)
    rt_thread_idle_delhook                   0x08000913   Thumb Code    62  idle.o(.text)
    rt_thread_idle_excute                    0x08000951   Thumb Code   168  idle.o(.text)
    rt_thread_idle_init                      0x08000a1d   Thumb Code    74  idle.o(.text)
    rt_thread_idle_gethandler                0x08000a67   Thumb Code    10  idle.o(.text)
    rt_sem_init                              0x08000b79   Thumb Code    50  ipc.o(.text)
    rt_sem_detach                            0x08000bab   Thumb Code    72  ipc.o(.text)
    rt_sem_create                            0x08000bf3   Thumb Code    84  ipc.o(.text)
    rt_sem_delete                            0x08000c47   Thumb Code   120  ipc.o(.text)
    rt_sem_take                              0x08000cbf   Thumb Code   288  ipc.o(.text)
    rt_sem_trytake                           0x08000ddf   Thumb Code    14  ipc.o(.text)
    rt_sem_release                           0x08000ded   Thumb Code   116  ipc.o(.text)
    rt_sem_control                           0x08000e61   Thumb Code    90  ipc.o(.text)
    rt_mutex_init                            0x08000ebb   Thumb Code    58  ipc.o(.text)
    rt_mutex_detach                          0x08000ef5   Thumb Code    78  ipc.o(.text)
    rt_mutex_create                          0x08000f43   Thumb Code   454  ipc.o(.text)
    rt_mutex_delete                          0x08001109   Thumb Code   126  ipc.o(.text)
    rt_mutex_take                            0x08001187   Thumb Code   374  ipc.o(.text)
    rt_mutex_release                         0x080012fd   Thumb Code   310  ipc.o(.text)
    rt_mutex_control                         0x08001433   Thumb Code    52  ipc.o(.text)
    rt_event_init                            0x08001467   Thumb Code    46  ipc.o(.text)
    rt_event_detach                          0x08001495   Thumb Code    78  ipc.o(.text)
    rt_event_create                          0x080014e3   Thumb Code   276  ipc.o(.text)
    rt_event_delete                          0x080015f7   Thumb Code   126  ipc.o(.text)
    rt_event_send                            0x08001675   Thumb Code   234  ipc.o(.text)
    rt_event_recv                            0x0800175f   Thumb Code   402  ipc.o(.text)
    rt_event_control                         0x080018f1   Thumb Code    92  ipc.o(.text)
    rt_mb_init                               0x0800194d   Thumb Code    76  ipc.o(.text)
    rt_mb_detach                             0x08001999   Thumb Code   216  ipc.o(.text)
    rt_mb_create                             0x08001a71   Thumb Code   128  ipc.o(.text)
    rt_mb_delete                             0x08001af1   Thumb Code   140  ipc.o(.text)
    rt_mb_send_wait                          0x08001b7d   Thumb Code   400  ipc.o(.text)
    rt_mb_send                               0x08001d0d   Thumb Code    18  ipc.o(.text)
    rt_mb_recv                               0x08001d1f   Thumb Code   576  ipc.o(.text)
    rt_mb_control                            0x08001f5f   Thumb Code   104  ipc.o(.text)
    rt_mq_init                               0x08001fc7   Thumb Code   118  ipc.o(.text)
    rt_mq_detach                             0x0800203d   Thumb Code    78  ipc.o(.text)
    rt_mq_delete                             0x0800208b   Thumb Code   126  ipc.o(.text)
    rt_mq_create                             0x08002109   Thumb Code   170  ipc.o(.text)
    rt_mq_send                               0x080021b3   Thumb Code   222  ipc.o(.text)
    rt_mq_urgent                             0x08002291   Thumb Code   426  ipc.o(.text)
    rt_mq_recv                               0x0800243b   Thumb Code   458  ipc.o(.text)
    rt_mq_control                            0x08002605   Thumb Code   120  ipc.o(.text)
    rt_interrupt_enter_sethook               0x080026d5   Thumb Code     6  irq.o(.text)
    rt_interrupt_leave_sethook               0x080026db   Thumb Code     6  irq.o(.text)
    rt_interrupt_enter                       0x080026e1   Thumb Code    46  irq.o(.text)
    rt_interrupt_leave                       0x0800270f   Thumb Code    46  irq.o(.text)
    rt_interrupt_get_nest                    0x0800273d   Thumb Code    22  irq.o(.text)
    rt_get_errno                             0x08002761   Thumb Code    32  kservice.o(.text)
    rt_set_errno                             0x08002781   Thumb Code    36  kservice.o(.text)
    _rt_errno                                0x080027a5   Thumb Code    30  kservice.o(.text)
    rt_memset                                0x080027c3   Thumb Code    72  kservice.o(.text)
    rt_memcpy                                0x0800280b   Thumb Code   124  kservice.o(.text)
    rt_memmove                               0x08002887   Thumb Code    66  kservice.o(.text)
    rt_memcmp                                0x080028c9   Thumb Code    38  kservice.o(.text)
    rt_strlen                                0x080028ef   Thumb Code    18  kservice.o(.text)
    rt_strstr                                0x08002901   Thumb Code    58  kservice.o(.text)
    rt_strcasecmp                            0x0800293b   Thumb Code    48  kservice.o(.text)
    rt_strncpy                               0x0800296b   Thumb Code    52  kservice.o(.text)
    rt_strncmp                               0x0800299f   Thumb Code    40  kservice.o(.text)
    rt_strcmp                                0x080029c7   Thumb Code    28  kservice.o(.text)
    rt_strnlen                               0x080029e3   Thumb Code    24  kservice.o(.text)
    rt_strdup                                0x080029fb   Thumb Code    40  kservice.o(.text)
    strdup                                   0x080029fb   Thumb Code     0  kservice.o(.text)
    rt_hw_console_output                     0x08002a23   Thumb Code     2  kservice.o(.text)
    rt_vsnprintf                             0x08002be9   Thumb Code   800  kservice.o(.text)
    rt_kprintf                               0x08002f09   Thumb Code    96  kservice.o(.text)
    rt_show_version                          0x08002f69   Thumb Code    38  kservice.o(.text)
    rt_snprintf                              0x08002f8f   Thumb Code    38  kservice.o(.text)
    rt_vsprintf                              0x08002fb5   Thumb Code    22  kservice.o(.text)
    rt_sprintf                               0x08002fcb   Thumb Code    34  kservice.o(.text)
    rt_console_get_device                    0x08002fed   Thumb Code     6  kservice.o(.text)
    rt_console_set_device                    0x08002ff3   Thumb Code    48  kservice.o(.text)
    rt_kputs                                 0x08003023   Thumb Code    78  kservice.o(.text)
    rt_malloc_align                          0x08003071   Thumb Code    70  kservice.o(.text)
    rt_free_align                            0x080030b7   Thumb Code    16  kservice.o(.text)
    __rt_ffs                                 0x080030c7   Thumb Code    70  kservice.o(.text)
    rt_assert_set_hook                       0x0800310d   Thumb Code     6  kservice.o(.text)
    rt_assert_handler                        0x08003113   Thumb Code    56  kservice.o(.text)
    rt_malloc_sethook                        0x08003225   Thumb Code     6  mem.o(.text)
    rt_free_sethook                          0x0800322b   Thumb Code     6  mem.o(.text)
    rt_system_heap_init                      0x080032d1   Thumb Code   204  mem.o(.text)
    rt_malloc                                0x0800339d   Thumb Code   522  mem.o(.text)
    rt_free                                  0x080035a7   Thumb Code   634  mem.o(.text)
    rt_realloc                               0x08003821   Thumb Code   324  mem.o(.text)
    rt_calloc                                0x08003965   Thumb Code    34  mem.o(.text)
    rt_memory_info                           0x08003987   Thumb Code    26  mem.o(.text)
    list_mem                                 0x080039a1   Thumb Code    34  mem.o(.text)
    rt_object_attach_sethook                 0x08003afd   Thumb Code     6  object.o(.text)
    rt_object_detach_sethook                 0x08003b03   Thumb Code     6  object.o(.text)
    rt_object_trytake_sethook                0x08003b09   Thumb Code     6  object.o(.text)
    rt_object_take_sethook                   0x08003b0f   Thumb Code     6  object.o(.text)
    rt_object_put_sethook                    0x08003b15   Thumb Code     6  object.o(.text)
    rt_system_object_init                    0x08003b1b   Thumb Code     2  object.o(.text)
    rt_object_get_information                0x08003b1d   Thumb Code    36  object.o(.text)
    rt_object_init                           0x08003b41   Thumb Code    90  object.o(.text)
    rt_object_detach                         0x08003b9b   Thumb Code    62  object.o(.text)
    rt_object_allocate                       0x08003bd9   Thumb Code   158  object.o(.text)
    rt_object_delete                         0x08003c77   Thumb Code    88  object.o(.text)
    rt_object_is_systemobject                0x08003ccf   Thumb Code    34  object.o(.text)
    rt_object_get_type                       0x08003cf1   Thumb Code    26  object.o(.text)
    rt_object_find                           0x08003d0b   Thumb Code   142  object.o(.text)
    rt_scheduler_sethook                     0x08003e51   Thumb Code     6  scheduler.o(.text)
    rt_system_scheduler_init                 0x08003ecf   Thumb Code    46  scheduler.o(.text)
    rt_schedule_remove_thread                0x08003efd   Thumb Code    94  scheduler.o(.text)
    rt_system_scheduler_start                0x08003f5b   Thumb Code    36  scheduler.o(.text)
    rt_schedule_insert_thread                0x08003f7f   Thumb Code   118  scheduler.o(.text)
    rt_schedule                              0x08003ff5   Thumb Code   242  scheduler.o(.text)
    rt_enter_critical                        0x080040e7   Thumb Code    28  scheduler.o(.text)
    rt_exit_critical                         0x08004103   Thumb Code    54  scheduler.o(.text)
    rt_critical_level                        0x08004139   Thumb Code     8  scheduler.o(.text)
    rt_thread_suspend_sethook                0x080041fd   Thumb Code     6  thread.o(.text)
    rt_thread_resume_sethook                 0x08004203   Thumb Code     6  thread.o(.text)
    rt_thread_inited_sethook                 0x08004209   Thumb Code     6  thread.o(.text)
    rt_thread_self                           0x0800420f   Thumb Code     6  thread.o(.text)
    rt_thread_exit                           0x08004215   Thumb Code    78  thread.o(.text)
    rt_thread_timeout                        0x08004263   Thumb Code    92  thread.o(.text)
    rt_thread_init                           0x0800435f   Thumb Code    74  thread.o(.text)
    rt_thread_resume                         0x080043a9   Thumb Code   122  thread.o(.text)
    rt_thread_startup                        0x08004423   Thumb Code   110  thread.o(.text)
    rt_thread_detach                         0x08004491   Thumb Code   126  thread.o(.text)
    rt_thread_create                         0x0800450f   Thumb Code    80  thread.o(.text)
    rt_thread_delete                         0x0800455f   Thumb Code   116  thread.o(.text)
    rt_thread_yield                          0x080045d3   Thumb Code   366  thread.o(.text)
    rt_thread_suspend                        0x08004741   Thumb Code   160  thread.o(.text)
    rt_thread_sleep                          0x080047e1   Thumb Code   102  thread.o(.text)
    rt_thread_delay                          0x08004847   Thumb Code    12  thread.o(.text)
    rt_thread_mdelay                         0x08004853   Thumb Code    20  thread.o(.text)
    rt_thread_control                        0x08004867   Thumb Code   156  thread.o(.text)
    rt_thread_find                           0x08004903   Thumb Code    96  thread.o(.text)
    rt_timer_enter_sethook                   0x080049bf   Thumb Code     6  timer.o(.text)
    rt_timer_exit_sethook                    0x080049c5   Thumb Code     6  timer.o(.text)
    rt_timer_init                            0x08004a57   Thumb Code    58  timer.o(.text)
    rt_timer_detach                          0x08004a91   Thumb Code    82  timer.o(.text)
    rt_timer_create                          0x08004ae3   Thumb Code    54  timer.o(.text)
    rt_timer_delete                          0x08004b19   Thumb Code    88  timer.o(.text)
    rt_timer_start                           0x08004b71   Thumb Code   314  timer.o(.text)
    rt_timer_stop                            0x08004cab   Thumb Code   102  timer.o(.text)
    rt_timer_control                         0x08004d11   Thumb Code    98  timer.o(.text)
    rt_timer_check                           0x08004d73   Thumb Code   438  timer.o(.text)
    rt_timer_next_timeout_tick               0x08004f29   Thumb Code    10  timer.o(.text)
    rt_system_timer_init                     0x08004f33   Thumb Code    24  timer.o(.text)
    rt_system_timer_thread_init              0x08004f4b   Thumb Code     2  timer.o(.text)
    $Super$$main                             0x08004f6d   Thumb Code     4  main.o(.text)
    init_camera_uart                         0x08004f71   Thumb Code   140  camera.o(.text)
    set_angle                                0x08004ffd   Thumb Code    24  camera.o(.text)
    open_motor                               0x08005015   Thumb Code     8  camera.o(.text)
    close_motor                              0x0800501d   Thumb Code     8  camera.o(.text)
    close_follow                             0x08005025   Thumb Code     8  camera.o(.text)
    follow                                   0x0800502d   Thumb Code     8  camera.o(.text)
    to_mid                                   0x08005035   Thumb Code     8  camera.o(.text)
    prevent_gyro_drift                       0x0800503d   Thumb Code     8  camera.o(.text)
    set_zoom_rate                            0x08005045   Thumb Code     6  camera.o(.text)
    update_cmd                               0x0800504b   Thumb Code    24  camera.o(.text)
    get_crc16                                0x08005107   Thumb Code    62  motor.o(.text)
    init_motor_uart                          0x08005145   Thumb Code   198  motor.o(.text)
    send_motor_cmd                           0x0800520b   Thumb Code    46  motor.o(.text)
    ctrl_motor_noret                         0x08005239   Thumb Code    22  motor.o(.text)
    ctrl_motor_ret                           0x0800524f   Thumb Code   134  motor.o(.text)
    set_speed                                0x080052d5   Thumb Code    40  motor.o(.text)
    set_distance                             0x080052fd   Thumb Code    56  motor.o(.text)
    read_speed                               0x08005335   Thumb Code    50  motor.o(.text)
    read_set_pos                             0x08005367   Thumb Code    72  motor.o(.text)
    read_cur_pos                             0x080053af   Thumb Code    72  motor.o(.text)
    SysTick_Handler                          0x08005653   Thumb Code    20  board.o(.text)
    HAL_InitTick                             0x08005667   Thumb Code    34  board.o(.text)
    HAL_Delay                                0x08005689   Thumb Code    10  board.o(.text)
    HAL_SuspendTick                          0x08005693   Thumb Code     2  board.o(.text)
    HAL_ResumeTick                           0x08005695   Thumb Code     2  board.o(.text)
    HAL_MspInit                              0x08005697   Thumb Code    86  board.o(.text)
    rt_hw_board_init                         0x080056ed   Thumb Code    30  board.o(.text)
    NMI_Handler                              0x08005725   Thumb Code     2  stm32f4xx_it.o(.text)
    MemManage_Handler                        0x08005727   Thumb Code     4  stm32f4xx_it.o(.text)
    BusFault_Handler                         0x0800572b   Thumb Code     4  stm32f4xx_it.o(.text)
    UsageFault_Handler                       0x0800572f   Thumb Code     4  stm32f4xx_it.o(.text)
    SVC_Handler                              0x08005733   Thumb Code     2  stm32f4xx_it.o(.text)
    rt_hw_pin_init                           0x08005c71   Thumb Code    18  drv_gpio.o(.text)
    HAL_GPIO_EXTI_Callback                   0x08005ccf   Thumb Code    12  drv_gpio.o(.text)
    EXTI0_IRQHandler                         0x08005cdb   Thumb Code    18  drv_gpio.o(.text)
    EXTI1_IRQHandler                         0x08005ced   Thumb Code    18  drv_gpio.o(.text)
    EXTI2_IRQHandler                         0x08005cff   Thumb Code    18  drv_gpio.o(.text)
    EXTI3_IRQHandler                         0x08005d11   Thumb Code    18  drv_gpio.o(.text)
    EXTI4_IRQHandler                         0x08005d23   Thumb Code    18  drv_gpio.o(.text)
    EXTI9_5_IRQHandler                       0x08005d35   Thumb Code    46  drv_gpio.o(.text)
    EXTI15_10_IRQHandler                     0x08005d63   Thumb Code    60  drv_gpio.o(.text)
    USART1_IRQHandler                        0x08005f47   Thumb Code    50  drv_usart.o(.text)
    USART2_IRQHandler                        0x08005f79   Thumb Code    50  drv_usart.o(.text)
    USART3_IRQHandler                        0x08005fab   Thumb Code    50  drv_usart.o(.text)
    USART6_IRQHandler                        0x08005fdd   Thumb Code    50  drv_usart.o(.text)
    HAL_UART_MspInit                         0x0800600f   Thumb Code   556  drv_usart.o(.text)
    HAL_UART_MspDeInit                       0x0800623b   Thumb Code   128  drv_usart.o(.text)
    hw_usart_init                            0x080062bb   Thumb Code   174  drv_usart.o(.text)
    CAN1_TX_IRQHandler                       0x0800640b   Thumb Code   118  drv_can.o(.text)
    CAN1_RX0_IRQHandler                      0x08006481   Thumb Code    50  drv_can.o(.text)
    CAN1_RX1_IRQHandler                      0x080064b3   Thumb Code    54  drv_can.o(.text)
    CAN1_SCE_IRQHandler                      0x080064e9   Thumb Code   198  drv_can.o(.text)
    CAN2_TX_IRQHandler                       0x080065af   Thumb Code   118  drv_can.o(.text)
    CAN2_RX0_IRQHandler                      0x08006625   Thumb Code    50  drv_can.o(.text)
    CAN2_RX1_IRQHandler                      0x08006657   Thumb Code    54  drv_can.o(.text)
    CAN2_SCE_IRQHandler                      0x0800668d   Thumb Code   198  drv_can.o(.text)
    HAL_CAN_ErrorCallback                    0x08006753   Thumb Code    16  drv_can.o(.text)
    HAL_CAN_TxCpltCallback                   0x08006763   Thumb Code    24  drv_can.o(.text)
    HAL_CAN_RxCpltCallback                   0x0800677b   Thumb Code    22  drv_can.o(.text)
    HAL_CAN_MspInit                          0x08006d4b   Thumb Code   222  drv_can.o(.text)
    HAL_CAN_MspDeInit                        0x08006e29   Thumb Code   102  drv_can.o(.text)
    hw_can_init                              0x08006e8f   Thumb Code   132  drv_can.o(.text)
    SystemInit                               0x08006f65   Thumb Code    82  system_stm32f4xx.o(.text)
    SystemCoreClockUpdate                    0x08006fb7   Thumb Code   174  system_stm32f4xx.o(.text)
    Reset_Handler                            0x08007085   Thumb Code     8  startup_stm32f407xx.o(.text)
    DebugMon_Handler                         0x08007099   Thumb Code     2  startup_stm32f407xx.o(.text)
    ADC_IRQHandler                           0x0800709f   Thumb Code     0  startup_stm32f407xx.o(.text)
    DCMI_IRQHandler                          0x0800709f   Thumb Code     0  startup_stm32f407xx.o(.text)
    DMA1_Stream0_IRQHandler                  0x0800709f   Thumb Code     0  startup_stm32f407xx.o(.text)
    DMA1_Stream1_IRQHandler                  0x0800709f   Thumb Code     0  startup_stm32f407xx.o(.text)
    DMA1_Stream2_IRQHandler                  0x0800709f   Thumb Code     0  startup_stm32f407xx.o(.text)
    DMA1_Stream3_IRQHandler                  0x0800709f   Thumb Code     0  startup_stm32f407xx.o(.text)
    DMA1_Stream4_IRQHandler                  0x0800709f   Thumb Code     0  startup_stm32f407xx.o(.text)
    DMA1_Stream5_IRQHandler                  0x0800709f   Thumb Code     0  startup_stm32f407xx.o(.text)
    DMA1_Stream6_IRQHandler                  0x0800709f   Thumb Code     0  startup_stm32f407xx.o(.text)
    DMA1_Stream7_IRQHandler                  0x0800709f   Thumb Code     0  startup_stm32f407xx.o(.text)
    DMA2_Stream0_IRQHandler                  0x0800709f   Thumb Code     0  startup_stm32f407xx.o(.text)
    DMA2_Stream1_IRQHandler                  0x0800709f   Thumb Code     0  startup_stm32f407xx.o(.text)
    DMA2_Stream2_IRQHandler                  0x0800709f   Thumb Code     0  startup_stm32f407xx.o(.text)
    DMA2_Stream3_IRQHandler                  0x0800709f   Thumb Code     0  startup_stm32f407xx.o(.text)
    DMA2_Stream4_IRQHandler                  0x0800709f   Thumb Code     0  startup_stm32f407xx.o(.text)
    DMA2_Stream5_IRQHandler                  0x0800709f   Thumb Code     0  startup_stm32f407xx.o(.text)
    DMA2_Stream6_IRQHandler                  0x0800709f   Thumb Code     0  startup_stm32f407xx.o(.text)
    DMA2_Stream7_IRQHandler                  0x0800709f   Thumb Code     0  startup_stm32f407xx.o(.text)
    ETH_IRQHandler                           0x0800709f   Thumb Code     0  startup_stm32f407xx.o(.text)
    ETH_WKUP_IRQHandler                      0x0800709f   Thumb Code     0  startup_stm32f407xx.o(.text)
    FLASH_IRQHandler                         0x0800709f   Thumb Code     0  startup_stm32f407xx.o(.text)
    FMC_IRQHandler                           0x0800709f   Thumb Code     0  startup_stm32f407xx.o(.text)
    FPU_IRQHandler                           0x0800709f   Thumb Code     0  startup_stm32f407xx.o(.text)
    HASH_RNG_IRQHandler                      0x0800709f   Thumb Code     0  startup_stm32f407xx.o(.text)
    I2C1_ER_IRQHandler                       0x0800709f   Thumb Code     0  startup_stm32f407xx.o(.text)
    I2C1_EV_IRQHandler                       0x0800709f   Thumb Code     0  startup_stm32f407xx.o(.text)
    I2C2_ER_IRQHandler                       0x0800709f   Thumb Code     0  startup_stm32f407xx.o(.text)
    I2C2_EV_IRQHandler                       0x0800709f   Thumb Code     0  startup_stm32f407xx.o(.text)
    I2C3_ER_IRQHandler                       0x0800709f   Thumb Code     0  startup_stm32f407xx.o(.text)
    I2C3_EV_IRQHandler                       0x0800709f   Thumb Code     0  startup_stm32f407xx.o(.text)
    OTG_FS_IRQHandler                        0x0800709f   Thumb Code     0  startup_stm32f407xx.o(.text)
    OTG_FS_WKUP_IRQHandler                   0x0800709f   Thumb Code     0  startup_stm32f407xx.o(.text)
    OTG_HS_EP1_IN_IRQHandler                 0x0800709f   Thumb Code     0  startup_stm32f407xx.o(.text)
    OTG_HS_EP1_OUT_IRQHandler                0x0800709f   Thumb Code     0  startup_stm32f407xx.o(.text)
    OTG_HS_IRQHandler                        0x0800709f   Thumb Code     0  startup_stm32f407xx.o(.text)
    OTG_HS_WKUP_IRQHandler                   0x0800709f   Thumb Code     0  startup_stm32f407xx.o(.text)
    PVD_IRQHandler                           0x0800709f   Thumb Code     0  startup_stm32f407xx.o(.text)
    RCC_IRQHandler                           0x0800709f   Thumb Code     0  startup_stm32f407xx.o(.text)
    RTC_Alarm_IRQHandler                     0x0800709f   Thumb Code     0  startup_stm32f407xx.o(.text)
    RTC_WKUP_IRQHandler                      0x0800709f   Thumb Code     0  startup_stm32f407xx.o(.text)
    SDIO_IRQHandler                          0x0800709f   Thumb Code     0  startup_stm32f407xx.o(.text)
    SPI1_IRQHandler                          0x0800709f   Thumb Code     0  startup_stm32f407xx.o(.text)
    SPI2_IRQHandler                          0x0800709f   Thumb Code     0  startup_stm32f407xx.o(.text)
    SPI3_IRQHandler                          0x0800709f   Thumb Code     0  startup_stm32f407xx.o(.text)
    TAMP_STAMP_IRQHandler                    0x0800709f   Thumb Code     0  startup_stm32f407xx.o(.text)
    TIM1_BRK_TIM9_IRQHandler                 0x0800709f   Thumb Code     0  startup_stm32f407xx.o(.text)
    TIM1_CC_IRQHandler                       0x0800709f   Thumb Code     0  startup_stm32f407xx.o(.text)
    TIM1_TRG_COM_TIM11_IRQHandler            0x0800709f   Thumb Code     0  startup_stm32f407xx.o(.text)
    TIM1_UP_TIM10_IRQHandler                 0x0800709f   Thumb Code     0  startup_stm32f407xx.o(.text)
    TIM2_IRQHandler                          0x0800709f   Thumb Code     0  startup_stm32f407xx.o(.text)
    TIM3_IRQHandler                          0x0800709f   Thumb Code     0  startup_stm32f407xx.o(.text)
    TIM4_IRQHandler                          0x0800709f   Thumb Code     0  startup_stm32f407xx.o(.text)
    TIM5_IRQHandler                          0x0800709f   Thumb Code     0  startup_stm32f407xx.o(.text)
    TIM6_DAC_IRQHandler                      0x0800709f   Thumb Code     0  startup_stm32f407xx.o(.text)
    TIM7_IRQHandler                          0x0800709f   Thumb Code     0  startup_stm32f407xx.o(.text)
    TIM8_BRK_TIM12_IRQHandler                0x0800709f   Thumb Code     0  startup_stm32f407xx.o(.text)
    TIM8_CC_IRQHandler                       0x0800709f   Thumb Code     0  startup_stm32f407xx.o(.text)
    TIM8_TRG_COM_TIM14_IRQHandler            0x0800709f   Thumb Code     0  startup_stm32f407xx.o(.text)
    TIM8_UP_TIM13_IRQHandler                 0x0800709f   Thumb Code     0  startup_stm32f407xx.o(.text)
    UART4_IRQHandler                         0x0800709f   Thumb Code     0  startup_stm32f407xx.o(.text)
    UART5_IRQHandler                         0x0800709f   Thumb Code     0  startup_stm32f407xx.o(.text)
    WWDG_IRQHandler                          0x0800709f   Thumb Code     0  startup_stm32f407xx.o(.text)
    __user_initial_stackheap                 0x080070a1   Thumb Code     0  startup_stm32f407xx.o(.text)
    HAL_Init                                 0x080070eb   Thumb Code    54  stm32f4xx_hal.o(.text)
    HAL_MspDeInit                            0x08007121   Thumb Code     2  stm32f4xx_hal.o(.text)
    HAL_DeInit                               0x08007123   Thumb Code    64  stm32f4xx_hal.o(.text)
    HAL_IncTick                              0x08007163   Thumb Code    12  stm32f4xx_hal.o(.text)
    HAL_GetTick                              0x0800716f   Thumb Code     6  stm32f4xx_hal.o(.text)
    HAL_GetHalVersion                        0x080071b7   Thumb Code     4  stm32f4xx_hal.o(.text)
    HAL_GetREVID                             0x080071bb   Thumb Code     8  stm32f4xx_hal.o(.text)
    HAL_GetDEVID                             0x080071c3   Thumb Code    10  stm32f4xx_hal.o(.text)
    HAL_DBGMCU_EnableDBGSleepMode            0x080071cd   Thumb Code    14  stm32f4xx_hal.o(.text)
    HAL_DBGMCU_DisableDBGSleepMode           0x080071db   Thumb Code    14  stm32f4xx_hal.o(.text)
    HAL_DBGMCU_EnableDBGStopMode             0x080071e9   Thumb Code    14  stm32f4xx_hal.o(.text)
    HAL_DBGMCU_DisableDBGStopMode            0x080071f7   Thumb Code    14  stm32f4xx_hal.o(.text)
    HAL_DBGMCU_EnableDBGStandbyMode          0x08007205   Thumb Code    14  stm32f4xx_hal.o(.text)
    HAL_DBGMCU_DisableDBGStandbyMode         0x08007213   Thumb Code    14  stm32f4xx_hal.o(.text)
    HAL_EnableCompensationCell               0x08007221   Thumb Code     8  stm32f4xx_hal.o(.text)
    HAL_DisableCompensationCell              0x08007229   Thumb Code     8  stm32f4xx_hal.o(.text)
    HAL_GetUID                               0x08007231   Thumb Code    24  stm32f4xx_hal.o(.text)
    HAL_CAN_Init                             0x0800726b   Thumb Code   444  stm32f4xx_hal_can.o(.text)
    HAL_CAN_ConfigFilter                     0x08007427   Thumb Code   260  stm32f4xx_hal_can.o(.text)
    HAL_CAN_DeInit                           0x0800752d   Thumb Code    40  stm32f4xx_hal_can.o(.text)
    HAL_CAN_Transmit                         0x08007555   Thumb Code   684  stm32f4xx_hal_can.o(.text)
    HAL_CAN_Transmit_IT                      0x08007801   Thumb Code   520  stm32f4xx_hal_can.o(.text)
    HAL_CAN_Receive                          0x08007a09   Thumb Code   686  stm32f4xx_hal_can.o(.text)
    HAL_CAN_Receive_IT                       0x08007cb7   Thumb Code   268  stm32f4xx_hal_can.o(.text)
    HAL_CAN_Sleep                            0x08007dc3   Thumb Code   146  stm32f4xx_hal_can.o(.text)
    HAL_CAN_WakeUp                           0x08007e55   Thumb Code   142  stm32f4xx_hal_can.o(.text)
    HAL_CAN_IRQHandler                       0x0800810d   Thumb Code   580  stm32f4xx_hal_can.o(.text)
    HAL_CAN_GetState                         0x08008351   Thumb Code     8  stm32f4xx_hal_can.o(.text)
    HAL_CAN_GetError                         0x08008359   Thumb Code     6  stm32f4xx_hal_can.o(.text)
    HAL_NVIC_SetPriorityGrouping             0x08008391   Thumb Code    36  stm32f4xx_hal_cortex.o(.text)
    HAL_NVIC_SetPriority                     0x080083b5   Thumb Code   124  stm32f4xx_hal_cortex.o(.text)
    HAL_NVIC_EnableIRQ                       0x08008431   Thumb Code    26  stm32f4xx_hal_cortex.o(.text)
    HAL_NVIC_DisableIRQ                      0x0800844b   Thumb Code    22  stm32f4xx_hal_cortex.o(.text)
    HAL_NVIC_SystemReset                     0x08008461   Thumb Code    64  stm32f4xx_hal_cortex.o(.text)
    HAL_SYSTICK_Config                       0x080084a1   Thumb Code    52  stm32f4xx_hal_cortex.o(.text)
    HAL_MPU_Disable                          0x080084d5   Thumb Code    42  stm32f4xx_hal_cortex.o(.text)
    HAL_MPU_Enable                           0x080084ff   Thumb Code    60  stm32f4xx_hal_cortex.o(.text)
    HAL_MPU_ConfigRegion                     0x0800853b   Thumb Code    90  stm32f4xx_hal_cortex.o(.text)
    HAL_NVIC_GetPriorityGrouping             0x08008595   Thumb Code     8  stm32f4xx_hal_cortex.o(.text)
    HAL_NVIC_GetPriority                     0x0800859d   Thumb Code   138  stm32f4xx_hal_cortex.o(.text)
    HAL_NVIC_SetPendingIRQ                   0x08008627   Thumb Code    24  stm32f4xx_hal_cortex.o(.text)
    HAL_NVIC_GetPendingIRQ                   0x0800863f   Thumb Code    38  stm32f4xx_hal_cortex.o(.text)
    HAL_NVIC_ClearPendingIRQ                 0x08008665   Thumb Code    22  stm32f4xx_hal_cortex.o(.text)
    HAL_NVIC_GetActive                       0x0800867b   Thumb Code    38  stm32f4xx_hal_cortex.o(.text)
    HAL_SYSTICK_CLKSourceConfig              0x080086a1   Thumb Code    40  stm32f4xx_hal_cortex.o(.text)
    HAL_SYSTICK_Callback                     0x080086c9   Thumb Code     2  stm32f4xx_hal_cortex.o(.text)
    HAL_SYSTICK_IRQHandler                   0x080086cb   Thumb Code     8  stm32f4xx_hal_cortex.o(.text)
    HAL_DMA_Init                             0x080087cd   Thumb Code   232  stm32f4xx_hal_dma.o(.text)
    HAL_DMA_DeInit                           0x080088b5   Thumb Code    98  stm32f4xx_hal_dma.o(.text)
    HAL_DMA_Start                            0x08008943   Thumb Code   102  stm32f4xx_hal_dma.o(.text)
    HAL_DMA_Start_IT                         0x080089a9   Thumb Code   158  stm32f4xx_hal_dma.o(.text)
    HAL_DMA_Abort                            0x08008a47   Thumb Code   178  stm32f4xx_hal_dma.o(.text)
    HAL_DMA_Abort_IT                         0x08008af9   Thumb Code    40  stm32f4xx_hal_dma.o(.text)
    HAL_DMA_PollForTransfer                  0x08008b21   Thumb Code   346  stm32f4xx_hal_dma.o(.text)
    HAL_DMA_IRQHandler                       0x08008c7b   Thumb Code   570  stm32f4xx_hal_dma.o(.text)
    HAL_DMA_RegisterCallback                 0x08008eb5   Thumb Code    94  stm32f4xx_hal_dma.o(.text)
    HAL_DMA_UnRegisterCallback               0x08008f13   Thumb Code   124  stm32f4xx_hal_dma.o(.text)
    HAL_DMA_GetState                         0x08008f8f   Thumb Code     8  stm32f4xx_hal_dma.o(.text)
    HAL_DMA_GetError                         0x08008f97   Thumb Code     6  stm32f4xx_hal_dma.o(.text)
    HAL_GPIO_Init                            0x08008fa1   Thumb Code   466  stm32f4xx_hal_gpio.o(.text)
    HAL_GPIO_DeInit                          0x08009173   Thumb Code   316  stm32f4xx_hal_gpio.o(.text)
    HAL_GPIO_ReadPin                         0x080092af   Thumb Code    16  stm32f4xx_hal_gpio.o(.text)
    HAL_GPIO_WritePin                        0x080092bf   Thumb Code    12  stm32f4xx_hal_gpio.o(.text)
    HAL_GPIO_TogglePin                       0x080092cb   Thumb Code     8  stm32f4xx_hal_gpio.o(.text)
    HAL_GPIO_LockPin                         0x080092d3   Thumb Code    46  stm32f4xx_hal_gpio.o(.text)
    HAL_GPIO_EXTI_IRQHandler                 0x08009303   Thumb Code    28  stm32f4xx_hal_gpio.o(.text)
    HAL_RCC_OscConfig                        0x08009351   Thumb Code  1040  stm32f4xx_hal_rcc.o(.text)
    HAL_RCC_GetSysClockFreq                  0x08009761   Thumb Code   162  stm32f4xx_hal_rcc.o(.text)
    HAL_RCC_ClockConfig                      0x08009803   Thumb Code   366  stm32f4xx_hal_rcc.o(.text)
    HAL_RCC_MCOConfig                        0x08009971   Thumb Code   178  stm32f4xx_hal_rcc.o(.text)
    HAL_RCC_EnableCSS                        0x08009a23   Thumb Code     8  stm32f4xx_hal_rcc.o(.text)
    HAL_RCC_DisableCSS                       0x08009a2b   Thumb Code     8  stm32f4xx_hal_rcc.o(.text)
    HAL_RCC_GetHCLKFreq                      0x08009a33   Thumb Code     6  stm32f4xx_hal_rcc.o(.text)
    HAL_RCC_GetPCLK1Freq                     0x08009a39   Thumb Code    22  stm32f4xx_hal_rcc.o(.text)
    HAL_RCC_GetPCLK2Freq                     0x08009a4f   Thumb Code    22  stm32f4xx_hal_rcc.o(.text)
    HAL_RCC_GetOscConfig                     0x08009a65   Thumb Code   288  stm32f4xx_hal_rcc.o(.text)
    HAL_RCC_GetClockConfig                   0x08009b85   Thumb Code    58  stm32f4xx_hal_rcc.o(.text)
    HAL_RCC_CSSCallback                      0x08009bbf   Thumb Code     2  stm32f4xx_hal_rcc.o(.text)
    HAL_RCC_NMI_IRQHandler                   0x08009bc1   Thumb Code    30  stm32f4xx_hal_rcc.o(.text)
    HAL_UART_Init                            0x08009f4b   Thumb Code   114  stm32f4xx_hal_uart.o(.text)
    HAL_HalfDuplex_Init                      0x08009fbd   Thumb Code   128  stm32f4xx_hal_uart.o(.text)
    HAL_LIN_Init                             0x0800a03d   Thumb Code   142  stm32f4xx_hal_uart.o(.text)
    HAL_MultiProcessor_Init                  0x0800a0cb   Thumb Code   154  stm32f4xx_hal_uart.o(.text)
    HAL_UART_DeInit                          0x0800a167   Thumb Code    46  stm32f4xx_hal_uart.o(.text)
    HAL_UART_Transmit                        0x0800a201   Thumb Code   214  stm32f4xx_hal_uart.o(.text)
    HAL_UART_Receive                         0x0800a2d7   Thumb Code   222  stm32f4xx_hal_uart.o(.text)
    HAL_UART_Transmit_IT                     0x0800a3b5   Thumb Code    88  stm32f4xx_hal_uart.o(.text)
    HAL_UART_Receive_IT                      0x0800a40d   Thumb Code   100  stm32f4xx_hal_uart.o(.text)
    HAL_UART_ErrorCallback                   0x0800a471   Thumb Code     2  stm32f4xx_hal_uart.o(.text)
    HAL_UART_TxHalfCpltCallback              0x0800a4f7   Thumb Code     2  stm32f4xx_hal_uart.o(.text)
    HAL_UART_TxCpltCallback                  0x0800a507   Thumb Code     2  stm32f4xx_hal_uart.o(.text)
    HAL_UART_Transmit_DMA                    0x0800a53f   Thumb Code   142  stm32f4xx_hal_uart.o(.text)
    HAL_UART_RxHalfCpltCallback              0x0800a5cd   Thumb Code     2  stm32f4xx_hal_uart.o(.text)
    HAL_UART_RxCpltCallback                  0x0800a5dd   Thumb Code     2  stm32f4xx_hal_uart.o(.text)
    HAL_UART_Receive_DMA                     0x0800a625   Thumb Code   182  stm32f4xx_hal_uart.o(.text)
    HAL_UART_DMAPause                        0x0800a6db   Thumb Code   124  stm32f4xx_hal_uart.o(.text)
    HAL_UART_DMAResume                       0x0800a757   Thumb Code   126  stm32f4xx_hal_uart.o(.text)
    HAL_UART_DMAStop                         0x0800a7d5   Thumb Code   102  stm32f4xx_hal_uart.o(.text)
    HAL_UART_Abort                           0x0800a83b   Thumb Code   126  stm32f4xx_hal_uart.o(.text)
    HAL_UART_AbortTransmit                   0x0800a8b9   Thumb Code    68  stm32f4xx_hal_uart.o(.text)
    HAL_UART_AbortReceive                    0x0800a8fd   Thumb Code    80  stm32f4xx_hal_uart.o(.text)
    HAL_UART_AbortCpltCallback               0x0800a94d   Thumb Code     2  stm32f4xx_hal_uart.o(.text)
    HAL_UART_Abort_IT                        0x0800a9cd   Thumb Code   208  stm32f4xx_hal_uart.o(.text)
    HAL_UART_AbortTransmitCpltCallback       0x0800aa9d   Thumb Code     2  stm32f4xx_hal_uart.o(.text)
    HAL_UART_AbortTransmit_IT                0x0800aab7   Thumb Code   102  stm32f4xx_hal_uart.o(.text)
    HAL_UART_AbortReceiveCpltCallback        0x0800ab1d   Thumb Code     2  stm32f4xx_hal_uart.o(.text)
    HAL_UART_AbortReceive_IT                 0x0800ab37   Thumb Code   114  stm32f4xx_hal_uart.o(.text)
    HAL_UART_IRQHandler                      0x0800acdf   Thumb Code   348  stm32f4xx_hal_uart.o(.text)
    HAL_LIN_SendBreak                        0x0800ae3b   Thumb Code    62  stm32f4xx_hal_uart.o(.text)
    HAL_MultiProcessor_EnterMuteMode         0x0800ae79   Thumb Code    62  stm32f4xx_hal_uart.o(.text)
    HAL_MultiProcessor_ExitMuteMode          0x0800aeb7   Thumb Code    62  stm32f4xx_hal_uart.o(.text)
    HAL_HalfDuplex_EnableTransmitter         0x0800aef5   Thumb Code    68  stm32f4xx_hal_uart.o(.text)
    HAL_HalfDuplex_EnableReceiver            0x0800af39   Thumb Code    68  stm32f4xx_hal_uart.o(.text)
    HAL_UART_GetState                        0x0800af7d   Thumb Code    20  stm32f4xx_hal_uart.o(.text)
    HAL_UART_GetError                        0x0800af91   Thumb Code     6  stm32f4xx_hal_uart.o(.text)
    rt_hw_stack_init                         0x0800af99   Thumb Code    74  cpuport.o(.text)
    rt_hw_exception_install                  0x0800afe3   Thumb Code     6  cpuport.o(.text)
    rt_hw_hard_fault_exception               0x0800b1c7   Thumb Code   220  cpuport.o(.text)
    rt_hw_cpu_shutdown                       0x0800b2a3   Thumb Code    22  cpuport.o(.text)
    rt_hw_cpu_reset                          0x0800b2b9   Thumb Code    10  cpuport.o(.text)
    rt_hw_interrupt_disable                  0x0800b5a5   Thumb Code     8  context_rvds.o(.text)
    rt_hw_interrupt_enable                   0x0800b5ad   Thumb Code     6  context_rvds.o(.text)
    rt_hw_context_switch                     0x0800b5b3   Thumb Code    32  context_rvds.o(.text)
    rt_hw_context_switch_interrupt           0x0800b5b3   Thumb Code     0  context_rvds.o(.text)
    PendSV_Handler                           0x0800b5d3   Thumb Code   108  context_rvds.o(.text)
    rt_hw_context_switch_to                  0x0800b63f   Thumb Code    70  context_rvds.o(.text)
    rt_hw_interrupt_thread_switch            0x0800b685   Thumb Code     2  context_rvds.o(.text)
    HardFault_Handler                        0x0800b687   Thumb Code    56  context_rvds.o(.text)
    rt_hw_can_register                       0x0800c243   Thumb Code   154  can.o(.text)
    rt_hw_can_isr                            0x0800c2dd   Thumb Code   690  can.o(.text)
    cmd_canstat                              0x0800c58f   Thumb Code   516  can.o(.text)
    rt_device_pin_register                   0x0800c875   Thumb Code    56  pin.o(.text)
    rt_pin_attach_irq                        0x0800c8ad   Thumb Code    60  pin.o(.text)
    rt_pin_detach_irq                        0x0800c8e9   Thumb Code    46  pin.o(.text)
    rt_pin_irq_enable                        0x0800c917   Thumb Code    50  pin.o(.text)
    rt_pin_mode                              0x0800c949   Thumb Code    38  pin.o(.text)
    rt_pin_write                             0x0800c96f   Thumb Code    38  pin.o(.text)
    rt_pin_read                              0x0800c995   Thumb Code    34  pin.o(.text)
    rt_hw_serial_register                    0x0800d2c9   Thumb Code   172  serial.o(.text)
    rt_hw_serial_isr                         0x0800d375   Thumb Code   394  serial.o(.text)
    rt_completion_init                       0x0800d69d   Thumb Code    42  completion.o(.text)
    rt_completion_wait                       0x0800d6c7   Thumb Code   198  completion.o(.text)
    rt_completion_done                       0x0800d78d   Thumb Code    76  completion.o(.text)
    rt_data_queue_init                       0x0800d877   Thumb Code    76  dataqueue.o(.text)
    rt_data_queue_push                       0x0800d8c3   Thumb Code   282  dataqueue.o(.text)
    rt_data_queue_pop                        0x0800d9dd   Thumb Code   342  dataqueue.o(.text)
    rt_data_queue_peak                       0x0800db33   Thumb Code   102  dataqueue.o(.text)
    rt_data_queue_reset                      0x0800db99   Thumb Code   106  dataqueue.o(.text)
    finsh_set_prompt                         0x0800dc8d   Thumb Code    64  shell.o(.text)
    finsh_get_prompt                         0x0800dccd   Thumb Code    84  shell.o(.text)
    finsh_get_prompt_mode                    0x0800dd21   Thumb Code    32  shell.o(.text)
    finsh_set_prompt_mode                    0x0800dd41   Thumb Code    42  shell.o(.text)
    finsh_set_device                         0x0800ddc9   Thumb Code   156  shell.o(.text)
    finsh_get_device                         0x0800de65   Thumb Code    28  shell.o(.text)
    finsh_set_echo                           0x0800de81   Thumb Code    42  shell.o(.text)
    finsh_get_echo                           0x0800deab   Thumb Code    32  shell.o(.text)
    finsh_thread_entry                       0x0800dfed   Thumb Code  1414  shell.o(.text)
    finsh_system_function_init               0x0800e573   Thumb Code    10  shell.o(.text)
    finsh_system_var_init                    0x0800e57d   Thumb Code    10  shell.o(.text)
    finsh_system_init                        0x0800e587   Thumb Code   102  shell.o(.text)
    hello                                    0x0800e645   Thumb Code    12  cmd.o(.text)
    version                                  0x0800e651   Thumb Code    10  cmd.o(.text)
    list_thread                              0x0800e70d   Thumb Code   294  cmd.o(.text)
    list_sem                                 0x0800e85b   Thumb Code   216  cmd.o(.text)
    list_event                               0x0800e933   Thumb Code   204  cmd.o(.text)
    list_mutex                               0x0800e9ff   Thumb Code   610  cmd.o(.text)
    list_mailbox                             0x0800ec61   Thumb Code   226  cmd.o(.text)
    list_msgqueue                            0x0800ed43   Thumb Code   216  cmd.o(.text)
    list_memheap                             0x0800ee1b   Thumb Code   158  cmd.o(.text)
    list_mempool                             0x0800eeb9   Thumb Code   210  cmd.o(.text)
    list_timer                               0x0800ef8b   Thumb Code   862  cmd.o(.text)
    list_device                              0x0800f2e9   Thumb Code   172  cmd.o(.text)
    list                                     0x0800f395   Thumb Code    54  cmd.o(.text)
    msh_is_used                              0x0800f4dd   Thumb Code     4  msh.o(.text)
    msh_help                                 0x0800f4e1   Thumb Code    66  msh.o(.text)
    msh_exec                                 0x0800f6c1   Thumb Code    82  msh.o(.text)
    msh_auto_complete                        0x0800f733   Thumb Code   138  msh.o(.text)
    cmd_ps                                   0x0800f845   Thumb Code    14  msh_cmd.o(.text)
    cmd_time                                 0x0800f853   Thumb Code     6  msh_cmd.o(.text)
    cmd_free                                 0x0800f859   Thumb Code    14  msh_cmd.o(.text)
    __aeabi_uldivmod                         0x0800f867   Thumb Code     0  lludivv7m.o(.text)
    _ll_udiv                                 0x0800f867   Thumb Code   238  lludivv7m.o(.text)
    memcmp                                   0x0800f955   Thumb Code    88  memcmp.o(.text)
    strcpy                                   0x0800f9ad   Thumb Code    72  strcpy.o(.text)
    strlen                                   0x0800f9f5   Thumb Code    62  strlen.o(.text)
    strncmp                                  0x0800fa33   Thumb Code   150  strncmp.o(.text)
    strcat                                   0x0800fac9   Thumb Code    24  strcat.o(.text)
    __aeabi_memcpy                           0x0800fae1   Thumb Code     0  rt_memcpy_v6.o(.text)
    __rt_memcpy                              0x0800fae1   Thumb Code   138  rt_memcpy_v6.o(.text)
    _memcpy_lastbytes                        0x0800fb47   Thumb Code     0  rt_memcpy_v6.o(.text)
    __aeabi_memcpy4                          0x0800fb6b   Thumb Code     0  rt_memcpy_w.o(.text)
    __aeabi_memcpy8                          0x0800fb6b   Thumb Code     0  rt_memcpy_w.o(.text)
    __rt_memcpy_w                            0x0800fb6b   Thumb Code   100  rt_memcpy_w.o(.text)
    _memcpy_lastbytes_aligned                0x0800fbb3   Thumb Code     0  rt_memcpy_w.o(.text)
    __aeabi_memclr                           0x0800fbcf   Thumb Code     0  rt_memclr.o(.text)
    __rt_memclr                              0x0800fbcf   Thumb Code    68  rt_memclr.o(.text)
    _memset                                  0x0800fbd3   Thumb Code     0  rt_memclr.o(.text)
    __aeabi_memclr4                          0x0800fc13   Thumb Code     0  rt_memclr_w.o(.text)
    __aeabi_memclr8                          0x0800fc13   Thumb Code     0  rt_memclr_w.o(.text)
    __rt_memclr_w                            0x0800fc13   Thumb Code    78  rt_memclr_w.o(.text)
    _memset_w                                0x0800fc17   Thumb Code     0  rt_memclr_w.o(.text)
    strncpy                                  0x0800fc61   Thumb Code    86  strncpy.o(.text)
    __use_two_region_memory                  0x0800fcb7   Thumb Code     2  heapauxi.o(.text)
    __rt_heap_escrow$2region                 0x0800fcb9   Thumb Code     2  heapauxi.o(.text)
    __rt_heap_expand$2region                 0x0800fcbb   Thumb Code     2  heapauxi.o(.text)
    __user_setup_stackheap                   0x0800fcbd   Thumb Code    74  sys_stackheap_outer.o(.text)
    exit                                     0x0800fd07   Thumb Code    18  exit.o(.text)
    __user_libspace                          0x0800fd19   Thumb Code     8  libspace.o(.text)
    __user_perproc_libspace                  0x0800fd19   Thumb Code     0  libspace.o(.text)
    __user_perthread_libspace                0x0800fd19   Thumb Code     0  libspace.o(.text)
    _sys_exit                                0x0800fd21   Thumb Code     8  sys_exit.o(.text)
    __I$use$semihosting                      0x0800fd2d   Thumb Code     0  use_no_semi.o(.text)
    __use_no_semihosting_swi                 0x0800fd2d   Thumb Code     2  use_no_semi.o(.text)
    __semihosting_library_function           0x0800fd2f   Thumb Code     0  indicate_semi.o(.text)
    _fp_init                                 0x0800fd2f   Thumb Code    10  fpinit.o(x$fpl$fpinit)
    __fplib_config_fpu_vfp                   0x0800fd37   Thumb Code     0  fpinit.o(x$fpl$fpinit)
    __fplib_config_pureend_doubles           0x0800fd37   Thumb Code     0  fpinit.o(x$fpl$fpinit)
    __lowest_bit_bitmap                      0x08010022   Data         256  kservice.o(.constdata)
    AHBPrescTable                            0x080105e8   Data          16  system_stm32f4xx.o(.constdata)
    APBPrescTable                            0x080105f8   Data           8  system_stm32f4xx.o(.constdata)
    __fsym_list_mem_name                     0x08010f85   Data           9  mem.o(.rodata.name)
    __fsym_list_mem_desc                     0x08010f8e   Data          30  mem.o(.rodata.name)
    __fsym___cmd_canstat_name                0x08010fac   Data          14  can.o(.rodata.name)
    __fsym___cmd_canstat_desc                0x08010fba   Data          24  can.o(.rodata.name)
    __fsym_pinMode_name                      0x08010fd2   Data           8  pin.o(.rodata.name)
    __fsym_pinMode_desc                      0x08010fda   Data          22  pin.o(.rodata.name)
    __fsym_pinWrite_name                     0x08010ff0   Data           9  pin.o(.rodata.name)
    __fsym_pinWrite_desc                     0x08010ff9   Data          28  pin.o(.rodata.name)
    __fsym_pinRead_name                      0x08011015   Data           8  pin.o(.rodata.name)
    __fsym_pinRead_desc                      0x0801101d   Data          30  pin.o(.rodata.name)
    __fsym_hello_name                        0x0801103b   Data           6  cmd.o(.rodata.name)
    __fsym_hello_desc                        0x08011041   Data          16  cmd.o(.rodata.name)
    __fsym_version_name                      0x08011051   Data           8  cmd.o(.rodata.name)
    __fsym_version_desc                      0x08011059   Data          35  cmd.o(.rodata.name)
    __fsym___cmd_version_name                0x0801107c   Data          14  cmd.o(.rodata.name)
    __fsym___cmd_version_desc                0x0801108a   Data          35  cmd.o(.rodata.name)
    __fsym_list_thread_name                  0x080110ad   Data          12  cmd.o(.rodata.name)
    __fsym_list_thread_desc                  0x080110b9   Data          12  cmd.o(.rodata.name)
    __fsym___cmd_list_thread_name            0x080110c5   Data          18  cmd.o(.rodata.name)
    __fsym___cmd_list_thread_desc            0x080110d7   Data          12  cmd.o(.rodata.name)
    __fsym_list_sem_name                     0x080110e3   Data           9  cmd.o(.rodata.name)
    __fsym_list_sem_desc                     0x080110ec   Data          25  cmd.o(.rodata.name)
    __fsym___cmd_list_sem_name               0x08011105   Data          15  cmd.o(.rodata.name)
    __fsym___cmd_list_sem_desc               0x08011114   Data          25  cmd.o(.rodata.name)
    __fsym_list_event_name                   0x0801112d   Data          11  cmd.o(.rodata.name)
    __fsym_list_event_desc                   0x08011138   Data          21  cmd.o(.rodata.name)
    __fsym___cmd_list_event_name             0x0801114d   Data          17  cmd.o(.rodata.name)
    __fsym___cmd_list_event_desc             0x0801115e   Data          21  cmd.o(.rodata.name)
    __fsym_list_mutex_name                   0x08011173   Data          11  cmd.o(.rodata.name)
    __fsym_list_mutex_desc                   0x0801117e   Data          21  cmd.o(.rodata.name)
    __fsym___cmd_list_mutex_name             0x08011193   Data          17  cmd.o(.rodata.name)
    __fsym___cmd_list_mutex_desc             0x080111a4   Data          21  cmd.o(.rodata.name)
    __fsym_list_mailbox_name                 0x080111b9   Data          13  cmd.o(.rodata.name)
    __fsym_list_mailbox_desc                 0x080111c6   Data          24  cmd.o(.rodata.name)
    __fsym___cmd_list_mailbox_name           0x080111de   Data          19  cmd.o(.rodata.name)
    __fsym___cmd_list_mailbox_desc           0x080111f1   Data          24  cmd.o(.rodata.name)
    __fsym_list_msgqueue_name                0x08011209   Data          14  cmd.o(.rodata.name)
    __fsym_list_msgqueue_desc                0x08011217   Data          29  cmd.o(.rodata.name)
    __fsym___cmd_list_msgqueue_name          0x08011234   Data          20  cmd.o(.rodata.name)
    __fsym___cmd_list_msgqueue_desc          0x08011248   Data          29  cmd.o(.rodata.name)
    __fsym_list_memheap_name                 0x08011265   Data          13  cmd.o(.rodata.name)
    __fsym_list_memheap_desc                 0x08011272   Data          27  cmd.o(.rodata.name)
    __fsym___cmd_list_memheap_name           0x0801128d   Data          19  cmd.o(.rodata.name)
    __fsym___cmd_list_memheap_desc           0x080112a0   Data          27  cmd.o(.rodata.name)
    __fsym_list_mempool_name                 0x080112bb   Data          13  cmd.o(.rodata.name)
    __fsym_list_mempool_desc                 0x080112c8   Data          27  cmd.o(.rodata.name)
    __fsym___cmd_list_mempool_name           0x080112e3   Data          19  cmd.o(.rodata.name)
    __fsym___cmd_list_mempool_desc           0x080112f6   Data          27  cmd.o(.rodata.name)
    __fsym_list_timer_name                   0x08011311   Data          11  cmd.o(.rodata.name)
    __fsym_list_timer_desc                   0x0801131c   Data          21  cmd.o(.rodata.name)
    __fsym___cmd_list_timer_name             0x08011331   Data          17  cmd.o(.rodata.name)
    __fsym___cmd_list_timer_desc             0x08011342   Data          21  cmd.o(.rodata.name)
    __fsym_list_device_name                  0x08011357   Data          12  cmd.o(.rodata.name)
    __fsym_list_device_desc                  0x08011363   Data          22  cmd.o(.rodata.name)
    __fsym___cmd_list_device_name            0x08011379   Data          18  cmd.o(.rodata.name)
    __fsym___cmd_list_device_desc            0x0801138b   Data          22  cmd.o(.rodata.name)
    __fsym_list_name                         0x080113a1   Data           5  cmd.o(.rodata.name)
    __fsym_list_desc                         0x080113a6   Data          26  cmd.o(.rodata.name)
    __fsym___cmd_help_name                   0x080113c0   Data          11  msh.o(.rodata.name)
    __fsym___cmd_help_desc                   0x080113cb   Data          22  msh.o(.rodata.name)
    __fsym___cmd_ps_name                     0x080113e1   Data           9  msh_cmd.o(.rodata.name)
    __fsym___cmd_ps_desc                     0x080113ea   Data          28  msh_cmd.o(.rodata.name)
    __fsym___cmd_time_name                   0x08011406   Data          11  msh_cmd.o(.rodata.name)
    __fsym___cmd_time_desc                   0x08011411   Data          27  msh_cmd.o(.rodata.name)
    __fsym___cmd_free_name                   0x0801142c   Data          11  msh_cmd.o(.rodata.name)
    __fsym___cmd_free_desc                   0x08011437   Data          37  msh_cmd.o(.rodata.name)
    __rt_init_rti_start                      0x0801145c   Data           4  components.o(.rti_fn.0)
    __rt_init_rti_board_start                0x08011460   Data           4  components.o(.rti_fn.0.end)
    __rt_init_rt_hw_pin_init                 0x08011464   Data           4  drv_gpio.o(.rti_fn.1)
    __rt_init_hw_usart_init                  0x08011468   Data           4  drv_usart.o(.rti_fn.1)
    __rt_init_hw_can_init                    0x0801146c   Data           4  drv_can.o(.rti_fn.1)
    __rt_init_rti_board_end                  0x08011470   Data           4  components.o(.rti_fn.1.end)
    __rt_init_init_camera_uart               0x08011474   Data           4  camera.o(.rti_fn.6)
    __rt_init_init_motor_uart                0x08011478   Data           4  motor.o(.rti_fn.6)
    __rt_init_finsh_system_init              0x0801147c   Data           4  shell.o(.rti_fn.6)
    __rt_init_rti_end                        0x08011480   Data           4  components.o(.rti_fn.6.end)
    FSymTab$$Base                            0x08011484   Number         0  mem.o(FSymTab)
    __fsym_list_mem                          0x08011484   Data          12  mem.o(FSymTab)
    __fsym___cmd_canstat                     0x08011490   Data          12  can.o(FSymTab)
    __fsym_pinMode                           0x0801149c   Data          12  pin.o(FSymTab)
    __fsym_pinWrite                          0x080114a8   Data          12  pin.o(FSymTab)
    __fsym_pinRead                           0x080114b4   Data          12  pin.o(FSymTab)
    __fsym_hello                             0x080114c0   Data          12  cmd.o(FSymTab)
    __fsym_version                           0x080114cc   Data          12  cmd.o(FSymTab)
    __fsym___cmd_version                     0x080114d8   Data          12  cmd.o(FSymTab)
    __fsym_list_thread                       0x080114e4   Data          12  cmd.o(FSymTab)
    __fsym___cmd_list_thread                 0x080114f0   Data          12  cmd.o(FSymTab)
    __fsym_list_sem                          0x080114fc   Data          12  cmd.o(FSymTab)
    __fsym___cmd_list_sem                    0x08011508   Data          12  cmd.o(FSymTab)
    __fsym_list_event                        0x08011514   Data          12  cmd.o(FSymTab)
    __fsym___cmd_list_event                  0x08011520   Data          12  cmd.o(FSymTab)
    __fsym_list_mutex                        0x0801152c   Data          12  cmd.o(FSymTab)
    __fsym___cmd_list_mutex                  0x08011538   Data          12  cmd.o(FSymTab)
    __fsym_list_mailbox                      0x08011544   Data          12  cmd.o(FSymTab)
    __fsym___cmd_list_mailbox                0x08011550   Data          12  cmd.o(FSymTab)
    __fsym_list_msgqueue                     0x0801155c   Data          12  cmd.o(FSymTab)
    __fsym___cmd_list_msgqueue               0x08011568   Data          12  cmd.o(FSymTab)
    __fsym_list_memheap                      0x08011574   Data          12  cmd.o(FSymTab)
    __fsym___cmd_list_memheap                0x08011580   Data          12  cmd.o(FSymTab)
    __fsym_list_mempool                      0x0801158c   Data          12  cmd.o(FSymTab)
    __fsym___cmd_list_mempool                0x08011598   Data          12  cmd.o(FSymTab)
    __fsym_list_timer                        0x080115a4   Data          12  cmd.o(FSymTab)
    __fsym___cmd_list_timer                  0x080115b0   Data          12  cmd.o(FSymTab)
    __fsym_list_device                       0x080115bc   Data          12  cmd.o(FSymTab)
    __fsym___cmd_list_device                 0x080115c8   Data          12  cmd.o(FSymTab)
    __fsym_list                              0x080115d4   Data          12  cmd.o(FSymTab)
    __fsym___cmd_help                        0x080115e0   Data          12  msh.o(FSymTab)
    __fsym___cmd_ps                          0x080115ec   Data          12  msh_cmd.o(FSymTab)
    __fsym___cmd_time                        0x080115f8   Data          12  msh_cmd.o(FSymTab)
    __fsym___cmd_free                        0x08011604   Data          12  msh_cmd.o(FSymTab)
    FSymTab$$Limit                           0x08011610   Number         0  msh_cmd.o(FSymTab)
    Region$$Table$$Base                      0x08011610   Number         0  anon$$obj.o(Region$$Table)
    Region$$Table$$Limit                     0x08011630   Number         0  anon$$obj.o(Region$$Table)
    rt_interrupt_nest                        0x2000000c   Data           1  irq.o(.data)
    rt_assert_hook                           0x20000018   Data           4  kservice.o(.data)
    rt_object_trytake_hook                   0x200000e4   Data           4  object.o(.data)
    rt_object_take_hook                      0x200000e8   Data           4  object.o(.data)
    rt_object_put_hook                       0x200000ec   Data           4  object.o(.data)
    rt_thread_ready_priority_group           0x200000f0   Data           4  scheduler.o(.data)
    rt_current_thread                        0x200000f8   Data           4  scheduler.o(.data)
    rt_current_priority                      0x200000fc   Data           1  scheduler.o(.data)
    rt_thread_defunct                        0x20000100   Data           8  scheduler.o(.data)
    camera_uart_config                       0x20000130   Data           8  camera.o(.data)
    motor_uart_config                        0x2000013c   Data           8  motor.o(.data)
    rec_databytes                            0x20000144   Data           1  motor.o(.data)
    pin_irq_hdr_tab                          0x20000148   Data         192  drv_gpio.o(.data)
    SystemCoreClock                          0x20000208   Data           4  system_stm32f4xx.o(.data)
    uwTick                                   0x2000020c   Data           4  stm32f4xx_hal.o(.data)
    rt_interrupt_from_thread                 0x20000210   Data           4  cpuport.o(.data)
    rt_interrupt_to_thread                   0x20000214   Data           4  cpuport.o(.data)
    rt_thread_switch_interrupt_flag          0x20000218   Data           4  cpuport.o(.data)
    shell                                    0x20000230   Data           4  shell.o(.data)
    _syscall_table_begin                     0x20000238   Data           4  symbol.o(.data)
    _syscall_table_end                       0x2000023c   Data           4  symbol.o(.data)
    _sysvar_table_begin                      0x20000240   Data           4  symbol.o(.data)
    _sysvar_table_end                        0x20000244   Data           4  symbol.o(.data)
    rt_thread_priority_table                 0x20000478   Data         256  scheduler.o(.bss)
    rec_databuf                              0x200005e8   Data          64  motor.o(.bss)
    serial1                                  0x2000066c   Data          84  drv_usart.o(.bss)
    serial2                                  0x20000704   Data          84  drv_usart.o(.bss)
    serial3                                  0x2000079c   Data          84  drv_usart.o(.bss)
    serial6                                  0x20000834   Data          84  drv_usart.o(.bss)
    dev_can1                                 0x20000934   Data         256  drv_can.o(.bss)
    dev_can2                                 0x20000ae0   Data         256  drv_can.o(.bss)
    __libspace_start                         0x20000ca8   Data          96  libspace.o(.bss)
    __temporary_stack_top$libspace           0x20000d08   Data           0  libspace.o(.bss)
    Image$$RW_IRAM1$$ZI$$Limit               0x20001308   Number         0  anon$$obj.o ABSOLUTE



==============================================================================

Memory Map of the image

  Image Entry point : 0x08000189

  Load Region LR_IROM1 (Base: 0x08000000, Size: 0x00011878, Max: 0x00100000, ABSOLUTE, COMPRESSED[0x000116b4])

    Execution Region ER_IROM1 (Exec base: 0x08000000, Load base: 0x08000000, Size: 0x00011630, Max: 0x00100000, ABSOLUTE)

    Exec Addr    Load Addr    Size         Type   Attr      Idx    E Section Name        Object

    0x08000000   0x08000000   0x00000188   Data   RO          733    RESET               startup_stm32f407xx.o
    0x08000188   0x08000188   0x00000008   Code   RO         2509  * !!!main             c_w.l(__main.o)
    0x08000190   0x08000190   0x00000034   Code   RO         2678    !!!scatter          c_w.l(__scatter.o)
    0x080001c4   0x080001c4   0x0000005a   Code   RO         2676    !!dczerorl2         c_w.l(__dczerorl2.o)
    0x0800021e   0x0800021e   0x00000002   PAD
    0x08000220   0x08000220   0x0000001c   Code   RO         2680    !!handler_zi        c_w.l(__scatter_zi.o)
    0x0800023c   0x0800023c   0x00000002   Code   RO         2546    .ARM.Collect$$libinit$$00000000  c_w.l(libinit.o)
    0x0800023e   0x0800023e   0x00000004   Code   RO         2558    .ARM.Collect$$libinit$$00000001  c_w.l(libinit2.o)
    0x08000242   0x08000242   0x00000000   Code   RO         2561    .ARM.Collect$$libinit$$00000004  c_w.l(libinit2.o)
    0x08000242   0x08000242   0x00000000   Code   RO         2564    .ARM.Collect$$libinit$$0000000A  c_w.l(libinit2.o)
    0x08000242   0x08000242   0x00000000   Code   RO         2566    .ARM.Collect$$libinit$$0000000C  c_w.l(libinit2.o)
    0x08000242   0x08000242   0x00000000   Code   RO         2568    .ARM.Collect$$libinit$$0000000E  c_w.l(libinit2.o)
    0x08000242   0x08000242   0x00000000   Code   RO         2571    .ARM.Collect$$libinit$$00000011  c_w.l(libinit2.o)
    0x08000242   0x08000242   0x00000000   Code   RO         2573    .ARM.Collect$$libinit$$00000013  c_w.l(libinit2.o)
    0x08000242   0x08000242   0x00000000   Code   RO         2575    .ARM.Collect$$libinit$$00000015  c_w.l(libinit2.o)
    0x08000242   0x08000242   0x00000000   Code   RO         2577    .ARM.Collect$$libinit$$00000017  c_w.l(libinit2.o)
    0x08000242   0x08000242   0x00000000   Code   RO         2579    .ARM.Collect$$libinit$$00000019  c_w.l(libinit2.o)
    0x08000242   0x08000242   0x00000000   Code   RO         2581    .ARM.Collect$$libinit$$0000001B  c_w.l(libinit2.o)
    0x08000242   0x08000242   0x00000000   Code   RO         2583    .ARM.Collect$$libinit$$0000001D  c_w.l(libinit2.o)
    0x08000242   0x08000242   0x00000000   Code   RO         2585    .ARM.Collect$$libinit$$0000001F  c_w.l(libinit2.o)
    0x08000242   0x08000242   0x00000000   Code   RO         2587    .ARM.Collect$$libinit$$00000021  c_w.l(libinit2.o)
    0x08000242   0x08000242   0x00000000   Code   RO         2589    .ARM.Collect$$libinit$$00000023  c_w.l(libinit2.o)
    0x08000242   0x08000242   0x00000000   Code   RO         2591    .ARM.Collect$$libinit$$00000025  c_w.l(libinit2.o)
    0x08000242   0x08000242   0x00000000   Code   RO         2595    .ARM.Collect$$libinit$$0000002C  c_w.l(libinit2.o)
    0x08000242   0x08000242   0x00000000   Code   RO         2597    .ARM.Collect$$libinit$$0000002E  c_w.l(libinit2.o)
    0x08000242   0x08000242   0x00000000   Code   RO         2599    .ARM.Collect$$libinit$$00000030  c_w.l(libinit2.o)
    0x08000242   0x08000242   0x00000000   Code   RO         2601    .ARM.Collect$$libinit$$00000032  c_w.l(libinit2.o)
    0x08000242   0x08000242   0x00000002   Code   RO         2602    .ARM.Collect$$libinit$$00000033  c_w.l(libinit2.o)
    0x08000244   0x08000244   0x00000002   Code   RO         2633    .ARM.Collect$$libshutdown$$00000000  c_w.l(libshutdown.o)
    0x08000246   0x08000246   0x00000000   Code   RO         2659    .ARM.Collect$$libshutdown$$00000002  c_w.l(libshutdown2.o)
    0x08000246   0x08000246   0x00000000   Code   RO         2661    .ARM.Collect$$libshutdown$$00000004  c_w.l(libshutdown2.o)
    0x08000246   0x08000246   0x00000000   Code   RO         2664    .ARM.Collect$$libshutdown$$00000007  c_w.l(libshutdown2.o)
    0x08000246   0x08000246   0x00000000   Code   RO         2667    .ARM.Collect$$libshutdown$$0000000A  c_w.l(libshutdown2.o)
    0x08000246   0x08000246   0x00000000   Code   RO         2669    .ARM.Collect$$libshutdown$$0000000C  c_w.l(libshutdown2.o)
    0x08000246   0x08000246   0x00000000   Code   RO         2672    .ARM.Collect$$libshutdown$$0000000F  c_w.l(libshutdown2.o)
    0x08000246   0x08000246   0x00000002   Code   RO         2673    .ARM.Collect$$libshutdown$$00000010  c_w.l(libshutdown2.o)
    0x08000248   0x08000248   0x00000000   Code   RO         2511    .ARM.Collect$$rtentry$$00000000  c_w.l(__rtentry.o)
    0x08000248   0x08000248   0x00000000   Code   RO         2517    .ARM.Collect$$rtentry$$00000002  c_w.l(__rtentry2.o)
    0x08000248   0x08000248   0x00000006   Code   RO         2529    .ARM.Collect$$rtentry$$00000004  c_w.l(__rtentry4.o)
    0x0800024e   0x0800024e   0x00000000   Code   RO         2519    .ARM.Collect$$rtentry$$00000009  c_w.l(__rtentry2.o)
    0x0800024e   0x0800024e   0x00000004   Code   RO         2520    .ARM.Collect$$rtentry$$0000000A  c_w.l(__rtentry2.o)
    0x08000252   0x08000252   0x00000000   Code   RO         2522    .ARM.Collect$$rtentry$$0000000C  c_w.l(__rtentry2.o)
    0x08000252   0x08000252   0x00000008   Code   RO         2523    .ARM.Collect$$rtentry$$0000000D  c_w.l(__rtentry2.o)
    0x0800025a   0x0800025a   0x00000002   Code   RO         2550    .ARM.Collect$$rtexit$$00000000  c_w.l(rtexit.o)
    0x0800025c   0x0800025c   0x00000000   Code   RO         2606    .ARM.Collect$$rtexit$$00000002  c_w.l(rtexit2.o)
    0x0800025c   0x0800025c   0x00000004   Code   RO         2607    .ARM.Collect$$rtexit$$00000003  c_w.l(rtexit2.o)
    0x08000260   0x08000260   0x00000006   Code   RO         2608    .ARM.Collect$$rtexit$$00000004  c_w.l(rtexit2.o)
    0x08000266   0x08000266   0x00000002   PAD
    0x08000268   0x08000268   0x0000006c   Code   RO            1    .text               clock.o
    0x080002d4   0x080002d4   0x000000d8   Code   RO           82    .text               components.o
    0x080003ac   0x080003ac   0x0000052c   Code   RO          107    .text               device.o
    0x080008d8   0x080008d8   0x000001f4   Code   RO          120    .text               idle.o
    0x08000acc   0x08000acc   0x00001c08   Code   RO          139    .text               ipc.o
    0x080026d4   0x080026d4   0x0000008c   Code   RO          157    .text               irq.o
    0x08002760   0x08002760   0x00000ac4   Code   RO          172    .text               kservice.o
    0x08003224   0x08003224   0x000008b8   Code   RO          192    .text               mem.o
    0x08003adc   0x08003adc   0x00000374   Code   RO          260    .text               object.o
    0x08003e50   0x08003e50   0x0000038c   Code   RO          279    .text               scheduler.o
    0x080041dc   0x080041dc   0x000007d4   Code   RO          315    .text               thread.o
    0x080049b0   0x080049b0   0x000005bc   Code   RO          335    .text               timer.o
    0x08004f6c   0x08004f6c   0x00000004   Code   RO          357    .text               main.o
    0x08004f70   0x08004f70   0x00000124   Code   RO          475    .text               camera.o
    0x08005094   0x08005094   0x00000464   Code   RO          531    .text               motor.o
    0x080054f8   0x080054f8   0x0000022c   Code   RO          554    .text               board.o
    0x08005724   0x08005724   0x00000010   Code   RO          578    .text               stm32f4xx_it.o
    0x08005734   0x08005734   0x00000688   Code   RO          602    .text               drv_gpio.o
    0x08005dbc   0x08005dbc   0x00000614   Code   RO          631    .text               drv_usart.o
    0x080063d0   0x080063d0   0x00000b94   Code   RO          667    .text               drv_can.o
    0x08006f64   0x08006f64   0x00000120   Code   RO          703    .text               system_stm32f4xx.o
    0x08007084   0x08007084   0x00000040   Code   RO          734    .text               startup_stm32f407xx.o
    0x080070c4   0x080070c4   0x000001a4   Code   RO          741    .text               stm32f4xx_hal.o
    0x08007268   0x08007268   0x00001108   Code   RO          804    .text               stm32f4xx_hal_can.o
    0x08008370   0x08008370   0x00000384   Code   RO          846    .text               stm32f4xx_hal_cortex.o
    0x080086f4   0x080086f4   0x000008ac   Code   RO         1018    .text               stm32f4xx_hal_dma.o
    0x08008fa0   0x08008fa0   0x000003ac   Code   RO         1227    .text               stm32f4xx_hal_gpio.o
    0x0800934c   0x0800934c   0x0000089c   Code   RO         1647    .text               stm32f4xx_hal_rcc.o
    0x08009be8   0x08009be8   0x000013ae   Code   RO         1941    .text               stm32f4xx_hal_uart.o
    0x0800af96   0x0800af96   0x00000002   PAD
    0x0800af98   0x0800af98   0x0000060c   Code   RO         2194    .text               cpuport.o
    0x0800b5a4   0x0800b5a4   0x00000134   Code   RO         2210    .text               context_rvds.o
    0x0800b6d8   0x0800b6d8   0x000010ec   Code   RO         2214    .text               can.o
    0x0800c7c4   0x0800c7c4   0x00000250   Code   RO         2236    .text               pin.o
    0x0800ca14   0x0800ca14   0x00000c88   Code   RO         2254    .text               serial.o
    0x0800d69c   0x0800d69c   0x000001cc   Code   RO         2270    .text               completion.o
    0x0800d868   0x0800d868   0x00000424   Code   RO         2286    .text               dataqueue.o
    0x0800dc8c   0x0800dc8c   0x000009a4   Code   RO         2382    .text               shell.o
    0x0800e630   0x0800e630   0x00000eac   Code   RO         2423    .text               cmd.o
    0x0800f4dc   0x0800f4dc   0x00000368   Code   RO         2444    .text               msh.o
    0x0800f844   0x0800f844   0x00000022   Code   RO         2461    .text               msh_cmd.o
    0x0800f866   0x0800f866   0x000000ee   Code   RO         2485    .text               c_w.l(lludivv7m.o)
    0x0800f954   0x0800f954   0x00000058   Code   RO         2487    .text               c_w.l(memcmp.o)
    0x0800f9ac   0x0800f9ac   0x00000048   Code   RO         2489    .text               c_w.l(strcpy.o)
    0x0800f9f4   0x0800f9f4   0x0000003e   Code   RO         2491    .text               c_w.l(strlen.o)
    0x0800fa32   0x0800fa32   0x00000096   Code   RO         2493    .text               c_w.l(strncmp.o)
    0x0800fac8   0x0800fac8   0x00000018   Code   RO         2495    .text               c_w.l(strcat.o)
    0x0800fae0   0x0800fae0   0x0000008a   Code   RO         2497    .text               c_w.l(rt_memcpy_v6.o)
    0x0800fb6a   0x0800fb6a   0x00000064   Code   RO         2499    .text               c_w.l(rt_memcpy_w.o)
    0x0800fbce   0x0800fbce   0x00000044   Code   RO         2501    .text               c_w.l(rt_memclr.o)
    0x0800fc12   0x0800fc12   0x0000004e   Code   RO         2503    .text               c_w.l(rt_memclr_w.o)
    0x0800fc60   0x0800fc60   0x00000056   Code   RO         2505    .text               c_w.l(strncpy.o)
    0x0800fcb6   0x0800fcb6   0x00000006   Code   RO         2507    .text               c_w.l(heapauxi.o)
    0x0800fcbc   0x0800fcbc   0x0000004a   Code   RO         2533    .text               c_w.l(sys_stackheap_outer.o)
    0x0800fd06   0x0800fd06   0x00000012   Code   RO         2535    .text               c_w.l(exit.o)
    0x0800fd18   0x0800fd18   0x00000008   Code   RO         2547    .text               c_w.l(libspace.o)
    0x0800fd20   0x0800fd20   0x0000000c   Code   RO         2603    .text               c_w.l(sys_exit.o)
    0x0800fd2c   0x0800fd2c   0x00000002   Code   RO         2622    .text               c_w.l(use_no_semi.o)
    0x0800fd2e   0x0800fd2e   0x00000000   Code   RO         2624    .text               c_w.l(indicate_semi.o)
    0x0800fd2e   0x0800fd2e   0x0000000a   Code   RO         2618    x$fpl$fpinit        fz_wm.l(fpinit.o)
    0x0800fd38   0x0800fd38   0x00000014   Data   RO           83    .constdata          components.o
    0x0800fd4c   0x0800fd4c   0x000000c9   Data   RO          108    .constdata          device.o
    0x0800fe15   0x0800fe15   0x00000016   Data   RO          122    .constdata          idle.o
    0x0800fe2b   0x0800fe2b   0x000001f7   Data   RO          140    .constdata          ipc.o
    0x08010022   0x08010022   0x00000122   Data   RO          174    .constdata          kservice.o
    0x08010144   0x08010144   0x0000003c   Data   RO          194    .constdata          mem.o
    0x08010180   0x08010180   0x00000080   Data   RO          261    .constdata          object.o
    0x08010200   0x08010200   0x0000004e   Data   RO          281    .constdata          scheduler.o
    0x0801024e   0x0801024e   0x000000b9   Data   RO          316    .constdata          thread.o
    0x08010307   0x08010307   0x0000005c   Data   RO          336    .constdata          timer.o
    0x08010363   0x08010363   0x00000001   PAD
    0x08010364   0x08010364   0x000001bc   Data   RO          603    .constdata          drv_gpio.o
    0x08010520   0x08010520   0x00000048   Data   RO          633    .constdata          drv_usart.o
    0x08010568   0x08010568   0x00000080   Data   RO          669    .constdata          drv_can.o
    0x080105e8   0x080105e8   0x00000018   Data   RO          704    .constdata          system_stm32f4xx.o
    0x08010600   0x08010600   0x00000008   Data   RO         1019    .constdata          stm32f4xx_hal_dma.o
    0x08010608   0x08010608   0x00000013   Data   RO         2195    .constdata          cpuport.o
    0x0801061b   0x0801061b   0x00000097   Data   RO         2215    .constdata          can.o
    0x080106b2   0x080106b2   0x0000007d   Data   RO         2238    .constdata          pin.o
    0x0801072f   0x0801072f   0x0000012a   Data   RO         2255    .constdata          serial.o
    0x08010859   0x08010859   0x00000039   Data   RO         2271    .constdata          completion.o
    0x08010892   0x08010892   0x0000004b   Data   RO         2287    .constdata          dataqueue.o
    0x080108dd   0x080108dd   0x00000087   Data   RO         2384    .constdata          shell.o
    0x08010964   0x08010964   0x00000050   Data   RO         2424    .constdata          cmd.o
    0x080109b4   0x080109b4   0x0000000e   Data   RO         2445    .constdata          msh.o
    0x080109c2   0x080109c2   0x00000002   PAD
    0x080109c4   0x080109c4   0x0000015a   Data   RO          141    .conststring        ipc.o
    0x08010b1e   0x08010b1e   0x00000002   PAD
    0x08010b20   0x08010b20   0x000000eb   Data   RO          195    .conststring        mem.o
    0x08010c0b   0x08010c0b   0x00000001   PAD
    0x08010c0c   0x08010c0c   0x00000042   Data   RO          317    .conststring        thread.o
    0x08010c4e   0x08010c4e   0x00000002   PAD
    0x08010c50   0x08010c50   0x000001d6   Data   RO         2216    .conststring        can.o
    0x08010e26   0x08010e26   0x00000002   PAD
    0x08010e28   0x08010e28   0x0000015d   Data   RO         2425    .conststring        cmd.o
    0x08010f85   0x08010f85   0x00000027   Data   RO          197    .rodata.name        mem.o
    0x08010fac   0x08010fac   0x00000026   Data   RO         2218    .rodata.name        can.o
    0x08010fd2   0x08010fd2   0x00000069   Data   RO         2239    .rodata.name        pin.o
    0x0801103b   0x0801103b   0x00000385   Data   RO         2426    .rodata.name        cmd.o
    0x080113c0   0x080113c0   0x00000021   Data   RO         2446    .rodata.name        msh.o
    0x080113e1   0x080113e1   0x0000007b   Data   RO         2462    .rodata.name        msh_cmd.o
    0x0801145c   0x0801145c   0x00000004   Data   RO           84    .rti_fn.0           components.o
    0x08011460   0x08011460   0x00000004   Data   RO           85    .rti_fn.0.end       components.o
    0x08011464   0x08011464   0x00000004   Data   RO          605    .rti_fn.1           drv_gpio.o
    0x08011468   0x08011468   0x00000004   Data   RO          634    .rti_fn.1           drv_usart.o
    0x0801146c   0x0801146c   0x00000004   Data   RO          670    .rti_fn.1           drv_can.o
    0x08011470   0x08011470   0x00000004   Data   RO           86    .rti_fn.1.end       components.o
    0x08011474   0x08011474   0x00000004   Data   RO          478    .rti_fn.6           camera.o
    0x08011478   0x08011478   0x00000004   Data   RO          534    .rti_fn.6           motor.o
    0x0801147c   0x0801147c   0x00000004   Data   RO         2386    .rti_fn.6           shell.o
    0x08011480   0x08011480   0x00000004   Data   RO           87    .rti_fn.6.end       components.o
    0x08011484   0x08011484   0x0000000c   Data   RO          198    FSymTab             mem.o
    0x08011490   0x08011490   0x0000000c   Data   RO         2219    FSymTab             can.o
    0x0801149c   0x0801149c   0x00000024   Data   RO         2240    FSymTab             pin.o
    0x080114c0   0x080114c0   0x00000120   Data   RO         2427    FSymTab             cmd.o
    0x080115e0   0x080115e0   0x0000000c   Data   RO         2447    FSymTab             msh.o
    0x080115ec   0x080115ec   0x00000024   Data   RO         2463    FSymTab             msh_cmd.o
    0x08011610   0x08011610   0x00000020   Data   RO         2674    Region$$Table       anon$$obj.o


    Execution Region RW_IRAM1 (Exec base: 0x20000000, Load base: 0x08011630, Size: 0x00001308, Max: 0x00020000, ABSOLUTE, COMPRESSED[0x00000084])

    Exec Addr    Load Addr    Size         Type   Attr      Idx    E Section Name        Object

    0x20000000   COMPRESSED   0x00000004   Data   RW            2    .data               clock.o
    0x20000004   COMPRESSED   0x00000009   Data   RW          158    .data               irq.o
    0x2000000d   COMPRESSED   0x00000003   PAD
    0x20000010   COMPRESSED   0x0000000c   Data   RW          175    .data               kservice.o
    0x2000001c   COMPRESSED   0x00000020   Data   RW          196    .data               mem.o
    0x2000003c   COMPRESSED   0x000000b4   Data   RW          262    .data               object.o
    0x200000f0   COMPRESSED   0x0000001c   Data   RW          282    .data               scheduler.o
    0x2000010c   COMPRESSED   0x0000000c   Data   RW          318    .data               thread.o
    0x20000118   COMPRESSED   0x00000014   Data   RW          337    .data               timer.o
    0x2000012c   COMPRESSED   0x0000000c   Data   RW          477    .data               camera.o
    0x20000138   COMPRESSED   0x0000000d   Data   RW          533    .data               motor.o
    0x20000145   COMPRESSED   0x00000003   PAD
    0x20000148   COMPRESSED   0x000000c0   Data   RW          604    .data               drv_gpio.o
    0x20000208   COMPRESSED   0x00000004   Data   RW          705    .data               system_stm32f4xx.o
    0x2000020c   COMPRESSED   0x00000004   Data   RW          742    .data               stm32f4xx_hal.o
    0x20000210   COMPRESSED   0x00000010   Data   RW         2196    .data               cpuport.o
    0x20000220   COMPRESSED   0x00000010   Data   RW         2217    .data               can.o
    0x20000230   COMPRESSED   0x00000008   Data   RW         2385    .data               shell.o
    0x20000238   COMPRESSED   0x00000010   Data   RW         2407    .data               symbol.o
    0x20000248        -       0x00000190   Zero   RW          121    .bss                idle.o
    0x200003d8        -       0x00000080   Zero   RW          173    .bss                kservice.o
    0x20000458        -       0x00000020   Zero   RW          193    .bss                mem.o
    0x20000478        -       0x00000100   Zero   RW          280    .bss                scheduler.o
    0x20000578        -       0x00000010   Zero   RW          476    .bss                camera.o
    0x20000588        -       0x000000a0   Zero   RW          532    .bss                motor.o
    0x20000628        -       0x00000260   Zero   RW          632    .bss                drv_usart.o
    0x20000888        -       0x00000358   Zero   RW          668    .bss                drv_can.o
    0x20000be0        -       0x00000044   Zero   RW         2237    .bss                pin.o
    0x20000c24        -       0x00000081   Zero   RW         2383    .bss                shell.o
    0x20000ca5   COMPRESSED   0x00000003   PAD
    0x20000ca8        -       0x00000060   Zero   RW         2548    .bss                c_w.l(libspace.o)
    0x20000d08        -       0x00000200   Zero   RW          732    HEAP                startup_stm32f407xx.o
    0x20000f08        -       0x00000400   Zero   RW          731    STACK               startup_stm32f407xx.o


==============================================================================

Image component sizes


      Code (inc. data)   RO Data    RW Data    ZI Data      Debug   Object Name

       556         26          0          0          0       2249   board.o
       292         50          4         12         16      11491   camera.o
      4332        534        671         16          0      12382   can.o
       108          6          0          4          0      18002   clock.o
      3756       1346       1618          0          0      16467   cmd.o
       460        128         57          0          0       4795   completion.o
       216         42         36          0          0       2558   components.o
       308         26          0          0          0        820   context_rvds.o
      1548        738         19         16          0       5071   cpuport.o
      1060        116         75          0          0       4841   dataqueue.o
      1324        312        201          0          0       5710   device.o
      2964        170        132          0        856      34247   drv_can.o
      1672        106        448        192          0       7116   drv_gpio.o
      1556        220         76          0        608      31277   drv_usart.o
       500         76         22          0        400       5644   idle.o
      7176       1040        849          0          0      22391   ipc.o
       140         14          0          9          0       1896   irq.o
      2756        232        290         12        128      12544   kservice.o
         4          0          0          0          0     658523   main.o
      2232        634        346         32         32       5487   mem.o
      1124        258          4         13        160       5023   motor.o
       872        136         59          0          0       4340   msh.o
        34          0        159          0          0       2295   msh_cmd.o
       884        184        128        180          0       8467   object.o
       592         94        266          0         68       5042   pin.o
       908        150         78         28        256       7121   scheduler.o
      3208        410        298          0          0       9785   serial.o
      2468        238        139          8        129       6722   shell.o
        64         26        392          0       1536        928   startup_stm32f407xx.o
       420         32          0          4          0       5058   stm32f4xx_hal.o
      4360         34          0          0          0       7651   stm32f4xx_hal_can.o
       900         22          0          0          0      32462   stm32f4xx_hal_cortex.o
      2220         26          8          0          0       7141   stm32f4xx_hal_dma.o
       940         46          0          0          0       3623   stm32f4xx_hal_gpio.o
      2204         66          0          0          0       5207   stm32f4xx_hal_rcc.o
      5038         50          0          0          0      16144   stm32f4xx_hal_uart.o
        16          0          0          0          0        844   stm32f4xx_it.o
         0          0          0         16          0       5065   symbol.o
       288         32         24          4          0       1781   system_stm32f4xx.o
      2004        434        251         12          0      10485   thread.o
      1468        276         92         20          0       9067   timer.o

    ----------------------------------------------------------------------
     62974       8330       6784        584       4192    1017762   Object Totals
         0          0         32          0          0          0   (incl. Generated)
         2          0         10          6          3          0   (incl. Padding)

    ----------------------------------------------------------------------

      Code (inc. data)   RO Data    RW Data    ZI Data      Debug   Library Member Name

        90          0          0          0          0          0   __dczerorl2.o
         8          0          0          0          0         68   __main.o
         0          0          0          0          0          0   __rtentry.o
        12          0          0          0          0          0   __rtentry2.o
         6          0          0          0          0          0   __rtentry4.o
        52          8          0          0          0          0   __scatter.o
        28          0          0          0          0          0   __scatter_zi.o
        18          0          0          0          0         80   exit.o
         6          0          0          0          0        152   heapauxi.o
         0          0          0          0          0          0   indicate_semi.o
         2          0          0          0          0          0   libinit.o
         6          0          0          0          0          0   libinit2.o
         2          0          0          0          0          0   libshutdown.o
         2          0          0          0          0          0   libshutdown2.o
         8          4          0          0         96         68   libspace.o
       238          0          0          0          0        100   lludivv7m.o
        88          0          0          0          0         76   memcmp.o
        68          0          0          0          0         68   rt_memclr.o
        78          0          0          0          0         80   rt_memclr_w.o
       138          0          0          0          0         68   rt_memcpy_v6.o
       100          0          0          0          0         80   rt_memcpy_w.o
         2          0          0          0          0          0   rtexit.o
        10          0          0          0          0          0   rtexit2.o
        24          0          0          0          0         68   strcat.o
        72          0          0          0          0         80   strcpy.o
        62          0          0          0          0         76   strlen.o
       150          0          0          0          0         80   strncmp.o
        86          0          0          0          0         76   strncpy.o
        12          4          0          0          0         68   sys_exit.o
        74          0          0          0          0         80   sys_stackheap_outer.o
         2          0          0          0          0         68   use_no_semi.o
        10          0          0          0          0        116   fpinit.o

    ----------------------------------------------------------------------
      1458         16          0          0         96       1552   Library Totals
         4          0          0          0          0          0   (incl. Padding)

    ----------------------------------------------------------------------

      Code (inc. data)   RO Data    RW Data    ZI Data      Debug   Library Name

      1444         16          0          0         96       1436   c_w.l
        10          0          0          0          0        116   fz_wm.l

    ----------------------------------------------------------------------
      1458         16          0          0         96       1552   Library Totals

    ----------------------------------------------------------------------

==============================================================================


      Code (inc. data)   RO Data    RW Data    ZI Data      Debug   

     64432       8346       6784        584       4288    1010286   Grand Totals
     64432       8346       6784        132       4288    1010286   ELF Image Totals (compressed)
     64432       8346       6784        132          0          0   ROM Totals

==============================================================================

    Total RO  Size (Code + RO Data)                71216 (  69.55kB)
    Total RW  Size (RW Data + ZI Data)              4872 (   4.76kB)
    Total ROM Size (Code + RO Data + RW Data)      71348 (  69.68kB)

==============================================================================

