Component: ARM Compiler 5.06 update 6 (build 750) Tool: armlink [4d35ed]

==============================================================================

Section Cross References

    clock.o(.text) refers to context_rvds.o(.text) for rt_hw_interrupt_disable
    clock.o(.text) refers to thread.o(.text) for rt_thread_self
    clock.o(.text) refers to timer.o(.text) for rt_timer_check
    clock.o(.text) refers to clock.o(.data) for rt_tick
    components.o(.text) refers to main.o(.text) for $Super$$main
    components.o(.text) refers to thread.o(.text) for rt_thread_create
    components.o(.text) refers to kservice.o(.text) for rt_assert_handler
    components.o(.text) refers to context_rvds.o(.text) for rt_hw_interrupt_disable
    components.o(.text) refers to board.o(.text) for rt_hw_board_init
    components.o(.text) refers to timer.o(.text) for rt_system_timer_init
    components.o(.text) refers to scheduler.o(.text) for rt_system_scheduler_init
    components.o(.text) refers to idle.o(.text) for rt_thread_idle_init
    components.o(.text) refers to components.o(.rti_fn.0.end) for __rt_init_rti_board_start
    components.o(.text) refers to components.o(.rti_fn.1.end) for __rt_init_rti_board_end
    components.o(.text) refers to components.o(.rti_fn.6.end) for __rt_init_rti_end
    components.o(.text) refers to components.o(.constdata) for __FUNCTION__
    components.o(.rti_fn.0) refers to components.o(.text) for rti_start
    components.o(.rti_fn.0.end) refers to components.o(.text) for rti_board_start
    components.o(.rti_fn.1.end) refers to components.o(.text) for rti_board_end
    components.o(.rti_fn.6.end) refers to components.o(.text) for rti_end
    device.o(.text) refers to thread.o(.text) for rt_thread_self
    device.o(.text) refers to scheduler.o(.text) for rt_enter_critical
    device.o(.text) refers to object.o(.text) for rt_object_get_information
    device.o(.text) refers to kservice.o(.text) for rt_assert_handler
    device.o(.text) refers to mem.o(.text) for rt_malloc
    device.o(.text) refers to device.o(.constdata) for __FUNCTION__
    idle.o(.text) refers to context_rvds.o(.text) for rt_hw_interrupt_disable
    idle.o(.text) refers to irq.o(.text) for rt_interrupt_get_nest
    idle.o(.text) refers to kservice.o(.text) for rt_kprintf
    idle.o(.text) refers to scheduler.o(.text) for rt_enter_critical
    idle.o(.text) refers to object.o(.text) for rt_object_is_systemobject
    idle.o(.text) refers to mem.o(.text) for rt_free
    idle.o(.text) refers to thread.o(.text) for rt_thread_init
    idle.o(.text) refers to idle.o(.bss) for idle_hook_list
    idle.o(.text) refers to idle.o(.constdata) for __FUNCTION__
    idle.o(.text) refers to scheduler.o(.data) for rt_thread_defunct
    ipc.o(.text) refers to thread.o(.text) for rt_thread_suspend
    ipc.o(.text) refers to context_rvds.o(.text) for rt_hw_interrupt_disable
    ipc.o(.text) refers to kservice.o(.text) for rt_assert_handler
    ipc.o(.text) refers to object.o(.text) for rt_object_init
    ipc.o(.text) refers to irq.o(.text) for rt_interrupt_get_nest
    ipc.o(.text) refers to timer.o(.text) for rt_timer_control
    ipc.o(.text) refers to scheduler.o(.text) for rt_schedule
    ipc.o(.text) refers to ipc.o(.constdata) for __FUNCTION__
    ipc.o(.text) refers to ipc.o(.conststring) for .conststring
    ipc.o(.text) refers to object.o(.data) for rt_object_trytake_hook
    ipc.o(.text) refers to mem.o(.text) for rt_malloc
    ipc.o(.text) refers to clock.o(.text) for rt_tick_get
    irq.o(.text) refers to context_rvds.o(.text) for rt_hw_interrupt_disable
    irq.o(.text) refers to irq.o(.data) for rt_interrupt_enter_hook
    kservice.o(.text) refers to irq.o(.text) for rt_interrupt_get_nest
    kservice.o(.text) refers to thread.o(.text) for rt_thread_self
    kservice.o(.text) refers to mem.o(.text) for rt_malloc
    kservice.o(.text) refers to kservice.o(.data) for __rt_errno
    kservice.o(.text) refers to kservice.o(.constdata) for large_digits
    kservice.o(.text) refers to device.o(.text) for rt_device_write
    kservice.o(.text) refers to kservice.o(.bss) for rt_log_buf
    mem.o(.text) refers to kservice.o(.text) for rt_assert_handler
    mem.o(.text) refers to context_rvds.o(.text) for rt_hw_interrupt_disable
    mem.o(.text) refers to irq.o(.text) for rt_interrupt_get_nest
    mem.o(.text) refers to ipc.o(.text) for rt_sem_init
    mem.o(.text) refers to mem.o(.data) for rt_malloc_hook
    mem.o(.text) refers to mem.o(.constdata) for __FUNCTION__
    mem.o(.text) refers to mem.o(.bss) for heap_sem
    mem.o(.text) refers to mem.o(.conststring) for .conststring
    mem.o(FSymTab) refers to mem.o(.rodata.name) for __fsym_list_mem_name
    mem.o(FSymTab) refers to mem.o(.text) for list_mem
    memheap.o(.text) refers to kservice.o(.text) for rt_assert_handler
    memheap.o(.text) refers to object.o(.text) for rt_object_init
    memheap.o(.text) refers to ipc.o(.text) for rt_sem_init
[...]
    __rt_lib_init_user_alloc_1               0x08000243   Thumb Code     0  libinit2.o(.ARM.Collect$$libinit$$0000000C)
    __rt_lib_shutdown                        0x08000245   Thumb Code     0  libshutdown.o(.ARM.Collect$$libshutdown$$00000000)
    __rt_lib_shutdown_cpp_1                  0x08000247   Thumb Code     0  libshutdown2.o(.ARM.Collect$$libshutdown$$00000002)
    __rt_lib_shutdown_fp_trap_1              0x08000247   Thumb Code     0  libshutdown2.o(.ARM.Collect$$libshutdown$$00000007)
    __rt_lib_shutdown_heap_1                 0x08000247   Thumb Code     0  libshutdown2.o(.ARM.Collect$$libshutdown$$0000000F)
    __rt_lib_shutdown_return                 0x08000247   Thumb Code     0  libshutdown2.o(.ARM.Collect$$libshutdown$$00000010)
    __rt_lib_shutdown_signal_1               0x08000247   Thumb Code     0  libshutdown2.o(.ARM.Collect$$libshutdown$$0000000A)
    __rt_lib_shutdown_stdio_1                0x08000247   Thumb Code     0  libshutdown2.o(.ARM.Collect$$libshutdown$$00000004)
    __rt_lib_shutdown_user_alloc_1           0x08000247   Thumb Code     0  libshutdown2.o(.ARM.Collect$$libshutdown$$0000000C)
    __rt_entry                               0x08000249   Thumb Code     0  __rtentry.o(.ARM.Collect$$rtentry$$00000000)
    __rt_entry_presh_1                       0x08000249   Thumb Code     0  __rtentry2.o(.ARM.Collect$$rtentry$$00000002)
    __rt_entry_sh                            0x08000249   Thumb Code     0  __rtentry4.o(.ARM.Collect$$rtentry$$00000004)
    __rt_entry_li                            0x0800024f   Thumb Code     0  __rtentry2.o(.ARM.Collect$$rtentry$$0000000A)
    __rt_entry_postsh_1                      0x0800024f   Thumb Code     0  __rtentry2.o(.ARM.Collect$$rtentry$$00000009)
    __rt_entry_main                          0x08000253   Thumb Code     0  __rtentry2.o(.ARM.Collect$$rtentry$$0000000D)
    __rt_entry_postli_1                      0x08000253   Thumb Code     0  __rtentry2.o(.ARM.Collect$$rtentry$$0000000C)
    __rt_exit                                0x0800025b   Thumb Code     0  rtexit.o(.ARM.Collect$$rtexit$$00000000)
    __rt_exit_ls                             0x0800025d   Thumb Code     0  rtexit2.o(.ARM.Collect$$rtexit$$00000003)
    __rt_exit_prels_1                        0x0800025d   Thumb Code     0  rtexit2.o(.ARM.Collect$$rtexit$$00000002)
    __rt_exit_exit                           0x08000261   Thumb Code     0  rtexit2.o(.ARM.Collect$$rtexit$$00000004)
    rt_system_tick_init                      0x08000269   Thumb Code     2  clock.o(.text)
    rt_tick_get                              0x0800026b   Thumb Code     6  clock.o(.text)
    rt_tick_set                              0x08000271   Thumb Code    22  clock.o(.text)
    rt_tick_increase                         0x08000287   Thumb Code    42  clock.o(.text)
    rt_tick_from_millisecond                 0x080002b1   Thumb Code    30  clock.o(.text)
    rt_components_board_init                 0x080002e5   Thumb Code    20  components.o(.text)
    rt_components_init                       0x080002f9   Thumb Code    20  components.o(.text)
    main_thread_entry                        0x0800030d   Thumb Code    14  components.o(.text)
    rt_application_init                      0x0800031b   Thumb Code    48  components.o(.text)
    rtthread_startup                         0x0800034b   Thumb Code    42  components.o(.text)
    main                                     0x08000375   Thumb Code    14  components.o(.text)
    rt_device_find                           0x080003ad   Thumb Code    94  device.o(.text)
    rt_device_register                       0x0800040b   Thumb Code    52  device.o(.text)
    rt_device_unregister                     0x0800043f   Thumb Code    64  device.o(.text)
    rt_device_init_all                       0x0800047f   Thumb Code     4  device.o(.text)
    rt_device_create                         0x08000483   Thumb Code    46  device.o(.text)
    rt_device_destroy                        0x080004b1   Thumb Code    68  device.o(.text)
    rt_device_init                           0x080004f5   Thumb Code    64  device.o(.text)
    rt_device_open                           0x08000535   Thumb Code   170  device.o(.text)
    rt_device_close                          0x080005df   Thumb Code    92  device.o(.text)
    rt_device_read                           0x0800063b   Thumb Code    98  device.o(.text)
    rt_device_write                          0x0800069d   Thumb Code    98  device.o(.text)
    rt_device_control                        0x080006ff   Thumb Code    66  device.o(.text)
    rt_device_set_rx_indicate                0x08000741   Thumb Code    48  device.o(.text)
    rt_device_set_tx_complete                0x08000771   Thumb Code   360  device.o(.text)
    rt_thread_idle_sethook                   0x080008d9   Thumb Code    58  idle.o(.text)
    rt_thread_idle_delhook                   0x08000913   Thumb Code    62  idle.o(.text)
    rt_thread_idle_excute                    0x08000951   Thumb Code   168  idle.o(.text)
    rt_thread_idle_init                      0x08000a1d   Thumb Code    74  idle.o(.text)
    rt_thread_idle_gethandler                0x08000a67   Thumb Code    10  idle.o(.text)
    rt_sem_init                              0x08000b79   Thumb Code    50  ipc.o(.text)
    rt_sem_detach                            0x08000bab   Thumb Code    72  ipc.o(.text)
    rt_sem_create                            0x08000bf3   Thumb Code    84  ipc.o(.text)
    rt_sem_delete                            0x08000c47   Thumb Code   120  ipc.o(.text)
    rt_sem_take                              0x08000cbf   Thumb Code   288  ipc.o(.text)
    rt_sem_trytake                           0x08000ddf   Thumb Code    14  ipc.o(.text)
    rt_sem_release                           0x08000ded   Thumb Code   116  ipc.o(.text)
    rt_sem_control                           0x08000e61   Thumb Code    90  ipc.o(.text)
    rt_mutex_init                            0x08000ebb   Thumb Code    58  ipc.o(.text)
    rt_mutex_detach                          0x08000ef5   Thumb Code    78  ipc.o(.text)
    rt_mutex_create                          0x08000f43   Thumb Code   454  ipc.o(.text)
    rt_mutex_delete                          0x08001109   Thumb Code   126  ipc.o(.text)
    rt_mutex_take                            0x08001187   Thumb Code   374  ipc.o(.text)
    rt_mutex_release                         0x080012fd   Thumb Code   310  ipc.o(.text)
    rt_mutex_control                         0x08001433   Thumb Code    52  ipc.o(.text)
    rt_event_init                            0x08001467   Thumb Code    46  ipc.o(.text)
    rt_event_detach                          0x08001495   Thumb Code    78  ipc.o(.text)
    rt_event_create                          0x080014e3   Thumb Code   276  ipc.o(.text)
    rt_event_delete                          0x080015f7   Thumb Code   126  ipc.o(.text)
    rt_event_send                            0x08001675   Thumb Code   234  ipc.o(.text)
    rt_event_recv                            0x0800175f   Thumb Code   402  ipc.o(.text)
    rt_event_control                         0x080018f1   Thumb Code    92  ipc.o(.text)
    rt_mb_init                               0x0800194d   Thumb Code    76  ipc.o(.text)
    rt_mb_detach                             0x08001999   Thumb Code   216  ipc.o(.text)
    rt_mb_create                             0x08001a71   Thumb Code   128  ipc.o(.text)
    rt_mb_delete                             0x08001af1   Thumb Code   140  ipc.o(.text)
    rt_mb_send_wait                          0x08001b7d   Thumb Code   400  ipc.o(.text)
    rt_mb_send                               0x08001d0d   Thumb Code    18  ipc.o(.text)
    rt_mb_recv                               0x08001d1f   Thumb Code   576  ipc.o(.text)
    rt_mb_control                            0x08001f5f   Thumb Code   104  ipc.o(.text)
    rt_mq_init                               0x08001fc7   Thumb Code   118  ipc.o(.text)
    rt_mq_detach                             0x0800203d   Thumb Code    78  ipc.o(.text)
    rt_mq_delete                             0x0800208b   Thumb Code   126  ipc.o(.text)
    rt_mq_create                             0x08002109   Thumb Code   170  ipc.o(.text)
    rt_mq_send                               0x080021b3   Thumb Code   222  ipc.o(.text)
    rt_mq_urgent                             0x08002291   Thumb Code   426  ipc.o(.text)
    rt_mq_recv                               0x0800243b   Thumb Code   458  ipc.o(.text)
    rt_mq_control                            0x08002605   Thumb Code   120  ipc.o(.text)
    rt_interrupt_enter_sethook               0x080026d5   Thumb Code     6  irq.o(.text)
    rt_interrupt_leave_sethook               0x080026db   Thumb Code     6  irq.o(.text)
    rt_interrupt_enter                       0x080026e1   Thumb Code    46  irq.o(.text)
    rt_interrupt_leave                       0x0800270f   Thumb Code    46  irq.o(.text)
    rt_interrupt_get_nest                    0x0800273d   Thumb Code    22  irq.o(.text)
    rt_get_errno                             0x08002761   Thumb Code    32  kservice.o(.text)
    rt_set_errno                             0x08002781   Thumb Code    36  kservice.o(.text)
    _rt_errno                                0x080027a5   Thumb Code    30  kservice.o(.text)
    rt_memset                                0x080027c3   Thumb Code    72  kservice.o(.text)
    rt_memcpy                                0x0800280b   Thumb Code   124  kservice.o(.text)
    rt_memmove                               0x08002887   Thumb Code    66  kservice.o(.text)
    rt_memcmp                                0x080028c9   Thumb Code    38  kservice.o(.text)
    rt_strlen                                0x080028ef   Thumb Code    18  kservice.o(.text)
    rt_strstr                                0x08002901   Thumb Code    58  kservice.o(.text)
    rt_strcasecmp                            0x0800293b   Thumb Code    48  kservice.o(.text)
    rt_strncpy                               0x0800296b   Thumb Code    52  kservice.o(.text)
    rt_strncmp                               0x0800299f   Thumb Code    40  kservice.o(.text)
    rt_strcmp                                0x080029c7   Thumb Code    28  kservice.o(.text)
    rt_strnlen                               0x080029e3   Thumb Code    24  kservice.o(.text)
    rt_strdup                                0x080029fb   Thumb Code    40  kservice.o(.text)
    strdup                                   0x080029fb   Thumb Code     0  kservice.o(.text)
    rt_hw_console_output                     0x08002a23   Thumb Code     2  kservice.o(.text)
    rt_vsnprintf                             0x08002be9   Thumb Code   800  kservice.o(.text)
    rt_kprintf                               0x08002f09   Thumb Code    96  kservice.o(.text)
    rt_show_version                          0x08002f69   Thumb Code    38  kservice.o(.text)
    rt_snprintf                              0x08002f8f   Thumb Code    38  kservice.o(.text)
    rt_vsprintf                              0x08002fb5   Thumb Code    22  kservice.o(.text)
    rt_sprintf                               0x08002fcb   Thumb Code    34  kservice.o(.text)
    rt_console_get_device                    0x08002fed   Thumb Code     6  kservice.o(.text)
    rt_console_set_device                    0x08002ff3   Thumb Code    48  kservice.o(.text)
    rt_kputs                                 0x08003023   Thumb Code    78  kservice.o(.text)
    rt_malloc_align                          0x08003071   Thumb Code    70  kservice.o(.text)
    rt_free_align                            0x080030b7   Thumb Code    16  kservice.o(.text)
    __rt_ffs                                 0x080030c7   Thumb Code    70  kservice.o(.text)
    rt_assert_set_hook                       0x0800310d   Thumb Code     6  kservice.o(.text)
    rt_assert_handler                        0x08003113   Thumb Code    56  kservice.o(.text)
    rt_malloc_sethook                        0x08003225   Thumb Code     6  mem.o(.text)
    rt_free_sethook                          0x0800322b   Thumb Code     6  mem.o(.text)
    rt_system_heap_init                      0x080032d1   Thumb Code   204  mem.o(.text)
    rt_malloc                                0x0800339d   Thumb Code   522  mem.o(.text)
    rt_free                                  0x080035a7   Thumb Code   634  mem.o(.text)
    rt_realloc                               0x08003821   Thumb Code   324  mem.o(.text)
    rt_calloc                                0x08003965   Thumb Code    34  mem.o(.text)
    rt_memory_info                           0x08003987   Thumb Code    26  mem.o(.text)
    list_mem                                 0x080039a1   Thumb Code    34  mem.o(.text)
    rt_object_attach_sethook                 0x08003afd   Thumb Code     6  object.o(.text)
    rt_object_detach_sethook                 0x08003b03   Thumb Code     6  object.o(.text)
    rt_object_trytake_sethook                0x08003b09   Thumb Code     6  object.o(.text)
    rt_object_take_sethook                   0x08003b0f   Thumb Code     6  object.o(.text)
    rt_object_put_sethook                    0x08003b15   Thumb Code     6  object.o(.text)
    rt_system_object_init                    0x08003b1b   Thumb Code     2  object.o(.text)
    rt_object_get_information                0x08003b1d   Thumb Code    36  object.o(.text)
    rt_object_init                           0x08003b41   Thumb Code    90  object.o(.text)
    rt_object_detach                         0x08003b9b   Thumb Code    62  object.o(.text)
    rt_object_allocate                       0x08003bd9   Thumb Code   158  object.o(.text)
    rt_object_delete                         0x08003c77   Thumb Code    88  object.o(.text)
    rt_object_is_systemobject                0x08003ccf   Thumb Code    34  object.o(.text)
    rt_object_get_type                       0x08003cf1   Thumb Code    26  object.o(.text)
    rt_object_find                           0x08003d0b   Thumb Code   142  object.o(.text)
    rt_scheduler_sethook                     0x08003e51   Thumb Code     6  scheduler.o(.text)
    rt_system_scheduler_init                 0x08003ecf   Thumb Code    46  scheduler.o(.text)
    rt_schedule_remove_thread                0x08003efd   Thumb Code    94  scheduler.o(.text)
    rt_system_scheduler_start                0x08003f5b   Thumb Code    36  scheduler.o(.text)
    rt_schedule_insert_thread                0x08003f7f   Thumb Code   118  scheduler.o(.text)
    rt_schedule                              0x08003ff5   Thumb Code   242  scheduler.o(.text)
    rt_enter_critical                        0x080040e7   Thumb Code    28  scheduler.o(.text)
    rt_exit_critical                         0x08004103   Thumb Code    54  scheduler.o(.text)
    rt_critical_level                        0x08004139   Thumb Code     8  scheduler.o(.text)
    rt_thread_suspend_sethook                0x080041fd   Thumb Code     6  thread.o(.text)
    rt_thread_resume_sethook                 0x08004203   Thumb Code     6  thread.o(.text)
    rt_thread_inited_sethook                 0x08004209   Thumb Code     6  thread.o(.text)
    rt_thread_self                           0x0800420f   Thumb Code     6  thread.o(.text)
    rt_thread_exit                           0x08004215   Thumb Code    78  thread.o(.text)
    rt_thread_timeout                        0x08004263   Thumb Code    92  thread.o(.text)
    rt_thread_init                           0x0800435f   Thumb Code    74  thread.o(.text)
    rt_thread_resume                         0x080043a9   Thumb Code   122  thread.o(.text)
    rt_thread_startup                        0x08004423   Thumb Code   110  thread.o(.text)
    rt_thread_detach                         0x08004491   Thumb Code   126  thread.o(.text)
    rt_thread_create                         0x0800450f   Thumb Code    80  thread.o(.text)
    rt_thread_delete                         0x0800455f   Thumb Code   116  thread.o(.text)
    rt_thread_yield                          0x080045d3   Thumb Code   366  thread.o(.text)
    rt_thread_suspend                        0x08004741   Thumb Code   160  thread.o(.text)
    rt_thread_sleep                          0x080047e1   Thumb Code   102  thread.o(.text)
    rt_thread_delay                          0x08004847   Thumb Code    12  thread.o(.text)
    rt_thread_mdelay                         0x08004853   Thumb Code    20  thread.o(.text)
    rt_thread_control                        0x08004867   Thumb Code   156  thread.o(.text)
    rt_thread_find                           0x08004903   Thumb Code    96  thread.o(.text)
    rt_timer_enter_sethook                   0x080049bf   Thumb Code     6  timer.o(.text)
    rt_timer_exit_sethook                    0x080049c5   Thumb Code     6  timer.o(.text)
    rt_timer_init                            0x08004a57   Thumb Code    58  timer.o(.text)
    rt_timer_detach                          0x08004a91   Thumb Code    82  timer.o(.text)
    rt_timer_create                          0x08004ae3   Thumb Code    54  timer.o(.text)
    rt_timer_delete                          0x08004b19   Thumb Code    88  timer.o(.text)
    rt_timer_start                           0x08004b71   Thumb Code   314  timer.o(.text)
    rt_timer_stop                            0x08004cab   Thumb Code   102  timer.o(.text)
    rt_timer_control                         0x08004d11   Thumb Code    98  timer.o(.text)
    rt_timer_check                           0x08004d73   Thumb Code   438  timer.o(.text)
    rt_timer_next_timeout_tick               0x08004f29   Thumb Code    10  timer.o(.text)
    rt_system_timer_init                     0x08004f33   Thumb Code    24  timer.o(.text)
    rt_system_timer_thread_init              0x08004f4b   Thumb Code     2  timer.o(.text)
    $Super$$main                             0x08004f6d   Thumb Code     4  main.o(.text)
    init_camera_uart                         0x08004f71   Thumb Code   140  camera.o(.text)
    set_angle                                0x08004ffd   Thumb Code    24  camera.o(.text)
    open_motor                               0x08005015   Thumb Code     8  camera.o(.text)
    close_motor                              0x0800501d   Thumb Code     8  camera.o(.text)
    close_follow                             0x08005025   Thumb Code     8  camera.o(.text)
    follow                                   0x0800502d   Thumb Code     8  camera.o(.text)
    to_mid                                   0x08005035   Thumb Code     8  camera.o(.text)
    prevent_gyro_drift                       0x0800503d   Thumb Code     8  camera.o(.text)
    set_zoom_rate                            0x08005045   Thumb Code     6  camera.o(.text)
    update_cmd                               0x0800504b   Thumb Code    24  camera.o(.text)
    get_crc16                                0x08005107   Thumb Code    62  motor.o(.text)
    init_motor_uart                          0x08005145   Thumb Code   198  motor.o(.text)
    send_motor_cmd                           0x0800520b   Thumb Code    46  motor.o(.text)
    ctrl_motor_noret                         0x08005239   Thumb Code    22  motor.o(.text)
    ctrl_motor_ret                           0x0800524f   Thumb Code   134  motor.o(.text)
    SysTick_Handler                          0x080054ff   Thumb Code    20  board.o(.text)
    HAL_InitTick                             0x08005513   Thumb Code    34  board.o(.text)
    HAL_Delay                                0x08005535   Thumb Code    10  board.o(.text)
    HAL_SuspendTick                          0x0800553f   Thumb Code     2  board.o(.text)
    HAL_ResumeTick                           0x08005541   Thumb Code     2  board.o(.text)
    HAL_MspInit                              0x08005543   Thumb Code    86  board.o(.text)
    rt_hw_board_init                         0x08005599   Thumb Code    30  board.o(.text)
    NMI_Handler                              0x080055d1   Thumb Code     2  stm32f4xx_it.o(.text)
    MemManage_Handler                        0x080055d3   Thumb Code     4  stm32f4xx_it.o(.text)
    BusFault_Handler                         0x080055d7   Thumb Code     4  stm32f4xx_it.o(.text)
    UsageFault_Handler                       0x080055db   Thumb Code     4  stm32f4xx_it.o(.text)
    SVC_Handler                              0x080055df   Thumb Code     2  stm32f4xx_it.o(.text)
    rt_hw_pin_init                           0x08005b1d   Thumb Code    18  drv_gpio.o(.text)
    HAL_GPIO_EXTI_Callback                   0x08005b7b   Thumb Code    12  drv_gpio.o(.text)
    EXTI0_IRQHandler                         0x08005b87   Thumb Code    18  drv_gpio.o(.text)
    EXTI1_IRQHandler                         0x08005b99   Thumb Code    18  drv_gpio.o(.text)
    EXTI2_IRQHandler                         0x08005bab   Thumb Code    18  drv_gpio.o(.text)
    EXTI3_IRQHandler                         0x08005bbd   Thumb Code    18  drv_gpio.o(.text)
    EXTI4_IRQHandler                         0x08005bcf   Thumb Code    18  drv_gpio.o(.text)
    EXTI9_5_IRQHandler                       0x08005be1   Thumb Code    46  drv_gpio.o(.text)
    EXTI15_10_IRQHandler                     0x08005c0f   Thumb Code    60  drv_gpio.o(.text)
    USART1_IRQHandler                        0x08005df3   Thumb Code    50  drv_usart.o(.text)
    USART2_IRQHandler                        0x08005e25   Thumb Code    50  drv_usart.o(.text)
    USART3_IRQHandler                        0x08005e57   Thumb Code    50  drv_usart.o(.text)
    USART6_IRQHandler                        0x08005e89   Thumb Code    50  drv_usart.o(.text)
    HAL_UART_MspInit                         0x08005ebb   Thumb Code   556  drv_usart.o(.text)
    HAL_UART_MspDeInit                       0x080060e7   Thumb Code   128  drv_usart.o(.text)
    hw_usart_init                            0x08006167   Thumb Code   174  drv_usart.o(.text)
    CAN1_TX_IRQHandler                       0x080062b7   Thumb Code   118  drv_can.o(.text)
    CAN1_RX0_IRQHandler                      0x0800632d   Thumb Code    50  drv_can.o(.text)
    CAN1_RX1_IRQHandler                      0x0800635f   Thumb Code    54  drv_can.o(.text)
    CAN1_SCE_IRQHandler                      0x08006395   Thumb Code   198  drv_can.o(.text)
    CAN2_TX_IRQHandler                       0x0800645b   Thumb Code   118  drv_can.o(.text)
    CAN2_RX0_IRQHandler                      0x080064d1   Thumb Code    50  drv_can.o(.text)
    CAN2_RX1_IRQHandler                      0x08006503   Thumb Code    54  drv_can.o(.text)
    CAN2_SCE_IRQHandler                      0x08006539   Thumb Code   198  drv_can.o(.text)
    HAL_CAN_ErrorCallback                    0x080065ff   Thumb Code    16  drv_can.o(.text)
    HAL_CAN_TxCpltCallback                   0x0800660f   Thumb Code    24  drv_can.o(.text)
    HAL_CAN_RxCpltCallback                   0x08006627   Thumb Code    22  drv_can.o(.text)
    HAL_CAN_MspInit                          0x08006bf7   Thumb Code   222  drv_can.o(.text)
    HAL_CAN_MspDeInit                        0x08006cd5   Thumb Code   102  drv_can.o(.text)
    hw_can_init                              0x08006d3b   Thumb Code   132  drv_can.o(.text)
    SystemInit                               0x08006e11   Thumb Code    82  system_stm32f4xx.o(.text)
    SystemCoreClockUpdate                    0x08006e63   Thumb Code   174  system_stm32f4xx.o(.text)
    Reset_Handler                            0x08006f31   Thumb Code     8  startup_stm32f407xx.o(.text)
    DebugMon_Handler                         0x08006f45   Thumb Code     2  startup_stm32f407xx.o(.text)
    ADC_IRQHandler                           0x08006f4b   Thumb Code     0  startup_stm32f407xx.o(.text)
    DCMI_IRQHandler                          0x08006f4b   Thumb Code     0  startup_stm32f407xx.o(.text)
    DMA1_Stream0_IRQHandler                  0x08006f4b   Thumb Code     0  startup_stm32f407xx.o(.text)
    DMA1_Stream1_IRQHandler                  0x08006f4b   Thumb Code     0  startup_stm32f407xx.o(.text)
    DMA1_Stream2_IRQHandler                  0x08006f4b   Thumb Code     0  startup_stm32f407xx.o(.text)
    DMA1_Stream3_IRQHandler                  0x08006f4b   Thumb Code     0  startup_stm32f407xx.o(.text)
    DMA1_Stream4_IRQHandler                  0x08006f4b   Thumb Code     0  startup_stm32f407xx.o(.text)
    DMA1_Stream5_IRQHandler                  0x08006f4b   Thumb Code     0  startup_stm32f407xx.o(.text)
    DMA1_Stream6_IRQHandler                  0x08006f4b   Thumb Code     0  startup_stm32f407xx.o(.text)
    DMA1_Stream7_IRQHandler                  0x08006f4b   Thumb Code     0  startup_stm32f407xx.o(.text)
    DMA2_Stream0_IRQHandler                  0x08006f4b   Thumb Code     0  startup_stm32f407xx.o(.text)
    DMA2_Stream1_IRQHandler                  0x08006f4b   Thumb Code     0  startup_stm32f407xx.o(.text)
    DMA2_Stream2_IRQHandler                  0x08006f4b   Thumb Code     0  startup_stm32f407xx.o(.text)
    DMA2_Stream3_IRQHandler                  0x08006f4b   Thumb Code     0  startup_stm32f407xx.o(.text)
    DMA2_Stream4_IRQHandler                  0x08006f4b   Thumb Code     0  startup_stm32f407xx.o(.text)
    DMA2_Stream5_IRQHandler                  0x08006f4b   Thumb Code     0  startup_stm32f407xx.o(.text)
    DMA2_Stream6_IRQHandler                  0x08006f4b   Thumb Code     0  startup_stm32f407xx.o(.text)
    DMA2_Stream7_IRQHandler                  0x08006f4b   Thumb Code     0  startup_stm32f407xx.o(.text)
    ETH_IRQHandler                           0x08006f4b   Thumb Code     0  startup_stm32f407xx.o(.text)
    ETH_WKUP_IRQHandler                      0x08006f4b   Thumb Code     0  startup_stm32f407xx.o(.text)
    FLASH_IRQHandler                         0x08006f4b   Thumb Code     0  startup_stm32f407xx.o(.text)
    FMC_IRQHandler                           0x08006f4b   Thumb Code     0  startup_stm32f407xx.o(.text)
    FPU_IRQHandler                           0x08006f4b   Thumb Code     0  startup_stm32f407xx.o(.text)
    HASH_RNG_IRQHandler                      0x08006f4b   Thumb Code     0  startup_stm32f407xx.o(.text)
    I2C1_ER_IRQHandler                       0x08006f4b   Thumb Code     0  startup_stm32f407xx.o(.text)
    I2C1_EV_IRQHandler                       0x08006f4b   Thumb Code     0  startup_stm32f407xx.o(.text)
    I2C2_ER_IRQHandler                       0x08006f4b   Thumb Code     0  startup_stm32f407xx.o(.text)
    I2C2_EV_IRQHandler                       0x08006f4b   Thumb Code     0  startup_stm32f407xx.o(.text)
    I2C3_ER_IRQHandler                       0x08006f4b   Thumb Code     0  startup_stm32f407xx.o(.text)
    I2C3_EV_IRQHandler                       0x08006f4b   Thumb Code     0  startup_stm32f407xx.o(.text)
    OTG_FS_IRQHandler                        0x08006f4b   Thumb Code     0  startup_stm32f407xx.o(.text)
    OTG_FS_WKUP_IRQHandler                   0x08006f4b   Thumb Code     0  startup_stm32f407xx.o(.text)
    OTG_HS_EP1_IN_IRQHandler                 0x08006f4b   Thumb Code     0  startup_stm32f407xx.o(.text)
    OTG_HS_EP1_OUT_IRQHandler                0x08006f4b   Thumb Code     0  startup_stm32f407xx.o(.text)
    OTG_HS_IRQHandler                        0x08006f4b   Thumb Code     0  startup_stm32f407xx.o(.text)
    OTG_HS_WKUP_IRQHandler                   0x08006f4b   Thumb Code     0  startup_stm32f407xx.o(.text)
    PVD_IRQHandler                           0x08006f4b   Thumb Code     0  startup_stm32f407xx.o(.text)
    RCC_IRQHandler                           0x08006f4b   Thumb Code     0  startup_stm32f407xx.o(.text)
    RTC_Alarm_IRQHandler                     0x08006f4b   Thumb Code     0  startup_stm32f407xx.o(.text)
    RTC_WKUP_IRQHandler                      0x08006f4b   Thumb Code     0  startup_stm32f407xx.o(.text)
    SDIO_IRQHandler                          0x08006f4b   Thumb Code     0  startup_stm32f407xx.o(.text)
    SPI1_IRQHandler                          0x08006f4b   Thumb Code     0  startup_stm32f407xx.o(.text)
    SPI2_IRQHandler                          0x08006f4b   Thumb Code     0  startup_stm32f407xx.o(.text)
    SPI3_IRQHandler                          0x08006f4b   Thumb Code     0  startup_stm32f407xx.o(.text)
    TAMP_STAMP_IRQHandler                    0x08006f4b   Thumb Code     0  startup_stm32f407xx.o(.text)
    TIM1_BRK_TIM9_IRQHandler                 0x08006f4b   Thumb Code     0  startup_stm32f407xx.o(.text)
    TIM1_CC_IRQHandler                       0x08006f4b   Thumb Code     0  startup_stm32f407xx.o(.text)
    TIM1_TRG_COM_TIM11_IRQHandler            0x08006f4b   Thumb Code     0  startup_stm32f407xx.o(.text)
    TIM1_UP_TIM10_IRQHandler                 0x08006f4b   Thumb Code     0  startup_stm32f407xx.o(.text)
    TIM2_IRQHandler                          0x08006f4b   Thumb Code     0  startup_stm32f407xx.o(.text)
    TIM3_IRQHandler                          0x08006f4b   Thumb Code     0  startup_stm32f407xx.o(.text)
    TIM4_IRQHandler                          0x08006f4b   Thumb Code     0  startup_stm32f407xx.o(.text)
    TIM5_IRQHandler                          0x08006f4b   Thumb Code     0  startup_stm32f407xx.o(.text)
    TIM6_DAC_IRQHandler                      0x08006f4b   Thumb Code     0  startup_stm32f407xx.o(.text)
    TIM7_IRQHandler                          0x08006f4b   Thumb Code     0  startup_stm32f407xx.o(.text)
    TIM8_BRK_TIM12_IRQHandler                0x08006f4b   Thumb Code     0  startup_stm32f407xx.o(.text)
    TIM8_CC_IRQHandler                       0x08006f4b   Thumb Code     0  startup_stm32f407xx.o(.text)
    TIM8_TRG_COM_TIM14_IRQHandler            0x08006f4b   Thumb Code     0  startup_stm32f407xx.o(.text)
    TIM8_UP_TIM13_IRQHandler                 0x08006f4b   Thumb Code     0  startup_stm32f407xx.o(.text)
    UART4_IRQHandler                         0x08006f4b   Thumb Code     0  startup_stm32f407xx.o(.text)
    UART5_IRQHandler                         0x08006f4b   Thumb Code     0  startup_stm32f407xx.o(.text)
    WWDG_IRQHandler                          0x08006f4b   Thumb Code     0  startup_stm32f407xx.o(.text)
    __user_initial_stackheap                 0x08006f4d   Thumb Code     0  startup_stm32f407xx.o(.text)
    HAL_Init                                 0x08006f97   Thumb Code    54  stm32f4xx_hal.o(.text)
    HAL_MspDeInit                            0x08006fcd   Thumb Code     2  stm32f4xx_hal.o(.text)
    HAL_DeInit                               0x08006fcf   Thumb Code    64  stm32f4xx_hal.o(.text)
    HAL_IncTick                              0x0800700f   Thumb Code    12  stm32f4xx_hal.o(.text)
    HAL_GetTick                              0x0800701b   Thumb Code     6  stm32f4xx_hal.o(.text)
    HAL_GetHalVersion                        0x08007063   Thumb Code     4  stm32f4xx_hal.o(.text)
    HAL_GetREVID                             0x08007067   Thumb Code     8  stm32f4xx_hal.o(.text)
    HAL_GetDEVID                             0x0800706f   Thumb Code    10  stm32f4xx_hal.o(.text)
    HAL_DBGMCU_EnableDBGSleepMode            0x08007079   Thumb Code    14  stm32f4xx_hal.o(.text)
    HAL_DBGMCU_DisableDBGSleepMode           0x08007087   Thumb Code    14  stm32f4xx_hal.o(.text)
    HAL_DBGMCU_EnableDBGStopMode             0x08007095   Thumb Code    14  stm32f4xx_hal.o(.text)
    HAL_DBGMCU_DisableDBGStopMode            0x080070a3   Thumb Code    14  stm32f4xx_hal.o(.text)
    HAL_DBGMCU_EnableDBGStandbyMode          0x080070b1   Thumb Code    14  stm32f4xx_hal.o(.text)
    HAL_DBGMCU_DisableDBGStandbyMode         0x080070bf   Thumb Code    14  stm32f4xx_hal.o(.text)
    HAL_EnableCompensationCell               0x080070cd   Thumb Code     8  stm32f4xx_hal.o(.text)
    HAL_DisableCompensationCell              0x080070d5   Thumb Code     8  stm32f4xx_hal.o(.text)
    HAL_GetUID                               0x080070dd   Thumb Code    24  stm32f4xx_hal.o(.text)
    HAL_CAN_Init                             0x08007117   Thumb Code   444  stm32f4xx_hal_can.o(.text)
    HAL_CAN_ConfigFilter                     0x080072d3   Thumb Code   260  stm32f4xx_hal_can.o(.text)
    HAL_CAN_DeInit                           0x080073d9   Thumb Code    40  stm32f4xx_hal_can.o(.text)
    HAL_CAN_Transmit                         0x08007401   Thumb Code   684  stm32f4xx_hal_can.o(.text)
    HAL_CAN_Transmit_IT                      0x080076ad   Thumb Code   520  stm32f4xx_hal_can.o(.text)
    HAL_CAN_Receive                          0x080078b5   Thumb Code   686  stm32f4xx_hal_can.o(.text)
    HAL_CAN_Receive_IT                       0x08007b63   Thumb Code   268  stm32f4xx_hal_can.o(.text)
    HAL_CAN_Sleep                            0x08007c6f   Thumb Code   146  stm32f4xx_hal_can.o(.text)
    HAL_CAN_WakeUp                           0x08007d01   Thumb Code   142  stm32f4xx_hal_can.o(.text)
    HAL_CAN_IRQHandler                       0x08007fb9   Thumb Code   580  stm32f4xx_hal_can.o(.text)
    HAL_CAN_GetState                         0x080081fd   Thumb Code     8  stm32f4xx_hal_can.o(.text)
    HAL_CAN_GetError                         0x08008205   Thumb Code     6  stm32f4xx_hal_can.o(.text)
    HAL_NVIC_SetPriorityGrouping             0x0800823d   Thumb Code    36  stm32f4xx_hal_cortex.o(.text)
    HAL_NVIC_SetPriority                     0x08008261   Thumb Code   124  stm32f4xx_hal_cortex.o(.text)
    HAL_NVIC_EnableIRQ                       0x080082dd   Thumb Code    26  stm32f4xx_hal_cortex.o(.text)
    HAL_NVIC_DisableIRQ                      0x080082f7   Thumb Code    22  stm32f4xx_hal_cortex.o(.text)
    HAL_NVIC_SystemReset                     0x0800830d   Thumb Code    64  stm32f4xx_hal_cortex.o(.text)
    HAL_SYSTICK_Config                       0x0800834d   Thumb Code    52  stm32f4xx_hal_cortex.o(.text)
    HAL_MPU_Disable                          0x08008381   Thumb Code    42  stm32f4xx_hal_cortex.o(.text)
    HAL_MPU_Enable                           0x080083ab   Thumb Code    60  stm32f4xx_hal_cortex.o(.text)
    HAL_MPU_ConfigRegion                     0x080083e7   Thumb Code    90  stm32f4xx_hal_cortex.o(.text)
    HAL_NVIC_GetPriorityGrouping             0x08008441   Thumb Code     8  stm32f4xx_hal_cortex.o(.text)
    HAL_NVIC_GetPriority                     0x08008449   Thumb Code   138  stm32f4xx_hal_cortex.o(.text)
    HAL_NVIC_SetPendingIRQ                   0x080084d3   Thumb Code    24  stm32f4xx_hal_cortex.o(.text)
    HAL_NVIC_GetPendingIRQ                   0x080084eb   Thumb Code    38  stm32f4xx_hal_cortex.o(.text)
    HAL_NVIC_ClearPendingIRQ                 0x08008511   Thumb Code    22  stm32f4xx_hal_cortex.o(.text)
    HAL_NVIC_GetActive                       0x08008527   Thumb Code    38  stm32f4xx_hal_cortex.o(.text)
    HAL_SYSTICK_CLKSourceConfig              0x0800854d   Thumb Code    40  stm32f4xx_hal_cortex.o(.text)
    HAL_SYSTICK_Callback                     0x08008575   Thumb Code     2  stm32f4xx_hal_cortex.o(.text)
    HAL_SYSTICK_IRQHandler                   0x08008577   Thumb Code     8  stm32f4xx_hal_cortex.o(.text)
    HAL_DMA_Init                             0x08008679   Thumb Code   232  stm32f4xx_hal_dma.o(.text)
    HAL_DMA_DeInit                           0x08008761   Thumb Code    98  stm32f4xx_hal_dma.o(.text)
    HAL_DMA_Start                            0x080087ef   Thumb Code   102  stm32f4xx_hal_dma.o(.text)
    HAL_DMA_Start_IT                         0x08008855   Thumb Code   158  stm32f4xx_hal_dma.o(.text)
    HAL_DMA_Abort                            0x080088f3   Thumb Code   178  stm32f4xx_hal_dma.o(.text)
    HAL_DMA_Abort_IT                         0x080089a5   Thumb Code    40  stm32f4xx_hal_dma.o(.text)
    HAL_DMA_PollForTransfer                  0x080089cd   Thumb Code   346  stm32f4xx_hal_dma.o(.text)
    HAL_DMA_IRQHandler                       0x08008b27   Thumb Code   570  stm32f4xx_hal_dma.o(.text)
    HAL_DMA_RegisterCallback                 0x08008d61   Thumb Code    94  stm32f4xx_hal_dma.o(.text)
    HAL_DMA_UnRegisterCallback               0x08008dbf   Thumb Code   124  stm32f4xx_hal_dma.o(.text)
    HAL_DMA_GetState                         0x08008e3b   Thumb Code     8  stm32f4xx_hal_dma.o(.text)
    HAL_DMA_GetError                         0x08008e43   Thumb Code     6  stm32f4xx_hal_dma.o(.text)
    HAL_GPIO_Init                            0x08008e4d   Thumb Code   466  stm32f4xx_hal_gpio.o(.text)
    HAL_GPIO_DeInit                          0x0800901f   Thumb Code   316  stm32f4xx_hal_gpio.o(.text)
    HAL_GPIO_ReadPin                         0x0800915b   Thumb Code    16  stm32f4xx_hal_gpio.o(.text)
    HAL_GPIO_WritePin                        0x0800916b   Thumb Code    12  stm32f4xx_hal_gpio.o(.text)
    HAL_GPIO_TogglePin                       0x08009177   Thumb Code     8  stm32f4xx_hal_gpio.o(.text)
    HAL_GPIO_LockPin                         0x0800917f   Thumb Code    46  stm32f4xx_hal_gpio.o(.text)
    HAL_GPIO_EXTI_IRQHandler                 0x080091af   Thumb Code    28  stm32f4xx_hal_gpio.o(.text)
    HAL_RCC_OscConfig                        0x080091fd   Thumb Code  1040  stm32f4xx_hal_rcc.o(.text)
    HAL_RCC_GetSysClockFreq                  0x0800960d   Thumb Code   162  stm32f4xx_hal_rcc.o(.text)
    HAL_RCC_ClockConfig                      0x080096af   Thumb Code   366  stm32f4xx_hal_rcc.o(.text)
    HAL_RCC_MCOConfig                        0x0800981d   Thumb Code   178  stm32f4xx_hal_rcc.o(.text)
    HAL_RCC_EnableCSS                        0x080098cf   Thumb Code     8  stm32f4xx_hal_rcc.o(.text)
    HAL_RCC_DisableCSS                       0x080098d7   Thumb Code     8  stm32f4xx_hal_rcc.o(.text)
    HAL_RCC_GetHCLKFreq                      0x080098df   Thumb Code     6  stm32f4xx_hal_rcc.o(.text)
    HAL_RCC_GetPCLK1Freq                     0x080098e5   Thumb Code    22  stm32f4xx_hal_rcc.o(.text)
    HAL_RCC_GetPCLK2Freq                     0x080098fb   Thumb Code    22  stm32f4xx_hal_rcc.o(.text)
    HAL_RCC_GetOscConfig                     0x08009911   Thumb Code   288  stm32f4xx_hal_rcc.o(.text)
    HAL_RCC_GetClockConfig                   0x08009a31   Thumb Code    58  stm32f4xx_hal_rcc.o(.text)
    HAL_RCC_CSSCallback                      0x08009a6b   Thumb Code     2  stm32f4xx_hal_rcc.o(.text)
    HAL_RCC_NMI_IRQHandler                   0x08009a6d   Thumb Code    30  stm32f4xx_hal_rcc.o(.text)
    HAL_UART_Init                            0x08009df7   Thumb Code   114  stm32f4xx_hal_uart.o(.text)
    HAL_HalfDuplex_Init                      0x08009e69   Thumb Code   128  stm32f4xx_hal_uart.o(.text)
    HAL_LIN_Init                             0x08009ee9   Thumb Code   142  stm32f4xx_hal_uart.o(.text)
    HAL_MultiProcessor_Init                  0x08009f77   Thumb Code   154  stm32f4xx_hal_uart.o(.text)
    HAL_UART_DeInit                          0x0800a013   Thumb Code    46  stm32f4xx_hal_uart.o(.text)
    HAL_UART_Transmit                        0x0800a0ad   Thumb Code   214  stm32f4xx_hal_uart.o(.text)
    HAL_UART_Receive                         0x0800a183   Thumb Code   222  stm32f4xx_hal_uart.o(.text)
    HAL_UART_Transmit_IT                     0x0800a261   Thumb Code    88  stm32f4xx_hal_uart.o(.text)
    HAL_UART_Receive_IT                      0x0800a2b9   Thumb Code   100  stm32f4xx_hal_uart.o(.text)
    HAL_UART_ErrorCallback                   0x0800a31d   Thumb Code     2  stm32f4xx_hal_uart.o(.text)
    HAL_UART_TxHalfCpltCallback              0x0800a3a3   Thumb Code     2  stm32f4xx_hal_uart.o(.text)
    HAL_UART_TxCpltCallback                  0x0800a3b3   Thumb Code     2  stm32f4xx_hal_uart.o(.text)
    HAL_UART_Transmit_DMA                    0x0800a3eb   Thumb Code   142  stm32f4xx_hal_uart.o(.text)
    HAL_UART_RxHalfCpltCallback              0x0800a479   Thumb Code     2  stm32f4xx_hal_uart.o(.text)
    HAL_UART_RxCpltCallback                  0x0800a489   Thumb Code     2  stm32f4xx_hal_uart.o(.text)
    HAL_UART_Receive_DMA                     0x0800a4d1   Thumb Code   182  stm32f4xx_hal_uart.o(.text)
    HAL_UART_DMAPause                        0x0800a587   Thumb Code   124  stm32f4xx_hal_uart.o(.text)
    HAL_UART_DMAResume                       0x0800a603   Thumb Code   126  stm32f4xx_hal_uart.o(.text)
    HAL_UART_DMAStop                         0x0800a681   Thumb Code   102  stm32f4xx_hal_uart.o(.text)
    HAL_UART_Abort                           0x0800a6e7   Thumb Code   126  stm32f4xx_hal_uart.o(.text)
    HAL_UART_AbortTransmit                   0x0800a765   Thumb Code    68  stm32f4xx_hal_uart.o(.text)
    HAL_UART_AbortReceive                    0x0800a7a9   Thumb Code    80  stm32f4xx_hal_uart.o(.text)
    HAL_UART_AbortCpltCallback               0x0800a7f9   Thumb Code     2  stm32f4xx_hal_uart.o(.text)
    HAL_UART_Abort_IT                        0x0800a879   Thumb Code   208  stm32f4xx_hal_uart.o(.text)
    HAL_UART_AbortTransmitCpltCallback       0x0800a949   Thumb Code     2  stm32f4xx_hal_uart.o(.text)
    HAL_UART_AbortTransmit_IT                0x0800a963   Thumb Code   102  stm32f4xx_hal_uart.o(.text)
    HAL_UART_AbortReceiveCpltCallback        0x0800a9c9   Thumb Code     2  stm32f4xx_hal_uart.o(.text)
    HAL_UART_AbortReceive_IT                 0x0800a9e3   Thumb Code   114  stm32f4xx_hal_uart.o(.text)
    HAL_UART_IRQHandler                      0x0800ab8b   Thumb Code   348  stm32f4xx_hal_uart.o(.text)
    HAL_LIN_SendBreak                        0x0800ace7   Thumb Code    62  stm32f4xx_hal_uart.o(.text)
    HAL_MultiProcessor_EnterMuteMode         0x0800ad25   Thumb Code    62  stm32f4xx_hal_uart.o(.text)
    HAL_MultiProcessor_ExitMuteMode          0x0800ad63   Thumb Code    62  stm32f4xx_hal_uart.o(.text)
    HAL_HalfDuplex_EnableTransmitter         0x0800ada1   Thumb Code    68  stm32f4xx_hal_uart.o(.text)
    HAL_HalfDuplex_EnableReceiver            0x0800ade5   Thumb Code    68  stm32f4xx_hal_uart.o(.text)
    HAL_UART_GetState                        0x0800ae29   Thumb Code    20  stm32f4xx_hal_uart.o(.text)
    HAL_UART_GetError                        0x0800ae3d   Thumb Code     6  stm32f4xx_hal_uart.o(.text)
    rt_hw_stack_init                         0x0800ae45   Thumb Code    74  cpuport.o(.text)
    rt_hw_exception_install                  0x0800ae8f   Thumb Code     6  cpuport.o(.text)
    rt_hw_hard_fault_exception               0x0800b073   Thumb Code   220  cpuport.o(.text)
    rt_hw_cpu_shutdown                       0x0800b14f   Thumb Code    22  cpuport.o(.text)
    rt_hw_cpu_reset                          0x0800b165   Thumb Code    10  cpuport.o(.text)
    rt_hw_interrupt_disable                  0x0800b451   Thumb Code     8  context_rvds.o(.text)
    rt_hw_interrupt_enable                   0x0800b459   Thumb Code     6  context_rvds.o(.text)
    rt_hw_context_switch                     0x0800b45f   Thumb Code    32  context_rvds.o(.text)
    rt_hw_context_switch_interrupt           0x0800b45f   Thumb Code     0  context_rvds.o(.text)
    PendSV_Handler                           0x0800b47f   Thumb Code   108  context_rvds.o(.text)
    rt_hw_context_switch_to                  0x0800b4eb   Thumb Code    70  context_rvds.o(.text)
    rt_hw_interrupt_thread_switch            0x0800b531   Thumb Code     2  context_rvds.o(.text)
    HardFault_Handler                        0x0800b533   Thumb Code    56  context_rvds.o(.text)
    rt_hw_can_register                       0x0800c0ef   Thumb Code   154  can.o(.text)
    rt_hw_can_isr                            0x0800c189   Thumb Code   690  can.o(.text)
    cmd_canstat                              0x0800c43b   Thumb Code   516  can.o(.text)
    rt_device_pin_register                   0x0800c721   Thumb Code    56  pin.o(.text)
    rt_pin_attach_irq                        0x0800c759   Thumb Code    60  pin.o(.text)
    rt_pin_detach_irq                        0x0800c795   Thumb Code    46  pin.o(.text)
    rt_pin_irq_enable                        0x0800c7c3   Thumb Code    50  pin.o(.text)
    rt_pin_mode                              0x0800c7f5   Thumb Code    38  pin.o(.text)
    rt_pin_write                             0x0800c81b   Thumb Code    38  pin.o(.text)
    rt_pin_read                              0x0800c841   Thumb Code    34  pin.o(.text)
    rt_hw_serial_register                    0x0800d175   Thumb Code   172  serial.o(.text)
    rt_hw_serial_isr                         0x0800d221   Thumb Code   394  serial.o(.text)
    rt_completion_init                       0x0800d549   Thumb Code    42  completion.o(.text)
    rt_completion_wait                       0x0800d573   Thumb Code   198  completion.o(.text)
    rt_completion_done                       0x0800d639   Thumb Code    76  completion.o(.text)
    rt_data_queue_init                       0x0800d723   Thumb Code    76  dataqueue.o(.text)
    rt_data_queue_push                       0x0800d76f   Thumb Code   282  dataqueue.o(.text)
    rt_data_queue_pop                        0x0800d889   Thumb Code   342  dataqueue.o(.text)
    rt_data_queue_peak                       0x0800d9df   Thumb Code   102  dataqueue.o(.text)
    rt_data_queue_reset                      0x0800da45   Thumb Code   106  dataqueue.o(.text)
    finsh_set_prompt                         0x0800db39   Thumb Code    64  shell.o(.text)
    finsh_get_prompt                         0x0800db79   Thumb Code    84  shell.o(.text)
    finsh_get_prompt_mode                    0x0800dbcd   Thumb Code    32  shell.o(.text)
    finsh_set_prompt_mode                    0x0800dbed   Thumb Code    42  shell.o(.text)
    finsh_set_device                         0x0800dc75   Thumb Code   156  shell.o(.text)
    finsh_get_device                         0x0800dd11   Thumb Code    28  shell.o(.text)
    finsh_set_echo                           0x0800dd2d   Thumb Code    42  shell.o(.text)
    finsh_get_echo                           0x0800dd57   Thumb Code    32  shell.o(.text)
    finsh_thread_entry                       0x0800de99   Thumb Code  1414  shell.o(.text)
    finsh_system_function_init               0x0800e41f   Thumb Code    10  shell.o(.text)
    finsh_system_var_init                    0x0800e429   Thumb Code    10  shell.o(.text)
    finsh_system_init                        0x0800e433   Thumb Code   102  shell.o(.text)
    hello                                    0x0800e4f1   Thumb Code    12  cmd.o(.text)
    version                                  0x0800e4fd   Thumb Code    10  cmd.o(.text)
    list_thread                              0x0800e5b9   Thumb Code   294  cmd.o(.text)
    list_sem                                 0x0800e707   Thumb Code   216  cmd.o(.text)
    list_event                               0x0800e7df   Thumb Code   204  cmd.o(.text)
    list_mutex                               0x0800e8ab   Thumb Code   610  cmd.o(.text)
    list_mailbox                             0x0800eb0d   Thumb Code   226  cmd.o(.text)
    list_msgqueue                            0x0800ebef   Thumb Code   216  cmd.o(.text)
    list_memheap                             0x0800ecc7   Thumb Code   158  cmd.o(.text)
    list_mempool                             0x0800ed65   Thumb Code   210  cmd.o(.text)
    list_timer                               0x0800ee37   Thumb Code   862  cmd.o(.text)
    list_device                              0x0800f195   Thumb Code   172  cmd.o(.text)
    list                                     0x0800f241   Thumb Code    54  cmd.o(.text)
    msh_is_used                              0x0800f389   Thumb Code     4  msh.o(.text)
    msh_help                                 0x0800f38d   Thumb Code    66  msh.o(.text)
    msh_exec                                 0x0800f56d   Thumb Code    82  msh.o(.text)
    msh_auto_complete                        0x0800f5df   Thumb Code   138  msh.o(.text)
    cmd_ps                                   0x0800f6f1   Thumb Code    14  msh_cmd.o(.text)
    cmd_time                                 0x0800f6ff   Thumb Code     6  msh_cmd.o(.text)
    cmd_free                                 0x0800f705   Thumb Code    14  msh_cmd.o(.text)
    __aeabi_uldivmod                         0x0800f713   Thumb Code     0  lludivv7m.o(.text)
    _ll_udiv                                 0x0800f713   Thumb Code   238  lludivv7m.o(.text)
    memcmp                                   0x0800f801   Thumb Code    88  memcmp.o(.text)
    strcpy                                   0x0800f859   Thumb Code    72  strcpy.o(.text)
    strlen                                   0x0800f8a1   Thumb Code    62  strlen.o(.text)
    strncmp                                  0x0800f8df   Thumb Code   150  strncmp.o(.text)
    strcat                                   0x0800f975   Thumb Code    24  strcat.o(.text)
    __aeabi_memcpy                           0x0800f98d   Thumb Code     0  rt_memcpy_v6.o(.text)
    __rt_memcpy                              0x0800f98d   Thumb Code   138  rt_memcpy_v6.o(.text)
    _memcpy_lastbytes                        0x0800f9f3   Thumb Code     0  rt_memcpy_v6.o(.text)
    __aeabi_memcpy4                          0x0800fa17   Thumb Code     0  rt_memcpy_w.o(.text)
    __aeabi_memcpy8                          0x0800fa17   Thumb Code     0  rt_memcpy_w.o(.text)
    __rt_memcpy_w                            0x0800fa17   Thumb Code   100  rt_memcpy_w.o(.text)
    _memcpy_lastbytes_aligned                0x0800fa5f   Thumb Code     0  rt_memcpy_w.o(.text)
    __aeabi_memclr                           0x0800fa7b   Thumb Code     0  rt_memclr.o(.text)
    __rt_memclr                              0x0800fa7b   Thumb Code    68  rt_memclr.o(.text)
    _memset                                  0x0800fa7f   Thumb Code     0  rt_memclr.o(.text)
    __aeabi_memclr4                          0x0800fabf   Thumb Code     0  rt_memclr_w.o(.text)
    __aeabi_memclr8                          0x0800fabf   Thumb Code     0  rt_memclr_w.o(.text)
    __rt_memclr_w                            0x0800fabf   Thumb Code    78  rt_memclr_w.o(.text)
    _memset_w                                0x0800fac3   Thumb Code     0  rt_memclr_w.o(.text)
    strncpy                                  0x0800fb0d   Thumb Code    86  strncpy.o(.text)
    __use_two_region_memory                  0x0800fb63   Thumb Code     2  heapauxi.o(.text)
    __rt_heap_escrow$2region                 0x0800fb65   Thumb Code     2  heapauxi.o(.text)
    __rt_heap_expand$2region                 0x0800fb67   Thumb Code     2  heapauxi.o(.text)
    __user_setup_stackheap                   0x0800fb69   Thumb Code    74  sys_stackheap_outer.o(.text)
    exit                                     0x0800fbb3   Thumb Code    18  exit.o(.text)
    __user_libspace                          0x0800fbc5   Thumb Code     8  libspace.o(.text)
    __user_perproc_libspace                  0x0800fbc5   Thumb Code     0  libspace.o(.text)
    __user_perthread_libspace                0x0800fbc5   Thumb Code     0  libspace.o(.text)
    _sys_exit                                0x0800fbcd   Thumb Code     8  sys_exit.o(.text)
    __I$use$semihosting                      0x0800fbd9   Thumb Code     0  use_no_semi.o(.text)
    __use_no_semihosting_swi                 0x0800fbd9   Thumb Code     2  use_no_semi.o(.text)
    __semihosting_library_function           0x0800fbdb   Thumb Code     0  indicate_semi.o(.text)
    _fp_init                                 0x0800fbdb   Thumb Code    10  fpinit.o(x$fpl$fpinit)
    __fplib_config_fpu_vfp                   0x0800fbe3   Thumb Code     0  fpinit.o(x$fpl$fpinit)
    __fplib_config_pureend_doubles           0x0800fbe3   Thumb Code     0  fpinit.o(x$fpl$fpinit)
    __lowest_bit_bitmap                      0x0800fece   Data         256  kservice.o(.constdata)
    AHBPrescTable                            0x08010494   Data          16  system_stm32f4xx.o(.constdata)
    APBPrescTable                            0x080104a4   Data           8  system_stm32f4xx.o(.constdata)
    __fsym_list_mem_name                     0x08010e31   Data           9  mem.o(.rodata.name)
    __fsym_list_mem_desc                     0x08010e3a   Data          30  mem.o(.rodata.name)
    __fsym___cmd_canstat_name                0x08010e58   Data          14  can.o(.rodata.name)
    __fsym___cmd_canstat_desc                0x08010e66   Data          24  can.o(.rodata.name)
    __fsym_pinMode_name                      0x08010e7e   Data           8  pin.o(.rodata.name)
    __fsym_pinMode_desc                      0x08010e86   Data          22  pin.o(.rodata.name)
    __fsym_pinWrite_name                     0x08010e9c   Data           9  pin.o(.rodata.name)
    __fsym_pinWrite_desc                     0x08010ea5   Data          28  pin.o(.rodata.name)
    __fsym_pinRead_name                      0x08010ec1   Data           8  pin.o(.rodata.name)
    __fsym_pinRead_desc                      0x08010ec9   Data          30  pin.o(.rodata.name)
    __fsym_hello_name                        0x08010ee7   Data           6  cmd.o(.rodata.name)
    __fsym_hello_desc                        0x08010eed   Data          16  cmd.o(.rodata.name)
    __fsym_version_name                      0x08010efd   Data           8  cmd.o(.rodata.name)
    __fsym_version_desc                      0x08010f05   Data          35  cmd.o(.rodata.name)
    __fsym___cmd_version_name                0x08010f28   Data          14  cmd.o(.rodata.name)
    __fsym___cmd_version_desc                0x08010f36   Data          35  cmd.o(.rodata.name)
    __fsym_list_thread_name                  0x08010f59   Data          12  cmd.o(.rodata.name)
    __fsym_list_thread_desc                  0x08010f65   Data          12  cmd.o(.rodata.name)
    __fsym___cmd_list_thread_name            0x08010f71   Data          18  cmd.o(.rodata.name)
    __fsym___cmd_list_thread_desc            0x08010f83   Data          12  cmd.o(.rodata.name)
    __fsym_list_sem_name                     0x08010f8f   Data           9  cmd.o(.rodata.name)
    __fsym_list_sem_desc                     0x08010f98   Data          25  cmd.o(.rodata.name)
    __fsym___cmd_list_sem_name               0x08010fb1   Data          15  cmd.o(.rodata.name)
    __fsym___cmd_list_sem_desc               0x08010fc0   Data          25  cmd.o(.rodata.name)
    __fsym_list_event_name                   0x08010fd9   Data          11  cmd.o(.rodata.name)
    __fsym_list_event_desc                   0x08010fe4   Data          21  cmd.o(.rodata.name)
    __fsym___cmd_list_event_name             0x08010ff9   Data          17  cmd.o(.rodata.name)
    __fsym___cmd_list_event_desc             0x0801100a   Data          21  cmd.o(.rodata.name)
    __fsym_list_mutex_name                   0x0801101f   Data          11  cmd.o(.rodata.name)
    __fsym_list_mutex_desc                   0x0801102a   Data          21  cmd.o(.rodata.name)
    __fsym___cmd_list_mutex_name             0x0801103f   Data          17  cmd.o(.rodata.name)
    __fsym___cmd_list_mutex_desc             0x08011050   Data          21  cmd.o(.rodata.name)
    __fsym_list_mailbox_name                 0x08011065   Data          13  cmd.o(.rodata.name)
    __fsym_list_mailbox_desc                 0x08011072   Data          24  cmd.o(.rodata.name)
    __fsym___cmd_list_mailbox_name           0x0801108a   Data          19  cmd.o(.rodata.name)
    __fsym___cmd_list_mailbox_desc           0x0801109d   Data          24  cmd.o(.rodata.name)
    __fsym_list_msgqueue_name                0x080110b5   Data          14  cmd.o(.rodata.name)
    __fsym_list_msgqueue_desc                0x080110c3   Data          29  cmd.o(.rodata.name)
    __fsym___cmd_list_msgqueue_name          0x080110e0   Data          20  cmd.o(.rodata.name)
    __fsym___cmd_list_msgqueue_desc          0x080110f4   Data          29  cmd.o(.rodata.name)
    __fsym_list_memheap_name                 0x08011111   Data          13  cmd.o(.rodata.name)
    __fsym_list_memheap_desc                 0x0801111e   Data          27  cmd.o(.rodata.name)
    __fsym___cmd_list_memheap_name           0x08011139   Data          19  cmd.o(.rodata.name)
    __fsym___cmd_list_memheap_desc           0x0801114c   Data          27  cmd.o(.rodata.name)
    __fsym_list_mempool_name                 0x08011167   Data          13  cmd.o(.rodata.name)
    __fsym_list_mempool_desc                 0x08011174   Data          27  cmd.o(.rodata.name)
    __fsym___cmd_list_mempool_name           0x0801118f   Data          19  cmd.o(.rodata.name)
    __fsym___cmd_list_mempool_desc           0x080111a2   Data          27  cmd.o(.rodata.name)
    __fsym_list_timer_name                   0x080111bd   Data          11  cmd.o(.rodata.name)
    __fsym_list_timer_desc                   0x080111c8   Data          21  cmd.o(.rodata.name)
    __fsym___cmd_list_timer_name             0x080111dd   Data          17  cmd.o(.rodata.name)
    __fsym___cmd_list_timer_desc             0x080111ee   Data          21  cmd.o(.rodata.name)
    __fsym_list_device_name                  0x08011203   Data          12  cmd.o(.rodata.name)
    __fsym_list_device_desc                  0x0801120f   Data          22  cmd.o(.rodata.name)
    __fsym___cmd_list_device_name            0x08011225   Data          18  cmd.o(.rodata.name)
    __fsym___cmd_list_device_desc            0x08011237   Data          22  cmd.o(.rodata.name)
    __fsym_list_name                         0x0801124d   Data           5  cmd.o(.rodata.name)
    __fsym_list_desc                         0x08011252   Data          26  cmd.o(.rodata.name)
    __fsym___cmd_help_name                   0x0801126c   Data          11  msh.o(.rodata.name)
    __fsym___cmd_help_desc                   0x08011277   Data          22  msh.o(.rodata.name)
    __fsym___cmd_ps_name                     0x0801128d   Data           9  msh_cmd.o(.rodata.name)
    __fsym___cmd_ps_desc                     0x08011296   Data          28  msh_cmd.o(.rodata.name)
    __fsym___cmd_time_name                   0x080112b2   Data          11  msh_cmd.o(.rodata.name)
    __fsym___cmd_time_desc                   0x080112bd   Data          27  msh_cmd.o(.rodata.name)
    __fsym___cmd_free_name                   0x080112d8   Data          11  msh_cmd.o(.rodata.name)
    __fsym___cmd_free_desc                   0x080112e3   Data          37  msh_cmd.o(.rodata.name)
    __rt_init_rti_start                      0x08011308   Data           4  components.o(.rti_fn.0)
    __rt_init_rti_board_start                0x0801130c   Data           4  components.o(.rti_fn.0.end)
    __rt_init_rt_hw_pin_init                 0x08011310   Data           4  drv_gpio.o(.rti_fn.1)
    __rt_init_hw_usart_init                  0x08011314   Data           4  drv_usart.o(.rti_fn.1)
    __rt_init_hw_can_init                    0x08011318   Data           4  drv_can.o(.rti_fn.1)
    __rt_init_rti_board_end                  0x0801131c   Data           4  components.o(.rti_fn.1.end)
    __rt_init_init_camera_uart               0x08011320   Data           4  camera.o(.rti_fn.6)
    __rt_init_init_motor_uart                0x08011324   Data           4  motor.o(.rti_fn.6)
    __rt_init_finsh_system_init              0x08011328   Data           4  shell.o(.rti_fn.6)
    __rt_init_rti_end                        0x0801132c   Data           4  components.o(.rti_fn.6.end)
    FSymTab$$Base                            0x08011330   Number         0  mem.o(FSymTab)
    __fsym_list_mem                          0x08011330   Data          12  mem.o(FSymTab)
    __fsym___cmd_canstat                     0x0801133c   Data          12  can.o(FSymTab)
    __fsym_pinMode                           0x08011348   Data          12  pin.o(FSymTab)
    __fsym_pinWrite                          0x08011354   Data          12  pin.o(FSymTab)
    __fsym_pinRead                           0x08011360   Data          12  pin.o(FSymTab)
    __fsym_hello                             0x0801136c   Data          12  cmd.o(FSymTab)
    __fsym_version                           0x08011378   Data          12  cmd.o(FSymTab)
    __fsym___cmd_version                     0x08011384   Data          12  cmd.o(FSymTab)
    __fsym_list_thread                       0x08011390   Data          12  cmd.o(FSymTab)
    __fsym___cmd_list_thread                 0x0801139c   Data          12  cmd.o(FSymTab)
    __fsym_list_sem                          0x080113a8   Data          12  cmd.o(FSymTab)
    __fsym___cmd_list_sem                    0x080113b4   Data          12  cmd.o(FSymTab)
    __fsym_list_event                        0x080113c0   Data          12  cmd.o(FSymTab)
    __fsym___cmd_list_event                  0x080113cc   Data          12  cmd.o(FSymTab)
    __fsym_list_mutex                        0x080113d8   Data          12  cmd.o(FSymTab)
    __fsym___cmd_list_mutex                  0x080113e4   Data          12  cmd.o(FSymTab)
    __fsym_list_mailbox                      0x080113f0   Data          12  cmd.o(FSymTab)
    __fsym___cmd_list_mailbox                0x080113fc   Data          12  cmd.o(FSymTab)
    __fsym_list_msgqueue                     0x08011408   Data          12  cmd.o(FSymTab)
    __fsym___cmd_list_msgqueue               0x08011414   Data          12  cmd.o(FSymTab)
    __fsym_list_memheap                      0x08011420   Data          12  cmd.o(FSymTab)
    __fsym___cmd_list_memheap                0x0801142c   Data          12  cmd.o(FSymTab)
    __fsym_list_mempool                      0x08011438   Data          12  cmd.o(FSymTab)
    __fsym___cmd_list_mempool                0x08011444   Data          12  cmd.o(FSymTab)
    __fsym_list_timer                        0x08011450   Data          12  cmd.o(FSymTab)
    __fsym___cmd_list_timer                  0x0801145c   Data          12  cmd.o(FSymTab)
    __fsym_list_device                       0x08011468   Data          12  cmd.o(FSymTab)
    __fsym___cmd_list_device                 0x08011474   Data          12  cmd.o(FSymTab)
    __fsym_list                              0x08011480   Data          12  cmd.o(FSymTab)
    __fsym___cmd_help                        0x0801148c   Data          12  msh.o(FSymTab)
    __fsym___cmd_ps                          0x08011498   Data          12  msh_cmd.o(FSymTab)
    __fsym___cmd_time                        0x080114a4   Data          12  msh_cmd.o(FSymTab)
    __fsym___cmd_free                        0x080114b0   Data          12  msh_cmd.o(FSymTab)
    FSymTab$$Limit                           0x080114bc   Number         0  msh_cmd.o(FSymTab)
    Region$$Table$$Base                      0x080114bc   Number         0  anon$$obj.o(Region$$Table)
    Region$$Table$$Limit                     0x080114dc   Number         0  anon$$obj.o(Region$$Table)
    rt_interrupt_nest                        0x2000000c   Data           1  irq.o(.data)
    rt_assert_hook                           0x20000018   Data           4  kservice.o(.data)
    rt_object_trytake_hook                   0x200000e4   Data           4  object.o(.data)
    rt_object_take_hook                      0x200000e8   Data           4  object.o(.data)
    rt_object_put_hook                       0x200000ec   Data           4  object.o(.data)
    rt_thread_ready_priority_group           0x200000f0   Data           4  scheduler.o(.data)
    rt_current_thread                        0x200000f8   Data           4  scheduler.o(.data)
    rt_current_priority                      0x200000fc   Data           1  scheduler.o(.data)
    rt_thread_defunct                        0x20000100   Data           8  scheduler.o(.data)
    camera_uart_config                       0x20000130   Data           8  camera.o(.data)
    motor_uart_config                        0x2000013c   Data           8  motor.o(.data)
    rec_databytes                            0x20000144   Data           1  motor.o(.data)
    pin_irq_hdr_tab                          0x20000148   Data         192  drv_gpio.o(.data)
    SystemCoreClock                          0x20000208   Data           4  system_stm32f4xx.o(.data)
    uwTick                                   0x2000020c   Data           4  stm32f4xx_hal.o(.data)
    rt_interrupt_from_thread                 0x20000210   Data           4  cpuport.o(.data)
    rt_interrupt_to_thread                   0x20000214   Data           4  cpuport.o(.data)
    rt_thread_switch_interrupt_flag          0x20000218   Data           4  cpuport.o(.data)
    shell                                    0x20000230   Data           4  shell.o(.data)
    _syscall_table_begin                     0x20000238   Data           4  symbol.o(.data)
    _syscall_table_end                       0x2000023c   Data           4  symbol.o(.data)
    _sysvar_table_begin                      0x20000240   Data           4  symbol.o(.data)
    _sysvar_table_end                        0x20000244   Data           4  symbol.o(.data)
    rt_thread_priority_table                 0x20000478   Data         256  scheduler.o(.bss)
    rec_databuf                              0x20000628   Data          64  motor.o(.bss)
    serial1                                  0x200006ac   Data          84  drv_usart.o(.bss)
    serial2                                  0x20000744   Data          84  drv_usart.o(.bss)
    serial3                                  0x200007dc   Data          84  drv_usart.o(.bss)
    serial6                                  0x20000874   Data          84  drv_usart.o(.bss)
    dev_can1                                 0x20000974   Data         256  drv_can.o(.bss)
    dev_can2                                 0x20000b20   Data         256  drv_can.o(.bss)
    __libspace_start                         0x20000ce8   Data          96  libspace.o(.bss)
    __temporary_stack_top$libspace           0x20000d48   Data           0  libspace.o(.bss)
    Image$$RW_IRAM1$$ZI$$Limit               0x20001348   Number         0  anon$$obj.o ABSOLUTE



==============================================================================

Memory Map of the image

  Image Entry point : 0x08000189

  Load Region LR_IROM1 (Base: 0x08000000, Size: 0x00011724, Max: 0x00100000, ABSOLUTE, COMPRESSED[0x0001155c])

    Execution Region ER_IROM1 (Exec base: 0x08000000, Load base: 0x08000000, Size: 0x000114dc, Max: 0x00100000, ABSOLUTE)

    Exec Addr    Load Addr    Size         Type   Attr      Idx    E Section Name        Object

    0x08000000   0x08000000   0x00000188   Data   RO          733    RESET               startup_stm32f407xx.o
    0x08000188   0x08000188   0x00000008   Code   RO         2509  * !!!main             c_w.l(__main.o)
    0x08000190   0x08000190   0x00000034   Code   RO         2678    !!!scatter          c_w.l(__scatter.o)
    0x080001c4   0x080001c4   0x0000005a   Code   RO         2676    !!dczerorl2         c_w.l(__dczerorl2.o)
    0x0800021e   0x0800021e   0x00000002   PAD
    0x08000220   0x08000220   0x0000001c   Code   RO         2680    !!handler_zi        c_w.l(__scatter_zi.o)
    0x0800023c   0x0800023c   0x00000002   Code   RO         2546    .ARM.Collect$$libinit$$00000000  c_w.l(libinit.o)
    0x0800023e   0x0800023e   0x00000004   Code   RO         2558    .ARM.Collect$$libinit$$00000001  c_w.l(libinit2.o)
    0x08000242   0x08000242   0x00000000   Code   RO         2561    .ARM.Collect$$libinit$$00000004  c_w.l(libinit2.o)
    0x08000242   0x08000242   0x00000000   Code   RO         2564    .ARM.Collect$$libinit$$0000000A  c_w.l(libinit2.o)
    0x08000242   0x08000242   0x00000000   Code   RO         2566    .ARM.Collect$$libinit$$0000000C  c_w.l(libinit2.o)
    0x08000242   0x08000242   0x00000000   Code   RO         2568    .ARM.Collect$$libinit$$0000000E  c_w.l(libinit2.o)
    0x08000242   0x08000242   0x00000000   Code   RO         2571    .ARM.Collect$$libinit$$00000011  c_w.l(libinit2.o)
    0x08000242   0x08000242   0x00000000   Code   RO         2573    .ARM.Collect$$libinit$$00000013  c_w.l(libinit2.o)
    0x08000242   0x08000242   0x00000000   Code   RO         2575    .ARM.Collect$$libinit$$00000015  c_w.l(libinit2.o)
    0x08000242   0x08000242   0x00000000   Code   RO         2577    .ARM.Collect$$libinit$$00000017  c_w.l(libinit2.o)
    0x08000242   0x08000242   0x00000000   Code   RO         2579    .ARM.Collect$$libinit$$00000019  c_w.l(libinit2.o)
    0x08000242   0x08000242   0x00000000   Code   RO         2581    .ARM.Collect$$libinit$$0000001B  c_w.l(libinit2.o)
    0x08000242   0x08000242   0x00000000   Code   RO         2583    .ARM.Collect$$libinit$$0000001D  c_w.l(libinit2.o)
    0x08000242   0x08000242   0x00000000   Code   RO         2585    .ARM.Collect$$libinit$$0000001F  c_w.l(libinit2.o)
    0x08000242   0x08000242   0x00000000   Code   RO         2587    .ARM.Collect$$libinit$$00000021  c_w.l(libinit2.o)
    0x08000242   0x08000242   0x00000000   Code   RO         2589    .ARM.Collect$$libinit$$00000023  c_w.l(libinit2.o)
    0x08000242   0x08000242   0x00000000   Code   RO         2591    .ARM.Collect$$libinit$$00000025  c_w.l(libinit2.o)
    0x08000242   0x08000242   0x00000000   Code   RO         2595    .ARM.Collect$$libinit$$0000002C  c_w.l(libinit2.o)
    0x08000242   0x08000242   0x00000000   Code   RO         2597    .ARM.Collect$$libinit$$0000002E  c_w.l(libinit2.o)
    0x08000242   0x08000242   0x00000000   Code   RO         2599    .ARM.Collect$$libinit$$00000030  c_w.l(libinit2.o)
    0x08000242   0x08000242   0x00000000   Code   RO         2601    .ARM.Collect$$libinit$$00000032  c_w.l(libinit2.o)
    0x08000242   0x08000242   0x00000002   Code   RO         2602    .ARM.Collect$$libinit$$00000033  c_w.l(libinit2.o)
    0x08000244   0x08000244   0x00000002   Code   RO         2633    .ARM.Collect$$libshutdown$$00000000  c_w.l(libshutdown.o)
    0x08000246   0x08000246   0x00000000   Code   RO         2659    .ARM.Collect$$libshutdown$$00000002  c_w.l(libshutdown2.o)
    0x08000246   0x08000246   0x00000000   Code   RO         2661    .ARM.Collect$$libshutdown$$00000004  c_w.l(libshutdown2.o)
    0x08000246   0x08000246   0x00000000   Code   RO         2664    .ARM.Collect$$libshutdown$$00000007  c_w.l(libshutdown2.o)
    0x08000246   0x08000246   0x00000000   Code   RO         2667    .ARM.Collect$$libshutdown$$0000000A  c_w.l(libshutdown2.o)
    0x08000246   0x08000246   0x00000000   Code   RO         2669    .ARM.Collect$$libshutdown$$0000000C  c_w.l(libshutdown2.o)
    0x08000246   0x08000246   0x00000000   Code   RO         2672    .ARM.Collect$$libshutdown$$0000000F  c_w.l(libshutdown2.o)
    0x08000246   0x08000246   0x00000002   Code   RO         2673    .ARM.Collect$$libshutdown$$00000010  c_w.l(libshutdown2.o)
    0x08000248   0x08000248   0x00000000   Code   RO         2511    .ARM.Collect$$rtentry$$00000000  c_w.l(__rtentry.o)
    0x08000248   0x08000248   0x00000000   Code   RO         2517    .ARM.Collect$$rtentry$$00000002  c_w.l(__rtentry2.o)
    0x08000248   0x08000248   0x00000006   Code   RO         2529    .ARM.Collect$$rtentry$$00000004  c_w.l(__rtentry4.o)
    0x0800024e   0x0800024e   0x00000000   Code   RO         2519    .ARM.Collect$$rtentry$$00000009  c_w.l(__rtentry2.o)
    0x0800024e   0x0800024e   0x00000004   Code   RO         2520    .ARM.Collect$$rtentry$$0000000A  c_w.l(__rtentry2.o)
    0x08000252   0x08000252   0x00000000   Code   RO         2522    .ARM.Collect$$rtentry$$0000000C  c_w.l(__rtentry2.o)
    0x08000252   0x08000252   0x00000008   Code   RO         2523    .ARM.Collect$$rtentry$$0000000D  c_w.l(__rtentry2.o)
    0x0800025a   0x0800025a   0x00000002   Code   RO         2550    .ARM.Collect$$rtexit$$00000000  c_w.l(rtexit.o)
    0x0800025c   0x0800025c   0x00000000   Code   RO         2606    .ARM.Collect$$rtexit$$00000002  c_w.l(rtexit2.o)
    0x0800025c   0x0800025c   0x00000004   Code   RO         2607    .ARM.Collect$$rtexit$$00000003  c_w.l(rtexit2.o)
    0x08000260   0x08000260   0x00000006   Code   RO         2608    .ARM.Collect$$rtexit$$00000004  c_w.l(rtexit2.o)
    0x08000266   0x08000266   0x00000002   PAD
    0x08000268   0x08000268   0x0000006c   Code   RO            1    .text               clock.o
    0x080002d4   0x080002d4   0x000000d8   Code   RO           82    .text               components.o
    0x080003ac   0x080003ac   0x0000052c   Code   RO          107    .text               device.o
    0x080008d8   0x080008d8   0x000001f4   Code   RO          120    .text               idle.o
    0x08000acc   0x08000acc   0x00001c08   Code   RO          139    .text               ipc.o
    0x080026d4   0x080026d4   0x0000008c   Code   RO          157    .text               irq.o
    0x08002760   0x08002760   0x00000ac4   Code   RO          172    .text               kservice.o
    0x08003224   0x08003224   0x000008b8   Code   RO          192    .text               mem.o
    0x08003adc   0x08003adc   0x00000374   Code   RO          260    .text               object.o
    0x08003e50   0x08003e50   0x0000038c   Code   RO          279    .text               scheduler.o
    0x080041dc   0x080041dc   0x000007d4   Code   RO          315    .text               thread.o
    0x080049b0   0x080049b0   0x000005bc   Code   RO          335    .text               timer.o
    0x08004f6c   0x08004f6c   0x00000004   Code   RO          357    .text               main.o
    0x08004f70   0x08004f70   0x00000124   Code   RO          475    .text               camera.o
    0x08005094   0x08005094   0x00000310   Code   RO          531    .text               motor.o
    0x080053a4   0x080053a4   0x0000022c   Code   RO          554    .text               board.o
    0x080055d0   0x080055d0   0x00000010   Code   RO          578    .text               stm32f4xx_it.o
    0x080055e0   0x080055e0   0x00000688   Code   RO          602    .text               drv_gpio.o
    0x08005c68   0x08005c68   0x00000614   Code   RO          631    .text               drv_usart.o
    0x0800627c   0x0800627c   0x00000b94   Code   RO          667    .text               drv_can.o
    0x08006e10   0x08006e10   0x00000120   Code   RO          703    .text               system_stm32f4xx.o
    0x08006f30   0x08006f30   0x00000040   Code   RO          734    .text               startup_stm32f407xx.o
    0x08006f70   0x08006f70   0x000001a4   Code   RO          741    .text               stm32f4xx_hal.o
    0x08007114   0x08007114   0x00001108   Code   RO          804    .text               stm32f4xx_hal_can.o
    0x0800821c   0x0800821c   0x00000384   Code   RO          846    .text               stm32f4xx_hal_cortex.o
    0x080085a0   0x080085a0   0x000008ac   Code   RO         1018    .text               stm32f4xx_hal_dma.o
    0x08008e4c   0x08008e4c   0x000003ac   Code   RO         1227    .text               stm32f4xx_hal_gpio.o
    0x080091f8   0x080091f8   0x0000089c   Code   RO         1647    .text               stm32f4xx_hal_rcc.o
    0x08009a94   0x08009a94   0x000013ae   Code   RO         1941    .text               stm32f4xx_hal_uart.o
    0x0800ae42   0x0800ae42   0x00000002   PAD
    0x0800ae44   0x0800ae44   0x0000060c   Code   RO         2194    .text               cpuport.o
    0x0800b450   0x0800b450   0x00000134   Code   RO         2210    .text               context_rvds.o
    0x0800b584   0x0800b584   0x000010ec   Code   RO         2214    .text               can.o
    0x0800c670   0x0800c670   0x00000250   Code   RO         2236    .text               pin.o
    0x0800c8c0   0x0800c8c0   0x00000c88   Code   RO         2254    .text               serial.o
    0x0800d548   0x0800d548   0x000001cc   Code   RO         2270    .text               completion.o
    0x0800d714   0x0800d714   0x00000424   Code   RO         2286    .text               dataqueue.o
    0x0800db38   0x0800db38   0x000009a4   Code   RO         2382    .text               shell.o
    0x0800e4dc   0x0800e4dc   0x00000eac   Code   RO         2423    .text               cmd.o
    0x0800f388   0x0800f388   0x00000368   Code   RO         2444    .text               msh.o
    0x0800f6f0   0x0800f6f0   0x00000022   Code   RO         2461    .text               msh_cmd.o
    0x0800f712   0x0800f712   0x000000ee   Code   RO         2485    .text               c_w.l(lludivv7m.o)
    0x0800f800   0x0800f800   0x00000058   Code   RO         2487    .text               c_w.l(memcmp.o)
    0x0800f858   0x0800f858   0x00000048   Code   RO         2489    .text               c_w.l(strcpy.o)
    0x0800f8a0   0x0800f8a0   0x0000003e   Code   RO         2491    .text               c_w.l(strlen.o)
    0x0800f8de   0x0800f8de   0x00000096   Code   RO         2493    .text               c_w.l(strncmp.o)
    0x0800f974   0x0800f974   0x00000018   Code   RO         2495    .text               c_w.l(strcat.o)
    0x0800f98c   0x0800f98c   0x0000008a   Code   RO         2497    .text               c_w.l(rt_memcpy_v6.o)
    0x0800fa16   0x0800fa16   0x00000064   Code   RO         2499    .text               c_w.l(rt_memcpy_w.o)
    0x0800fa7a   0x0800fa7a   0x00000044   Code   RO         2501    .text               c_w.l(rt_memclr.o)
    0x0800fabe   0x0800fabe   0x0000004e   Code   RO         2503    .text               c_w.l(rt_memclr_w.o)
    0x0800fb0c   0x0800fb0c   0x00000056   Code   RO         2505    .text               c_w.l(strncpy.o)
    0x0800fb62   0x0800fb62   0x00000006   Code   RO         2507    .text               c_w.l(heapauxi.o)
    0x0800fb68   0x0800fb68   0x0000004a   Code   RO         2533    .text               c_w.l(sys_stackheap_outer.o)
    0x0800fbb2   0x0800fbb2   0x00000012   Code   RO         2535    .text               c_w.l(exit.o)
    0x0800fbc4   0x0800fbc4   0x00000008   Code   RO         2547    .text               c_w.l(libspace.o)
    0x0800fbcc   0x0800fbcc   0x0000000c   Code   RO         2603    .text               c_w.l(sys_exit.o)
    0x0800fbd8   0x0800fbd8   0x00000002   Code   RO         2622    .text               c_w.l(use_no_semi.o)
    0x0800fbda   0x0800fbda   0x00000000   Code   RO         2624    .text               c_w.l(indicate_semi.o)
    0x0800fbda   0x0800fbda   0x0000000a   Code   RO         2618    x$fpl$fpinit        fz_wm.l(fpinit.o)
    0x0800fbe4   0x0800fbe4   0x00000014   Data   RO           83    .constdata          components.o
    0x0800fbf8   0x0800fbf8   0x000000c9   Data   RO          108    .constdata          device.o
    0x0800fcc1   0x0800fcc1   0x00000016   Data   RO          122    .constdata          idle.o
    0x0800fcd7   0x0800fcd7   0x000001f7   Data   RO          140    .constdata          ipc.o
    0x0800fece   0x0800fece   0x00000122   Data   RO          174    .constdata          kservice.o
    0x0800fff0   0x0800fff0   0x0000003c   Data   RO          194    .constdata          mem.o
    0x0801002c   0x0801002c   0x00000080   Data   RO          261    .constdata          object.o
    0x080100ac   0x080100ac   0x0000004e   Data   RO          281    .constdata          scheduler.o
    0x080100fa   0x080100fa   0x000000b9   Data   RO          316    .constdata          thread.o
    0x080101b3   0x080101b3   0x0000005c   Data   RO          336    .constdata          timer.o
    0x0801020f   0x0801020f   0x00000001   PAD
    0x08010210   0x08010210   0x000001bc   Data   RO          603    .constdata          drv_gpio.o
    0x080103cc   0x080103cc   0x00000048   Data   RO          633    .constdata          drv_usart.o
    0x08010414   0x08010414   0x00000080   Data   RO          669    .constdata          drv_can.o
    0x08010494   0x08010494   0x00000018   Data   RO          704    .constdata          system_stm32f4xx.o
    0x080104ac   0x080104ac   0x00000008   Data   RO         1019    .constdata          stm32f4xx_hal_dma.o
    0x080104b4   0x080104b4   0x00000013   Data   RO         2195    .constdata          cpuport.o
    0x080104c7   0x080104c7   0x00000097   Data   RO         2215    .constdata          can.o
    0x0801055e   0x0801055e   0x0000007d   Data   RO         2238    .constdata          pin.o
    0x080105db   0x080105db   0x0000012a   Data   RO         2255    .constdata          serial.o
    0x08010705   0x08010705   0x00000039   Data   RO         2271    .constdata          completion.o
    0x0801073e   0x0801073e   0x0000004b   Data   RO         2287    .constdata          dataqueue.o
    0x08010789   0x08010789   0x00000087   Data   RO         2384    .constdata          shell.o
    0x08010810   0x08010810   0x00000050   Data   RO         2424    .constdata          cmd.o
    0x08010860   0x08010860   0x0000000e   Data   RO         2445    .constdata          msh.o
    0x0801086e   0x0801086e   0x00000002   PAD
    0x08010870   0x08010870   0x0000015a   Data   RO          141    .conststring        ipc.o
    0x080109ca   0x080109ca   0x00000002   PAD
    0x080109cc   0x080109cc   0x000000eb   Data   RO          195    .conststring        mem.o
    0x08010ab7   0x08010ab7   0x00000001   PAD
    0x08010ab8   0x08010ab8   0x00000042   Data   RO          317    .conststring        thread.o
    0x08010afa   0x08010afa   0x00000002   PAD
    0x08010afc   0x08010afc   0x000001d6   Data   RO         2216    .conststring        can.o
    0x08010cd2   0x08010cd2   0x00000002   PAD
    0x08010cd4   0x08010cd4   0x0000015d   Data   RO         2425    .conststring        cmd.o
    0x08010e31   0x08010e31   0x00000027   Data   RO          197    .rodata.name        mem.o
    0x08010e58   0x08010e58   0x00000026   Data   RO         2218    .rodata.name        can.o
    0x08010e7e   0x08010e7e   0x00000069   Data   RO         2239    .rodata.name        pin.o
    0x08010ee7   0x08010ee7   0x00000385   Data   RO         2426    .rodata.name        cmd.o
    0x0801126c   0x0801126c   0x00000021   Data   RO         2446    .rodata.name        msh.o
    0x0801128d   0x0801128d   0x0000007b   Data   RO         2462    .rodata.name        msh_cmd.o
    0x08011308   0x08011308   0x00000004   Data   RO           84    .rti_fn.0           components.o
    0x0801130c   0x0801130c   0x00000004   Data   RO           85    .rti_fn.0.end       components.o
    0x08011310   0x08011310   0x00000004   Data   RO          605    .rti_fn.1           drv_gpio.o
    0x08011314   0x08011314   0x00000004   Data   RO          634    .rti_fn.1           drv_usart.o
    0x08011318   0x08011318   0x00000004   Data   RO          670    .rti_fn.1           drv_can.o
    0x0801131c   0x0801131c   0x00000004   Data   RO           86    .rti_fn.1.end       components.o
    0x08011320   0x08011320   0x00000004   Data   RO          478    .rti_fn.6           camera.o
    0x08011324   0x08011324   0x00000004   Data   RO          534    .rti_fn.6           motor.o
    0x08011328   0x08011328   0x00000004   Data   RO         2386    .rti_fn.6           shell.o
    0x0801132c   0x0801132c   0x00000004   Data   RO           87    .rti_fn.6.end       components.o
    0x08011330   0x08011330   0x0000000c   Data   RO          198    FSymTab             mem.o
    0x0801133c   0x0801133c   0x0000000c   Data   RO         2219    FSymTab             can.o
    0x08011348   0x08011348   0x00000024   Data   RO         2240    FSymTab             pin.o
    0x0801136c   0x0801136c   0x00000120   Data   RO         2427    FSymTab             cmd.o
    0x0801148c   0x0801148c   0x0000000c   Data   RO         2447    FSymTab             msh.o
    0x08011498   0x08011498   0x00000024   Data   RO         2463    FSymTab             msh_cmd.o
    0x080114bc   0x080114bc   0x00000020   Data   RO         2674    Region$$Table       anon$$obj.o


    Execution Region RW_IRAM1 (Exec base: 0x20000000, Load base: 0x080114dc, Size: 0x00001348, Max: 0x00020000, ABSOLUTE, COMPRESSED[0x00000080])

    Exec Addr    Load Addr    Size         Type   Attr      Idx    E Section Name        Object

    0x20000000   COMPRESSED   0x00000004   Data   RW            2    .data               clock.o
    0x20000004   COMPRESSED   0x00000009   Data   RW          158    .data               irq.o
    0x2000000d   COMPRESSED   0x00000003   PAD
    0x20000010   COMPRESSED   0x0000000c   Data   RW          175    .data               kservice.o
    0x2000001c   COMPRESSED   0x00000020   Data   RW          196    .data               mem.o
    0x2000003c   COMPRESSED   0x000000b4   Data   RW          262    .data               object.o
    0x200000f0   COMPRESSED   0x0000001c   Data   RW          282    .data               scheduler.o
    0x2000010c   COMPRESSED   0x0000000c   Data   RW          318    .data               thread.o
    0x20000118   COMPRESSED   0x00000014   Data   RW          337    .data               timer.o
    0x2000012c   COMPRESSED   0x0000000c   Data   RW          477    .data               camera.o
    0x20000138   COMPRESSED   0x0000000d   Data   RW          533    .data               motor.o
    0x20000145   COMPRESSED   0x00000003   PAD
    0x20000148   COMPRESSED   0x000000c0   Data   RW          604    .data               drv_gpio.o
    0x20000208   COMPRESSED   0x00000004   Data   RW          705    .data               system_stm32f4xx.o
    0x2000020c   COMPRESSED   0x00000004   Data   RW          742    .data               stm32f4xx_hal.o
    0x20000210   COMPRESSED   0x00000010   Data   RW         2196    .data               cpuport.o
    0x20000220   COMPRESSED   0x00000010   Data   RW         2217    .data               can.o
    0x20000230   COMPRESSED   0x00000008   Data   RW         2385    .data               shell.o
    0x20000238   COMPRESSED   0x00000010   Data   RW         2407    .data               symbol.o
    0x20000248        -       0x00000190   Zero   RW          121    .bss                idle.o
    0x200003d8        -       0x00000080   Zero   RW          173    .bss                kservice.o
    0x20000458        -       0x00000020   Zero   RW          193    .bss                mem.o
    0x20000478        -       0x00000100   Zero   RW          280    .bss                scheduler.o
    0x20000578        -       0x00000010   Zero   RW          476    .bss                camera.o
    0x20000588        -       0x000000e0   Zero   RW          532    .bss                motor.o
    0x20000668        -       0x00000260   Zero   RW          632    .bss                drv_usart.o
    0x200008c8        -       0x00000358   Zero   RW          668    .bss                drv_can.o
    0x20000c20        -       0x00000044   Zero   RW         2237    .bss                pin.o
    0x20000c64        -       0x00000081   Zero   RW         2383    .bss                shell.o
    0x20000ce5   COMPRESSED   0x00000003   PAD
    0x20000ce8        -       0x00000060   Zero   RW         2548    .bss                c_w.l(libspace.o)
    0x20000d48        -       0x00000200   Zero   RW          732    HEAP                startup_stm32f407xx.o
    0x20000f48        -       0x00000400   Zero   RW          731    STACK               startup_stm32f407xx.o


==============================================================================

Image component sizes


      Code (inc. data)   RO Data    RW Data    ZI Data      Debug   Object Name

       556         26          0          0          0       2249   board.o
       292         50          4         12         16      11491   camera.o
      4332        534        671         16          0      12382   can.o
       108          6          0          4          0      18002   clock.o
      3756       1346       1618          0          0      16467   cmd.o
       460        128         57          0          0       4795   completion.o
       216         42         36          0          0       2558   components.o
       308         26          0          0          0        820   context_rvds.o
      1548        738         19         16          0       5071   cpuport.o
      1060        116         75          0          0       4841   dataqueue.o
      1324        312        201          0          0       5710   device.o
      2964        170        132          0        856      34247   drv_can.o
      1672        106        448        192          0       7116   drv_gpio.o
      1556        220         76          0        608      31277   drv_usart.o
       500         76         22          0        400       5644   idle.o
      7176       1040        849          0          0      22391   ipc.o
       140         14          0          9          0       1896   irq.o
      2756        232        290         12        128      12544   kservice.o
         4          0          0          0          0     658523   main.o
      2232        634        346         32         32       5487   mem.o
       784        208          4         13        224       3603   motor.o
       872        136         59          0          0       4340   msh.o
        34          0        159          0          0       2295   msh_cmd.o
       884        184        128        180          0       8467   object.o
       592         94        266          0         68       5042   pin.o
       908        150         78         28        256       7121   scheduler.o
      3208        410        298          0          0       9785   serial.o
      2468        238        139          8        129       6722   shell.o
        64         26        392          0       1536        928   startup_stm32f407xx.o
       420         32          0          4          0       5058   stm32f4xx_hal.o
      4360         34          0          0          0       7651   stm32f4xx_hal_can.o
       900         22          0          0          0      32462   stm32f4xx_hal_cortex.o
      2220         26          8          0          0       7141   stm32f4xx_hal_dma.o
       940         46          0          0          0       3623   stm32f4xx_hal_gpio.o
      2204         66          0          0          0       5207   stm32f4xx_hal_rcc.o
      5038         50          0          0          0      16144   stm32f4xx_hal_uart.o
        16          0          0          0          0        844   stm32f4xx_it.o
         0          0          0         16          0       5065   symbol.o
       288         32         24          4          0       1781   system_stm32f4xx.o
      2004        434        251         12          0      10485   thread.o
      1468        276         92         20          0       9067   timer.o

    ----------------------------------------------------------------------
     62634       8280       6784        584       4256    1016342   Object Totals
         0          0         32          0          0          0   (incl. Generated)
         2          0         10          6          3          0   (incl. Padding)

    ----------------------------------------------------------------------

      Code (inc. data)   RO Data    RW Data    ZI Data      Debug   Library Member Name

        90          0          0          0          0          0   __dczerorl2.o
         8          0          0          0          0         68   __main.o
         0          0          0          0          0          0   __rtentry.o
        12          0          0          0          0          0   __rtentry2.o
         6          0          0          0          0          0   __rtentry4.o
        52          8          0          0          0          0   __scatter.o
        28          0          0          0          0          0   __scatter_zi.o
        18          0          0          0          0         80   exit.o
         6          0          0          0          0        152   heapauxi.o
         0          0          0          0          0          0   indicate_semi.o
         2          0          0          0          0          0   libinit.o
         6          0          0          0          0          0   libinit2.o
         2          0          0          0          0          0   libshutdown.o
         2          0          0          0          0          0   libshutdown2.o
         8          4          0          0         96         68   libspace.o
       238          0          0          0          0        100   lludivv7m.o
        88          0          0          0          0         76   memcmp.o
        68          0          0          0          0         68   rt_memclr.o
        78          0          0          0          0         80   rt_memclr_w.o
       138          0          0          0          0         68   rt_memcpy_v6.o
       100          0          0          0          0         80   rt_memcpy_w.o
         2          0          0          0          0          0   rtexit.o
        10          0          0          0          0          0   rtexit2.o
        24          0          0          0          0         68   strcat.o
        72          0          0          0          0         80   strcpy.o
        62          0          0          0          0         76   strlen.o
       150          0          0          0          0         80   strncmp.o
        86          0          0          0          0         76   strncpy.o
        12          4          0          0          0         68   sys_exit.o
        74          0          0          0          0         80   sys_stackheap_outer.o
         2          0          0          0          0         68   use_no_semi.o
        10          0          0          0          0        116   fpinit.o

    ----------------------------------------------------------------------
      1458         16          0          0         96       1552   Library Totals
         4          0          0          0          0          0   (incl. Padding)

    ----------------------------------------------------------------------

      Code (inc. data)   RO Data    RW Data    ZI Data      Debug   Library Name

      1444         16          0          0         96       1436   c_w.l
        10          0          0          0          0        116   fz_wm.l

    ----------------------------------------------------------------------
      1458         16          0          0         96       1552   Library Totals

    ----------------------------------------------------------------------

==============================================================================


      Code (inc. data)   RO Data    RW Data    ZI Data      Debug   

     64092       8296       6784        584       4352    1008866   Grand Totals
     64092       8296       6784        128       4352    1008866   ELF Image Totals (compressed)
     64092       8296       6784        128          0          0   ROM Totals

==============================================================================

    Total RO  Size (Code + RO Data)                70876 (  69.21kB)
    Total RW  Size (RW Data + ZI Data)              4936 (   4.82kB)
    Total ROM Size (Code + RO Data + RW Data)      71004 (  69.34kB)

==============================================================================

