Archive member included to satisfy reference by file (symbol)

e:/env/tools/gnu_gcc/arm_gcc/mingw/bin/../lib/gcc/arm-none-eabi/5.4.1/armv7e-m/fpu\libgcc.a(_arm_addsubdf3.o)
                              build\kernel\components\libc\compilers\minilibc\math.o (__aeabi_dsub)
e:/env/tools/gnu_gcc/arm_gcc/mingw/bin/../lib/gcc/arm-none-eabi/5.4.1/armv7e-m/fpu\libgcc.a(_arm_muldivdf3.o)
                              build\kernel\components\libc\compilers\minilibc\math.o (__aeabi_dmul)
e:/env/tools/gnu_gcc/arm_gcc/mingw/bin/../lib/gcc/arm-none-eabi/5.4.1/armv7e-m/fpu\libgcc.a(_arm_fixdfsi.o)
                              build\kernel\components\libc\compilers\minilibc\math.o (__aeabi_d2iz)
e:/env/tools/gnu_gcc/arm_gcc/mingw/bin/../lib/gcc/arm-none-eabi/5.4.1/armv7e-m/fpu\libgcc.a(_aeabi_uldivmod.o)
                              build\Libraries\STM32F4xx_HAL_Driver\Src\stm32f4xx_hal_rcc.o (__aeabi_uldivmod)
e:/env/tools/gnu_gcc/arm_gcc/mingw/bin/../lib/gcc/arm-none-eabi/5.4.1/armv7e-m/fpu\libgcc.a(_udivmoddi4.o)
                              e:/env/tools/gnu_gcc/arm_gcc/mingw/bin/../lib/gcc/arm-none-eabi/5.4.1/armv7e-m/fpu\libgcc.a(_aeabi_uldivmod.o) (__udivmoddi4)
e:/env/tools/gnu_gcc/arm_gcc/mingw/bin/../lib/gcc/arm-none-eabi/5.4.1/armv7e-m/fpu\libgcc.a(_dvmd_tls.o)
                              e:/env/tools/gnu_gcc/arm_gcc/mingw/bin/../lib/gcc/arm-none-eabi/5.4.1/armv7e-m/fpu\libgcc.a(_aeabi_uldivmod.o) (__aeabi_ldiv0)
e:/env/tools/gnu_gcc/arm_gcc/mingw/bin/../lib/gcc/arm-none-eabi/5.4.1/../../../../arm-none-eabi/lib/armv7e-m/fpu\libc.a(lib_a-exit.o)
                              e:/env/tools/gnu_gcc/arm_gcc/mingw/bin/../lib/gcc/arm-none-eabi/5.4.1/../../../../arm-none-eabi/lib/armv7e-m/fpu/crt0.o (exit)
e:/env/tools/gnu_gcc/arm_gcc/mingw/bin/../lib/gcc/arm-none-eabi/5.4.1/../../../../arm-none-eabi/lib/armv7e-m/fpu\libc.a(lib_a-impure.o)
                              e:/env/tools/gnu_gcc/arm_gcc/mingw/bin/../lib/gcc/arm-none-eabi/5.4.1/../../../../arm-none-eabi/lib/armv7e-m/fpu\libc.a(lib_a-exit.o) (_global_impure_ptr)
e:/env/tools/gnu_gcc/arm_gcc/mingw/bin/../lib/gcc/arm-none-eabi/5.4.1/../../../../arm-none-eabi/lib/armv7e-m/fpu\libc.a(lib_a-init.o)
                              e:/env/tools/gnu_gcc/arm_gcc/mingw/bin/../lib/gcc/arm-none-eabi/5.4.1/../../../../arm-none-eabi/lib/armv7e-m/fpu/crt0.o (__libc_init_array)
e:/env/tools/gnu_gcc/arm_gcc/mingw/bin/../lib/gcc/arm-none-eabi/5.4.1/../../../../arm-none-eabi/lib/armv7e-m/fpu\libc.a(lib_a-__call_atexit.o)
                              e:/env/tools/gnu_gcc/arm_gcc/mingw/bin/../lib/gcc/arm-none-eabi/5.4.1/../../../../arm-none-eabi/lib/armv7e-m/fpu\libc.a(lib_a-exit.o) (__call_exitprocs)
e:/env/tools/gnu_gcc/arm_gcc/mingw/bin/../lib/gcc/arm-none-eabi/5.4.1/../../../../arm-none-eabi/lib/armv7e-m/fpu\libc.a(lib_a-atexit.o)
                              e:/env/tools/gnu_gcc/arm_gcc/mingw/bin/../lib/gcc/arm-none-eabi/5.4.1/../../../../arm-none-eabi/lib/armv7e-m/fpu\libc.a(lib_a-__call_atexit.o) (atexit)
e:/env/tools/gnu_gcc/arm_gcc/mingw/bin/../lib/gcc/arm-none-eabi/5.4.1/../../../../arm-none-eabi/lib/armv7e-m/fpu\libc.a(lib_a-fini.o)
                              e:/env/tools/gnu_gcc/arm_gcc/mingw/bin/../lib/gcc/arm-none-eabi/5.4.1/../../../../arm-none-eabi/lib/armv7e-m/fpu\libc.a(lib_a-__call_atexit.o) (__libc_fini_array)
e:/env/tools/gnu_gcc/arm_gcc/mingw/bin/../lib/gcc/arm-none-eabi/5.4.1/../../../../arm-none-eabi/lib/armv7e-m/fpu\libc.a(lib_a-__atexit.o)
                              e:/env/tools/gnu_gcc/arm_gcc/mingw/bin/../lib/gcc/arm-none-eabi/5.4.1/../../../../arm-none-eabi/lib/armv7e-m/fpu\libc.a(lib_a-atexit.o) (__register_exitproc)

Allocating common symbols
Common symbol       size              file

rt_interrupt_to_thread
                    0x4               rt-thread\libcpu\arm\cortex-m4\cpuport.o
rt_interrupt_from_thread
                    0x4               rt-thread\libcpu\arm\cortex-m4\cpuport.o
shell               0x4               build\kernel\components\finsh\shell.o
rt_thread_switch_interrupt_flag
                    0x4               rt-thread\libcpu\arm\cortex-m4\cpuport.o
uwTick              0x4               build\Libraries\STM32F4xx_HAL_Driver\Src\stm32f4xx_hal.o
pFlash              0x20              build\Libraries\STM32F4xx_HAL_Driver\Src\stm32f4xx_hal_flash.o
serial6             0x54              build\drivers\drv_usart.o
rt_thread_priority_table
                    0x100             build\kernel\src\scheduler.o
serial1             0x54              build\drivers\drv_usart.o
rt_object_put_hook  0x4               build\kernel\src\object.o
rt_current_priority
                    0x1               build\kernel\src\scheduler.o
dev_can1            0x100             build\drivers\drv_can.o
rt_assert_hook      0x4               build\kernel\src\kservice.o
serial3             0x54              build\drivers\drv_usart.o
rt_object_take_hook
                    0x4               build\kernel\src\object.o
[...]
Memory Configuration

Name             Origin             Length             Attributes
CODE             0x08000000         0x00100000         xr
DATA             0x20000000         0x00020000         rw
*default*        0x00000000         0xffffffff

Linker script and memory map

LOAD e:/env/tools/gnu_gcc/arm_gcc/mingw/bin/../lib/gcc/arm-none-eabi/5.4.1/armv7e-m/fpu/crti.o
LOAD e:/env/tools/gnu_gcc/arm_gcc/mingw/bin/../lib/gcc/arm-none-eabi/5.4.1/armv7e-m/fpu/crtbegin.o
LOAD e:/env/tools/gnu_gcc/arm_gcc/mingw/bin/../lib/gcc/arm-none-eabi/5.4.1/../../../../arm-none-eabi/lib/armv7e-m/fpu/crt0.o
LOAD build\applications\app\main.o
LOAD build\applications\devdriver\camera.o
LOAD build\applications\devdriver\ctrlinfo.o
LOAD build\applications\devdriver\funclist.o
LOAD build\applications\devdriver\motor.o
LOAD build\applications\devdriver\uart_rec.o
LOAD build\drivers\board.o
LOAD build\drivers\stm32f4xx_it.o
LOAD build\drivers\drv_gpio.o
LOAD build\drivers\drv_usart.o
LOAD build\drivers\drv_can.o
LOAD build\Libraries\CMSIS\Device\ST\STM32F4xx\Source\Templates\system_stm32f4xx.o
LOAD build\Libraries\CMSIS\Device\ST\STM32F4xx\Source\Templates\gcc\gcc_startup.o
LOAD build\Libraries\CMSIS\Device\ST\STM32F4xx\Source\Templates\gcc\startup_stm32f407xx.o
LOAD build\Libraries\STM32F4xx_HAL_Driver\Src\stm32f4xx_hal.o
LOAD build\Libraries\STM32F4xx_HAL_Driver\Src\stm32f4xx_hal_adc.o
LOAD build\Libraries\STM32F4xx_HAL_Driver\Src\stm32f4xx_hal_adc_ex.o
LOAD build\Libraries\STM32F4xx_HAL_Driver\Src\stm32f4xx_hal_can.o
LOAD build\Libraries\STM32F4xx_HAL_Driver\Src\stm32f4xx_hal_cec.o
LOAD build\Libraries\STM32F4xx_HAL_Driver\Src\stm32f4xx_hal_cortex.o
LOAD build\Libraries\STM32F4xx_HAL_Driver\Src\stm32f4xx_hal_crc.o
LOAD build\Libraries\STM32F4xx_HAL_Driver\Src\stm32f4xx_hal_cryp.o
LOAD build\Libraries\STM32F4xx_HAL_Driver\Src\stm32f4xx_hal_cryp_ex.o
LOAD build\Libraries\STM32F4xx_HAL_Driver\Src\stm32f4xx_hal_dac.o
LOAD build\Libraries\STM32F4xx_HAL_Driver\Src\stm32f4xx_hal_dac_ex.o
LOAD build\Libraries\STM32F4xx_HAL_Driver\Src\stm32f4xx_hal_dcmi.o
LOAD build\Libraries\STM32F4xx_HAL_Driver\Src\stm32f4xx_hal_dcmi_ex.o
LOAD build\Libraries\STM32F4xx_HAL_Driver\Src\stm32f4xx_hal_dfsdm.o
LOAD build\Libraries\STM32F4xx_HAL_Driver\Src\stm32f4xx_hal_dma.o
LOAD build\Libraries\STM32F4xx_HAL_Driver\Src\stm32f4xx_hal_dma2d.o
LOAD build\Libraries\STM32F4xx_HAL_Driver\Src\stm32f4xx_hal_dma_ex.o
LOAD build\Libraries\STM32F4xx_HAL_Driver\Src\stm32f4xx_hal_dsi.o
LOAD build\Libraries\STM32F4xx_HAL_Driver\Src\stm32f4xx_hal_eth.o
LOAD build\Libraries\STM32F4xx_HAL_Driver\Src\stm32f4xx_hal_flash.o
LOAD build\Libraries\STM32F4xx_HAL_Driver\Src\stm32f4xx_hal_flash_ex.o
LOAD build\Libraries\STM32F4xx_HAL_Driver\Src\stm32f4xx_hal_flash_ramfunc.o
LOAD build\Libraries\STM32F4xx_HAL_Driver\Src\stm32f4xx_hal_fmpi2c.o
LOAD build\Libraries\STM32F4xx_HAL_Driver\Src\stm32f4xx_hal_fmpi2c_ex.o
LOAD build\Libraries\STM32F4xx_HAL_Driver\Src\stm32f4xx_hal_gpio.o
LOAD build\Libraries\STM32F4xx_HAL_Driver\Src\stm32f4xx_hal_hash.o
LOAD build\Libraries\STM32F4xx_HAL_Driver\Src\stm32f4xx_hal_hash_ex.o
LOAD build\Libraries\STM32F4xx_HAL_Driver\Src\stm32f4xx_hal_hcd.o
LOAD build\Libraries\STM32F4xx_HAL_Driver\Src\stm32f4xx_hal_i2c.o
LOAD build\Libraries\STM32F4xx_HAL_Driver\Src\stm32f4xx_hal_i2c_ex.o
LOAD build\Libraries\STM32F4xx_HAL_Driver\Src\stm32f4xx_hal_i2s.o
LOAD build\Libraries\STM32F4xx_HAL_Driver\Src\stm32f4xx_hal_i2s_ex.o
LOAD build\Libraries\STM32F4xx_HAL_Driver\Src\stm32f4xx_hal_irda.o
LOAD build\Libraries\STM32F4xx_HAL_Driver\Src\stm32f4xx_hal_iwdg.o
LOAD build\Libraries\STM32F4xx_HAL_Driver\Src\stm32f4xx_hal_lptim.o
LOAD build\Libraries\STM32F4xx_HAL_Driver\Src\stm32f4xx_hal_ltdc.o
LOAD build\Libraries\STM32F4xx_HAL_Driver\Src\stm32f4xx_hal_ltdc_ex.o
LOAD build\Libraries\STM32F4xx_HAL_Driver\Src\stm32f4xx_hal_mmc.o
LOAD build\Libraries\STM32F4xx_HAL_Driver\Src\stm32f4xx_hal_nand.o
LOAD build\Libraries\STM32F4xx_HAL_Driver\Src\stm32f4xx_hal_nor.o
LOAD build\Libraries\STM32F4xx_HAL_Driver\Src\stm32f4xx_hal_pccard.o
LOAD build\Libraries\STM32F4xx_HAL_Driver\Src\stm32f4xx_hal_pcd.o
LOAD build\Libraries\STM32F4xx_HAL_Driver\Src\stm32f4xx_hal_pcd_ex.o
LOAD build\Libraries\STM32F4xx_HAL_Driver\Src\stm32f4xx_hal_pwr.o
LOAD build\Libraries\STM32F4xx_HAL_Driver\Src\stm32f4xx_hal_pwr_ex.o
LOAD build\Libraries\STM32F4xx_HAL_Driver\Src\stm32f4xx_hal_qspi.o
LOAD build\Libraries\STM32F4xx_HAL_Driver\Src\stm32f4xx_hal_rcc.o
LOAD build\Libraries\STM32F4xx_HAL_Driver\Src\stm32f4xx_hal_rcc_ex.o
LOAD build\Libraries\STM32F4xx_HAL_Driver\Src\stm32f4xx_hal_rng.o
LOAD build\Libraries\STM32F4xx_HAL_Driver\Src\stm32f4xx_hal_rtc.o
LOAD build\Libraries\STM32F4xx_HAL_Driver\Src\stm32f4xx_hal_rtc_ex.o
LOAD build\Libraries\STM32F4xx_HAL_Driver\Src\stm32f4xx_hal_sai.o
LOAD build\Libraries\STM32F4xx_HAL_Driver\Src\stm32f4xx_hal_sai_ex.o
LOAD build\Libraries\STM32F4xx_HAL_Driver\Src\stm32f4xx_hal_sd.o
LOAD build\Libraries\STM32F4xx_HAL_Driver\Src\stm32f4xx_hal_sdram.o
LOAD build\Libraries\STM32F4xx_HAL_Driver\Src\stm32f4xx_hal_smartcard.o
LOAD build\Libraries\STM32F4xx_HAL_Driver\Src\stm32f4xx_hal_spdifrx.o
LOAD build\Libraries\STM32F4xx_HAL_Driver\Src\stm32f4xx_hal_spi.o
LOAD build\Libraries\STM32F4xx_HAL_Driver\Src\stm32f4xx_hal_sram.o
LOAD build\Libraries\STM32F4xx_HAL_Driver\Src\stm32f4xx_hal_tim.o
LOAD build\Libraries\STM32F4xx_HAL_Driver\Src\stm32f4xx_hal_tim_ex.o
LOAD build\Libraries\STM32F4xx_HAL_Driver\Src\stm32f4xx_hal_uart.o
LOAD build\Libraries\STM32F4xx_HAL_Driver\Src\stm32f4xx_hal_usart.o
LOAD build\Libraries\STM32F4xx_HAL_Driver\Src\stm32f4xx_hal_wwdg.o
LOAD build\Libraries\STM32F4xx_HAL_Driver\Src\stm32f4xx_ll_adc.o
LOAD build\Libraries\STM32F4xx_HAL_Driver\Src\stm32f4xx_ll_crc.o
LOAD build\Libraries\STM32F4xx_HAL_Driver\Src\stm32f4xx_ll_dac.o
LOAD build\Libraries\STM32F4xx_HAL_Driver\Src\stm32f4xx_ll_dma.o
LOAD build\Libraries\STM32F4xx_HAL_Driver\Src\stm32f4xx_ll_dma2d.o
LOAD build\Libraries\STM32F4xx_HAL_Driver\Src\stm32f4xx_ll_exti.o
LOAD build\Libraries\STM32F4xx_HAL_Driver\Src\stm32f4xx_ll_fmc.o
LOAD build\Libraries\STM32F4xx_HAL_Driver\Src\stm32f4xx_ll_fsmc.o
LOAD build\Libraries\STM32F4xx_HAL_Driver\Src\stm32f4xx_ll_gpio.o
LOAD build\Libraries\STM32F4xx_HAL_Driver\Src\stm32f4xx_ll_i2c.o
LOAD build\Libraries\STM32F4xx_HAL_Driver\Src\stm32f4xx_ll_lptim.o
LOAD build\Libraries\STM32F4xx_HAL_Driver\Src\stm32f4xx_ll_pwr.o
LOAD build\Libraries\STM32F4xx_HAL_Driver\Src\stm32f4xx_ll_rcc.o
LOAD build\Libraries\STM32F4xx_HAL_Driver\Src\stm32f4xx_ll_rng.o
LOAD build\Libraries\STM32F4xx_HAL_Driver\Src\stm32f4xx_ll_rtc.o
LOAD build\Libraries\STM32F4xx_HAL_Driver\Src\stm32f4xx_ll_sdmmc.o
LOAD build\Libraries\STM32F4xx_HAL_Driver\Src\stm32f4xx_ll_spi.o
LOAD build\Libraries\STM32F4xx_HAL_Driver\Src\stm32f4xx_ll_tim.o
LOAD build\Libraries\STM32F4xx_HAL_Driver\Src\stm32f4xx_ll_usart.o
LOAD build\Libraries\STM32F4xx_HAL_Driver\Src\stm32f4xx_ll_usb.o
LOAD build\Libraries\STM32F4xx_HAL_Driver\Src\stm32f4xx_ll_utils.o
LOAD build\kernel\src\clock.o
LOAD build\kernel\src\components.o
LOAD build\kernel\src\cpu.o
LOAD build\kernel\src\device.o
LOAD build\kernel\src\idle.o
LOAD build\kernel\src\ipc.o
LOAD build\kernel\src\irq.o
LOAD build\kernel\src\kservice.o
LOAD build\kernel\src\mem.o
LOAD build\kernel\src\memheap.o
LOAD build\kernel\src\mempool.o
LOAD build\kernel\src\object.o
LOAD build\kernel\src\scheduler.o
LOAD build\kernel\src\signal.o
LOAD build\kernel\src\thread.o
LOAD build\kernel\src\timer.o
LOAD rt-thread\libcpu\arm\common\backtrace.o
LOAD rt-thread\libcpu\arm\common\div0.o
LOAD rt-thread\libcpu\arm\common\showmem.o
LOAD rt-thread\libcpu\arm\cortex-m4\cpuport.o
LOAD rt-thread\libcpu\arm\cortex-m4\context_gcc.o
LOAD build\kernel\components\drivers\can\can.o
LOAD build\kernel\components\drivers\misc\pin.o
LOAD build\kernel\components\drivers\serial\serial.o
LOAD build\kernel\components\drivers\src\completion.o
LOAD build\kernel\components\drivers\src\dataqueue.o
LOAD build\kernel\components\drivers\src\pipe.o
LOAD build\kernel\components\drivers\src\ringblk_buf.o
LOAD build\kernel\components\drivers\src\ringbuffer.o
LOAD build\kernel\components\drivers\src\waitqueue.o
LOAD build\kernel\components\drivers\src\workqueue.o
LOAD build\kernel\components\finsh\shell.o
LOAD build\kernel\components\finsh\symbol.o
LOAD build\kernel\components\finsh\cmd.o
LOAD build\kernel\components\finsh\msh.o
LOAD build\kernel\components\finsh\msh_cmd.o
LOAD build\kernel\components\finsh\msh_file.o
LOAD build\kernel\components\libc\compilers\minilibc\ctype.o
LOAD build\kernel\components\libc\compilers\minilibc\math.o
LOAD build\kernel\components\libc\compilers\minilibc\qsort.o
LOAD build\kernel\components\libc\compilers\minilibc\rand.o
LOAD build\kernel\components\libc\compilers\minilibc\stdlib.o
LOAD build\kernel\components\libc\compilers\minilibc\string.o
LOAD build\kernel\components\libc\compilers\minilibc\time.o
START GROUP
LOAD e:/env/tools/gnu_gcc/arm_gcc/mingw/bin/../lib/gcc/arm-none-eabi/5.4.1/armv7e-m/fpu\libgcc.a
LOAD e:/env/tools/gnu_gcc/arm_gcc/mingw/bin/../lib/gcc/arm-none-eabi/5.4.1/../../../../arm-none-eabi/lib/armv7e-m/fpu\libc.a
END GROUP
LOAD e:/env/tools/gnu_gcc/arm_gcc/mingw/bin/../lib/gcc/arm-none-eabi/5.4.1/armv7e-m/fpu/crtend.o
LOAD e:/env/tools/gnu_gcc/arm_gcc/mingw/bin/../lib/gcc/arm-none-eabi/5.4.1/armv7e-m/fpu/crtn.o
                0x00000200                _system_stack_size = 0x200

.text           0x08000000    0x10f40
                0x08000000                . = ALIGN (0x4)
                0x08000000                _stext = .
 *(.isr_vector)
 .isr_vector    0x08000000      0x188 build\Libraries\CMSIS\Device\ST\STM32F4xx\Source\Templates\gcc\startup_stm32f407xx.o
                0x08000000                g_pfnVectors
                0x08000188                . = ALIGN (0x4)
 *(.text)
 .text          0x08000188      0x138 rt-thread\libcpu\arm\cortex-m4\context_gcc.o
                0x08000188                rt_hw_interrupt_disable
                0x08000190                rt_hw_interrupt_enable
                0x08000196                rt_hw_context_switch_interrupt
                0x08000196                rt_hw_context_switch
                0x080001b6                PendSV_Handler
                0x08000222                rt_hw_context_switch_to
                0x0800026a                rt_hw_interrupt_thread_switch
                0x0800026e                HardFault_Handler
 .text          0x080002c0       0x30 e:/env/tools/gnu_gcc/arm_gcc/mingw/bin/../lib/gcc/arm-none-eabi/5.4.1/armv7e-m/fpu\libgcc.a(_aeabi_uldivmod.o)
                0x080002c0                __aeabi_uldivmod
 .text          0x080002f0      0x2e4 e:/env/tools/gnu_gcc/arm_gcc/mingw/bin/../lib/gcc/arm-none-eabi/5.4.1/armv7e-m/fpu\libgcc.a(_udivmoddi4.o)
                0x080002f0                __udivmoddi4
 .text          0x080005d4        0x4 e:/env/tools/gnu_gcc/arm_gcc/mingw/bin/../lib/gcc/arm-none-eabi/5.4.1/armv7e-m/fpu\libgcc.a(_dvmd_tls.o)
                0x080005d4                __aeabi_idiv0
                0x080005d4                __aeabi_ldiv0
 *(.text.*)
 .text.main     0x080005d8       0x10 build\applications\app\main.o
                0x080005d8                main
 .text.init_camera_uart
                0x080005e8       0xbc build\applications\devdriver\camera.o
                0x080005e8                init_camera_uart
 .text.uart_rx_ind
                0x080006a4       0x24 build\applications\devdriver\ctrlinfo.o
 .text.rxuart_thread_entry
                0x080006c8       0xec build\applications\devdriver\ctrlinfo.o
 .text.directive_run_thread_entry
                0x080007b4       0xe0 build\applications\devdriver\ctrlinfo.o
 .text.init_ctrlinfo
                0x08000894      0x134 build\applications\devdriver\ctrlinfo.o
                0x08000894                init_ctrlinfo
 .text.uart_rx_ind
                0x080009c8       0x24 build\applications\devdriver\motor.o
 .text.motor_rxuart_thread_entry
                0x080009ec       0xa0 build\applications\devdriver\motor.o
 .text.init_motor_uart
                0x08000a8c      0x114 build\applications\devdriver\motor.o
                0x08000a8c                init_motor_uart
 .text.SystemClock_Config
                0x08000ba0      0x1ec build\drivers\board.o
 .text.SysTick_Handler
                0x08000d8c       0x18 build\drivers\board.o
                0x08000d8c                SysTick_Handler
 .text.HAL_InitTick
                0x08000da4       0x38 build\drivers\board.o
                0x08000da4                HAL_InitTick
 .text.HAL_MspInit
                0x08000ddc       0x64 build\drivers\board.o
                0x08000ddc                HAL_MspInit
 .text.rt_hw_board_init
                0x08000e40       0x30 build\drivers\board.o
                0x08000e40                rt_hw_board_init
 .text.NMI_Handler
                0x08000e70       0x10 build\drivers\stm32f4xx_it.o
                0x08000e70                NMI_Handler
 .text.MemManage_Handler
                0x08000e80        0x8 build\drivers\stm32f4xx_it.o
                0x08000e80                MemManage_Handler
 .text.BusFault_Handler
                0x08000e88        0x8 build\drivers\stm32f4xx_it.o
                0x08000e88                BusFault_Handler
 .text.UsageFault_Handler
                0x08000e90        0x8 build\drivers\stm32f4xx_it.o
                0x08000e90                UsageFault_Handler
 .text.SVC_Handler
                0x08000e98       0x10 build\drivers\stm32f4xx_it.o
                0x08000e98                SVC_Handler
 .text.get_st_gpio
                0x08000ea8       0xb8 build\drivers\drv_gpio.o
 .text.drv_clock_enable
                0x08000f60      0x198 build\drivers\drv_gpio.o
 .text.get_pin  0x080010f8       0x30 build\drivers\drv_gpio.o
 .text.stm32_pin_write
                0x08001128       0x50 build\drivers\drv_gpio.o
 .text.stm32_pin_read
                0x08001178       0x50 build\drivers\drv_gpio.o
 .text.stm32_pin_mode
                0x080011c8       0xa0 build\drivers\drv_gpio.o
 .text.get_pin_irq_map
                0x08001268       0x38 build\drivers\drv_gpio.o
 .text.stm32_pin_attach_irq
                0x080012a0      0x14c build\drivers\drv_gpio.o
 .text.stm32_pin_detach_irq
                0x080013ec       0xd4 build\drivers\drv_gpio.o
 .text.stm32_pin_irq_enable
                0x080014c0      0x158 build\drivers\drv_gpio.o
 .text.rt_hw_pin_init
                0x08001618       0x24 build\drivers\drv_gpio.o
                0x08001618                rt_hw_pin_init
 .text.pin_irq_hdr
                0x0800163c       0x84 build\drivers\drv_gpio.o
 .text.HAL_GPIO_EXTI_Callback
                0x080016c0       0x1c build\drivers\drv_gpio.o
                0x080016c0                HAL_GPIO_EXTI_Callback
 .text.EXTI0_IRQHandler
                0x080016dc       0x18 build\drivers\drv_gpio.o
                0x080016dc                EXTI0_IRQHandler
 .text.EXTI1_IRQHandler
                0x080016f4       0x18 build\drivers\drv_gpio.o
                0x080016f4                EXTI1_IRQHandler
 .text.EXTI2_IRQHandler
                0x0800170c       0x18 build\drivers\drv_gpio.o
                0x0800170c                EXTI2_IRQHandler
 .text.EXTI3_IRQHandler
                0x08001724       0x18 build\drivers\drv_gpio.o
                0x08001724                EXTI3_IRQHandler
 .text.EXTI4_IRQHandler
                0x0800173c       0x18 build\drivers\drv_gpio.o
                0x0800173c                EXTI4_IRQHandler
 .text.EXTI9_5_IRQHandler
                0x08001754       0x34 build\drivers\drv_gpio.o
                0x08001754                EXTI9_5_IRQHandler
 .text.EXTI15_10_IRQHandler
                0x08001788       0x40 build\drivers\drv_gpio.o
                0x08001788                EXTI15_10_IRQHandler
 .text.NVIC_EnableIRQ
                0x080017c8       0x34 build\drivers\drv_usart.o
 .text.NVIC_DisableIRQ
                0x080017fc       0x34 build\drivers\drv_usart.o
 .text.drv_configure
                0x08001830      0x108 build\drivers\drv_usart.o
 .text.drv_control
                0x08001938       0x7c build\drivers\drv_usart.o
 .text.drv_putc
                0x080019b4       0x58 build\drivers\drv_usart.o
 .text.drv_getc
                0x08001a0c       0x50 build\drivers\drv_usart.o
 .text.USART1_IRQHandler
                0x08001a5c       0x50 build\drivers\drv_usart.o
                0x08001a5c                USART1_IRQHandler
 .text.USART2_IRQHandler
                0x08001aac       0x50 build\drivers\drv_usart.o
                0x08001aac                USART2_IRQHandler
 .text.USART3_IRQHandler
                0x08001afc       0x50 build\drivers\drv_usart.o
                0x08001afc                USART3_IRQHandler
 .text.USART6_IRQHandler
                0x08001b4c       0x50 build\drivers\drv_usart.o
                0x08001b4c                USART6_IRQHandler
 .text.HAL_UART_MspInit
                0x08001b9c      0x1bc build\drivers\drv_usart.o
                0x08001b9c                HAL_UART_MspInit
 .text.hw_usart_init
                0x08001d58      0x134 build\drivers\drv_usart.o
                0x08001d58                hw_usart_init
 .text.NVIC_DisableIRQ
                0x08001e8c       0x34 build\drivers\drv_can.o
 .text.get_can_baud_index
                0x08001ec0       0x6c build\drivers\drv_can.o
 .text.CAN1_TX_IRQHandler
                0x08001f2c       0xa4 build\drivers\drv_can.o
                0x08001f2c                CAN1_TX_IRQHandler
 .text.CAN1_RX0_IRQHandler
                0x08001fd0       0x48 build\drivers\drv_can.o
                0x08001fd0                CAN1_RX0_IRQHandler
 .text.CAN1_RX1_IRQHandler
                0x08002018       0x4c build\drivers\drv_can.o
                0x08002018                CAN1_RX1_IRQHandler
 .text.CAN1_SCE_IRQHandler
                0x08002064      0x108 build\drivers\drv_can.o
                0x08002064                CAN1_SCE_IRQHandler
 .text.CAN2_TX_IRQHandler
                0x0800216c       0xa4 build\drivers\drv_can.o
                0x0800216c                CAN2_TX_IRQHandler
 .text.CAN2_RX0_IRQHandler
                0x08002210       0x48 build\drivers\drv_can.o
                0x08002210                CAN2_RX0_IRQHandler
 .text.CAN2_RX1_IRQHandler
                0x08002258       0x4c build\drivers\drv_can.o
                0x08002258                CAN2_RX1_IRQHandler
 .text.CAN2_SCE_IRQHandler
                0x080022a4      0x108 build\drivers\drv_can.o
                0x080022a4                CAN2_SCE_IRQHandler
 .text.HAL_CAN_ErrorCallback
                0x080023ac       0x28 build\drivers\drv_can.o
                0x080023ac                HAL_CAN_ErrorCallback
 .text.HAL_CAN_TxCpltCallback
                0x080023d4       0x30 build\drivers\drv_can.o
                0x080023d4                HAL_CAN_TxCpltCallback
 .text.HAL_CAN_RxCpltCallback
                0x08002404       0x20 build\drivers\drv_can.o
                0x08002404                HAL_CAN_RxCpltCallback
 .text.drv_configure
                0x08002424      0x170 build\drivers\drv_can.o
 .text.drv_control
                0x08002594      0x4c8 build\drivers\drv_can.o
 .text.drv_sendmsg
                0x08002a5c       0xc0 build\drivers\drv_can.o
 .text.drv_recvmsg
                0x08002b1c       0xc4 build\drivers\drv_can.o
 .text.HAL_CAN_MspInit
                0x08002be0       0xec build\drivers\drv_can.o
                0x08002be0                HAL_CAN_MspInit
 .text.hw_can_init
                0x08002ccc       0xec build\drivers\drv_can.o
                0x08002ccc                hw_can_init
 .text.SystemInit
                0x08002db8       0x6c build\Libraries\CMSIS\Device\ST\STM32F4xx\Source\Templates\system_stm32f4xx.o
                0x08002db8                SystemInit
 .text.Reset_Handler
                0x08002e24       0x44 build\Libraries\CMSIS\Device\ST\STM32F4xx\Source\Templates\gcc\gcc_startup.o
                0x08002e24                Reset_Handler
 .text.Default_Handler
                0x08002e68        0x2 build\Libraries\CMSIS\Device\ST\STM32F4xx\Source\Templates\gcc\startup_stm32f407xx.o
                0x08002e68                RTC_Alarm_IRQHandler
                0x08002e68                HASH_RNG_IRQHandler
                0x08002e68                TIM8_CC_IRQHandler
                0x08002e68                DebugMon_Handler
                0x08002e68                TIM1_CC_IRQHandler
                0x08002e68                DMA2_Stream5_IRQHandler
                0x08002e68                DMA1_Stream5_IRQHandler
                0x08002e68                PVD_IRQHandler
                0x08002e68                SDIO_IRQHandler
                0x08002e68                TAMP_STAMP_IRQHandler
                0x08002e68                TIM8_TRG_COM_TIM14_IRQHandler
                0x08002e68                TIM1_UP_TIM10_IRQHandler
                0x08002e68                TIM8_UP_TIM13_IRQHandler
                0x08002e68                I2C3_ER_IRQHandler
                0x08002e68                I2C2_EV_IRQHandler
                0x08002e68                DMA1_Stream2_IRQHandler
                0x08002e68                FPU_IRQHandler
                0x08002e68                OTG_HS_WKUP_IRQHandler
                0x08002e68                DMA2_Stream2_IRQHandler
                0x08002e68                SPI1_IRQHandler
                0x08002e68                TIM6_DAC_IRQHandler
                0x08002e68                TIM1_BRK_TIM9_IRQHandler
                0x08002e68                DCMI_IRQHandler
                0x08002e68                DMA2_Stream3_IRQHandler
                0x08002e68                UART5_IRQHandler
                0x08002e68                DMA2_Stream0_IRQHandler
                0x08002e68                TIM4_IRQHandler
                0x08002e68                I2C1_EV_IRQHandler
                0x08002e68                DMA1_Stream6_IRQHandler
                0x08002e68                DMA1_Stream1_IRQHandler
                0x08002e68                UART4_IRQHandler
                0x08002e68                TIM3_IRQHandler
                0x08002e68                RCC_IRQHandler
                0x08002e68                TIM8_BRK_TIM12_IRQHandler
                0x08002e68                Default_Handler
                0x08002e68                ADC_IRQHandler
                0x08002e68                DMA1_Stream7_IRQHandler
                0x08002e68                TIM7_IRQHandler
                0x08002e68                TIM5_IRQHandler
                0x08002e68                DMA2_Stream7_IRQHandler
                0x08002e68                I2C3_EV_IRQHandler
                0x08002e68                RTC_WKUP_IRQHandler
                0x08002e68                ETH_WKUP_IRQHandler
                0x08002e68                SPI2_IRQHandler
                0x08002e68                OTG_HS_EP1_IN_IRQHandler
                0x08002e68                DMA1_Stream0_IRQHandler
                0x08002e68                FSMC_IRQHandler
                0x08002e68                ETH_IRQHandler
                0x08002e68                OTG_HS_EP1_OUT_IRQHandler
                0x08002e68                WWDG_IRQHandler
                0x08002e68                TIM2_IRQHandler
                0x08002e68                OTG_FS_WKUP_IRQHandler
                0x08002e68                TIM1_TRG_COM_TIM11_IRQHandler
                0x08002e68                OTG_HS_IRQHandler
                0x08002e68                I2C2_ER_IRQHandler
                0x08002e68                DMA2_Stream1_IRQHandler
                0x08002e68                FLASH_IRQHandler
                0x08002e68                DMA2_Stream4_IRQHandler
                0x08002e68                OTG_FS_IRQHandler
                0x08002e68                SPI3_IRQHandler
                0x08002e68                DMA1_Stream4_IRQHandler
                0x08002e68                I2C1_ER_IRQHandler
                0x08002e68                DMA2_Stream6_IRQHandler
                0x08002e68                DMA1_Stream3_IRQHandler
 *fill*         0x08002e6a        0x2 00000000
 .text.HAL_Init
                0x08002e6c       0x44 build\Libraries\STM32F4xx_HAL_Driver\Src\stm32f4xx_hal.o
                0x08002e6c                HAL_Init
 .text.HAL_IncTick
                0x08002eb0       0x1c build\Libraries\STM32F4xx_HAL_Driver\Src\stm32f4xx_hal.o
                0x08002eb0                HAL_IncTick
 .text.HAL_GetTick
                0x08002ecc       0x18 build\Libraries\STM32F4xx_HAL_Driver\Src\stm32f4xx_hal.o
                0x08002ecc                HAL_GetTick
 .text.HAL_CAN_Init
                0x08002ee4      0x248 build\Libraries\STM32F4xx_HAL_Driver\Src\stm32f4xx_hal_can.o
                0x08002ee4                HAL_CAN_Init
 .text.HAL_CAN_ConfigFilter
                0x0800312c      0x19c build\Libraries\STM32F4xx_HAL_Driver\Src\stm32f4xx_hal_can.o
                0x0800312c                HAL_CAN_ConfigFilter
 .text.HAL_CAN_Transmit_IT
                0x080032c8      0x268 build\Libraries\STM32F4xx_HAL_Driver\Src\stm32f4xx_hal_can.o
                0x080032c8                HAL_CAN_Transmit_IT
 .text.HAL_CAN_Receive_IT
                0x08003530      0x170 build\Libraries\STM32F4xx_HAL_Driver\Src\stm32f4xx_hal_can.o
                0x08003530                HAL_CAN_Receive_IT
 .text.HAL_CAN_IRQHandler
                0x080036a0      0x450 build\Libraries\STM32F4xx_HAL_Driver\Src\stm32f4xx_hal_can.o
                0x080036a0                HAL_CAN_IRQHandler
 .text.CAN_Transmit_IT
                0x08003af0       0x80 build\Libraries\STM32F4xx_HAL_Driver\Src\stm32f4xx_hal_can.o
 .text.CAN_Receive_IT
                0x08003b70      0x268 build\Libraries\STM32F4xx_HAL_Driver\Src\stm32f4xx_hal_can.o
 .text.NVIC_SetPriorityGrouping
                0x08003dd8       0x48 build\Libraries\STM32F4xx_HAL_Driver\Src\stm32f4xx_hal_cortex.o
 .text.NVIC_GetPriorityGrouping
                0x08003e20       0x1c build\Libraries\STM32F4xx_HAL_Driver\Src\stm32f4xx_hal_cortex.o
 .text.NVIC_EnableIRQ
                0x08003e3c       0x34 build\Libraries\STM32F4xx_HAL_Driver\Src\stm32f4xx_hal_cortex.o
 .text.NVIC_DisableIRQ
                0x08003e70       0x34 build\Libraries\STM32F4xx_HAL_Driver\Src\stm32f4xx_hal_cortex.o
 .text.NVIC_SetPriority
                0x08003ea4       0x54 build\Libraries\STM32F4xx_HAL_Driver\Src\stm32f4xx_hal_cortex.o
 .text.NVIC_EncodePriority
                0x08003ef8       0x64 build\Libraries\STM32F4xx_HAL_Driver\Src\stm32f4xx_hal_cortex.o
 .text.SysTick_Config
                0x08003f5c       0x44 build\Libraries\STM32F4xx_HAL_Driver\Src\stm32f4xx_hal_cortex.o
 .text.HAL_NVIC_SetPriorityGrouping
                0x08003fa0       0x18 build\Libraries\STM32F4xx_HAL_Driver\Src\stm32f4xx_hal_cortex.o
                0x08003fa0                HAL_NVIC_SetPriorityGrouping
 .text.HAL_NVIC_SetPriority
                0x08003fb8       0x38 build\Libraries\STM32F4xx_HAL_Driver\Src\stm32f4xx_hal_cortex.o
                0x08003fb8                HAL_NVIC_SetPriority
 .text.HAL_NVIC_EnableIRQ
                0x08003ff0       0x1c build\Libraries\STM32F4xx_HAL_Driver\Src\stm32f4xx_hal_cortex.o
                0x08003ff0                HAL_NVIC_EnableIRQ
 .text.HAL_NVIC_DisableIRQ
                0x0800400c       0x1c build\Libraries\STM32F4xx_HAL_Driver\Src\stm32f4xx_hal_cortex.o
                0x0800400c                HAL_NVIC_DisableIRQ
 .text.HAL_SYSTICK_Config
                0x08004028       0x18 build\Libraries\STM32F4xx_HAL_Driver\Src\stm32f4xx_hal_cortex.o
                0x08004028                HAL_SYSTICK_Config
 .text.HAL_GPIO_Init
                0x08004040      0x334 build\Libraries\STM32F4xx_HAL_Driver\Src\stm32f4xx_hal_gpio.o
                0x08004040                HAL_GPIO_Init
 .text.HAL_GPIO_ReadPin
                0x08004374       0x30 build\Libraries\STM32F4xx_HAL_Driver\Src\stm32f4xx_hal_gpio.o
                0x08004374                HAL_GPIO_ReadPin
 .text.HAL_GPIO_WritePin
                0x080043a4       0x34 build\Libraries\STM32F4xx_HAL_Driver\Src\stm32f4xx_hal_gpio.o
                0x080043a4                HAL_GPIO_WritePin
 .text.HAL_GPIO_EXTI_IRQHandler
                0x080043d8       0x30 build\Libraries\STM32F4xx_HAL_Driver\Src\stm32f4xx_hal_gpio.o
                0x080043d8                HAL_GPIO_EXTI_IRQHandler
 .text.HAL_RCC_OscConfig
                0x08004408      0x450 build\Libraries\STM32F4xx_HAL_Driver\Src\stm32f4xx_hal_rcc.o
                0x08004408                HAL_RCC_OscConfig
 .text.HAL_RCC_ClockConfig
                0x08004858      0x1c4 build\Libraries\STM32F4xx_HAL_Driver\Src\stm32f4xx_hal_rcc.o
                0x08004858                HAL_RCC_ClockConfig
 .text.HAL_RCC_GetSysClockFreq
                0x08004a1c      0x1ac build\Libraries\STM32F4xx_HAL_Driver\Src\stm32f4xx_hal_rcc.o
                0x08004a1c                HAL_RCC_GetSysClockFreq
 .text.HAL_RCC_GetHCLKFreq
                0x08004bc8       0x18 build\Libraries\STM32F4xx_HAL_Driver\Src\stm32f4xx_hal_rcc.o
                0x08004bc8                HAL_RCC_GetHCLKFreq
 .text.HAL_RCC_GetPCLK1Freq
                0x08004be0       0x28 build\Libraries\STM32F4xx_HAL_Driver\Src\stm32f4xx_hal_rcc.o
                0x08004be0                HAL_RCC_GetPCLK1Freq
 .text.HAL_RCC_GetPCLK2Freq
                0x08004c08       0x28 build\Libraries\STM32F4xx_HAL_Driver\Src\stm32f4xx_hal_rcc.o
                0x08004c08                HAL_RCC_GetPCLK2Freq
 .text.HAL_UART_Init
                0x08004c30       0x9c build\Libraries\STM32F4xx_HAL_Driver\Src\stm32f4xx_hal_uart.o
                0x08004c30                HAL_UART_Init
 .text.UART_SetConfig
                0x08004ccc      0x438 build\Libraries\STM32F4xx_HAL_Driver\Src\stm32f4xx_hal_uart.o
 .text.rt_tick_get
                0x08005104       0x18 build\kernel\src\clock.o
                0x08005104                rt_tick_get
 .text.rt_tick_increase
                0x0800511c       0x44 build\kernel\src\clock.o
                0x0800511c                rt_tick_increase
 .text.rti_start
                0x08005160       0x10 build\kernel\src\components.o
 .text.rti_board_start
                0x08005170       0x10 build\kernel\src\components.o
 .text.rti_board_end
                0x08005180       0x10 build\kernel\src\components.o
 .text.rti_end  0x08005190       0x10 build\kernel\src\components.o
 .text.rt_components_board_init
                0x080051a0       0x30 build\kernel\src\components.o
                0x080051a0                rt_components_board_init
 .text.rt_components_init
                0x080051d0       0x30 build\kernel\src\components.o
                0x080051d0                rt_components_init
 .text.entry    0x08005200       0x14 build\kernel\src\components.o
                0x08005200                entry
 .text.main_thread_entry
                0x08005214       0x18 build\kernel\src\components.o
                0x08005214                main_thread_entry
 .text.rt_application_init
                0x0800522c       0x4c build\kernel\src\components.o
                0x0800522c                rt_application_init
 .text.rtthread_startup
                0x08005278       0x30 build\kernel\src\components.o
                0x08005278                rtthread_startup
 .text.rt_device_register
                0x080052a8       0x54 build\kernel\src\device.o
                0x080052a8                rt_device_register
 .text.rt_device_find
                0x080052fc       0x90 build\kernel\src\device.o
                0x080052fc                rt_device_find
 .text.rt_device_open
                0x0800538c      0x11c build\kernel\src\device.o
                0x0800538c                rt_device_open
 .text.rt_device_close
                0x080054a8       0x9c build\kernel\src\device.o
                0x080054a8                rt_device_close
 .text.rt_device_read
                0x08005544       0x88 build\kernel\src\device.o
                0x08005544                rt_device_read
 .text.rt_device_write
                0x080055cc       0x88 build\kernel\src\device.o
                0x080055cc                rt_device_write
 .text.rt_device_control
                0x08005654       0x68 build\kernel\src\device.o
                0x08005654                rt_device_control
 .text.rt_device_set_rx_indicate
                0x080056bc       0x54 build\kernel\src\device.o
                0x080056bc                rt_device_set_rx_indicate
 .text.rt_list_remove
                0x08005710       0x38 build\kernel\src\idle.o
 .text._has_defunct_thread
                0x08005748       0x2c build\kernel\src\idle.o
 .text.rt_thread_idle_excute
                0x08005774       0xc4 build\kernel\src\idle.o
                0x08005774                rt_thread_idle_excute
 .text.rt_thread_idle_entry
                0x08005838       0x3c build\kernel\src\idle.o
 .text.rt_thread_idle_init
                0x08005874       0x74 build\kernel\src\idle.o
                0x08005874                rt_thread_idle_init
 .text.rt_list_init
                0x080058e8       0x24 build\kernel\src\ipc.o
 .text.rt_list_insert_before
                0x0800590c       0x34 build\kernel\src\ipc.o
 .text.rt_list_isempty
                0x08005940       0x24 build\kernel\src\ipc.o
 .text.rt_ipc_object_init
                0x08005964       0x1c build\kernel\src\ipc.o
 .text.rt_ipc_list_suspend
                0x08005980       0x90 build\kernel\src\ipc.o
 .text.rt_ipc_list_resume
                0x08005a10       0x20 build\kernel\src\ipc.o
 .text.rt_sem_init
                0x08005a30       0x54 build\kernel\src\ipc.o
                0x08005a30                rt_sem_init
 .text.rt_sem_take
                0x08005a84      0x160 build\kernel\src\ipc.o
                0x08005a84                rt_sem_take
 .text.rt_sem_release
                0x08005be4       0xa0 build\kernel\src\ipc.o
                0x08005be4                rt_sem_release
 .text.rt_mutex_init
                0x08005c84       0x64 build\kernel\src\ipc.o
                0x08005c84                rt_mutex_init
 .text.rt_mutex_take
                0x08005ce8      0x1d0 build\kernel\src\ipc.o
                0x08005ce8                rt_mutex_take
 .text.rt_mutex_release
                0x08005eb8      0x190 build\kernel\src\ipc.o
                0x08005eb8                rt_mutex_release
 .text.rt_interrupt_enter
                0x08006048       0x40 build\kernel\src\irq.o
                0x08006048                rt_interrupt_enter
 .text.rt_interrupt_leave
                0x08006088       0x40 build\kernel\src\irq.o
                0x08006088                rt_interrupt_leave
 .text.rt_interrupt_get_nest
                0x080060c8       0x28 build\kernel\src\irq.o
                0x080060c8                rt_interrupt_get_nest
 .text.rt_set_errno
                0x080060f0       0x40 build\kernel\src\kservice.o
                0x080060f0                rt_set_errno
 .text.rt_memset
                0x08006130       0xb8 build\kernel\src\kservice.o
                0x08006130                rt_memset
                0x08006130                memset
 .text.rt_memcpy
                0x080061e8       0xd4 build\kernel\src\kservice.o
                0x080061e8                rt_memcpy
                0x080061e8                memcpy
 .text.rt_memmove
                0x080062bc       0x84 build\kernel\src\kservice.o
                0x080062bc                rt_memmove
                0x080062bc                memmove
 .text.rt_memcmp
                0x08006340       0x58 build\kernel\src\kservice.o
                0x08006340                rt_memcmp
                0x08006340                memcmp
 .text.rt_strncpy
                0x08006398       0x64 build\kernel\src\kservice.o
                0x08006398                rt_strncpy
 .text.rt_strncmp
                0x080063fc       0x4c build\kernel\src\kservice.o
                0x080063fc                rt_strncmp
 .text.rt_strlen
                0x08006448       0x30 build\kernel\src\kservice.o
                0x08006448                strlen
                0x08006448                rt_strlen
 .text.rt_show_version
                0x08006478       0x44 build\kernel\src\kservice.o
                0x08006478                rt_show_version
 .text.divide   0x080064bc       0x68 build\kernel\src\kservice.o
 .text.skip_atoi
                0x08006524       0x40 build\kernel\src\kservice.o
 .text.print_number
                0x08006564      0x1dc build\kernel\src\kservice.o
 .text.rt_vsnprintf
                0x08006740      0x544 build\kernel\src\kservice.o
                0x08006740                rt_vsnprintf
 .text.rt_vsprintf
                0x08006c84       0x24 build\kernel\src\kservice.o
                0x08006c84                rt_vsprintf
                0x08006c84                vsprintf
 .text.rt_sprintf
                0x08006ca8       0x2c build\kernel\src\kservice.o
                0x08006ca8                sprintf
                0x08006ca8                rt_sprintf
 .text.rt_console_get_device
                0x08006cd4       0x18 build\kernel\src\kservice.o
                0x08006cd4                rt_console_get_device
 .text.rt_console_set_device
                0x08006cec       0x4c build\kernel\src\kservice.o
                0x08006cec                rt_console_set_device
 .text.rt_hw_console_output
                0x08006d38       0x14 build\kernel\src\kservice.o
                0x08006d38                rt_hw_console_output
 .text.rt_kprintf
                0x08006d4c       0x80 build\kernel\src\kservice.o
                0x08006d4c                rt_kprintf
 .text.__rt_ffs
                0x08006dcc       0x70 build\kernel\src\kservice.o
                0x08006dcc                __rt_ffs
 .text.rt_assert_handler
                0x08006e3c       0x4c build\kernel\src\kservice.o
                0x08006e3c                rt_assert_handler
 .text.plug_holes
                0x08006e88      0x100 build\kernel\src\mem.o
 .text.rt_system_heap_init
                0x08006f88      0x118 build\kernel\src\mem.o
                0x08006f88                rt_system_heap_init
 .text.rt_malloc
                0x080070a0      0x294 build\kernel\src\mem.o
                0x080070a0                rt_malloc
 .text.rt_calloc
                0x08007334       0x3c build\kernel\src\mem.o
                0x08007334                rt_calloc
 .text.rt_free  0x08007370      0x188 build\kernel\src\mem.o
                0x08007370                rt_free
 .text.list_mem
                0x080074f8       0x44 build\kernel\src\mem.o
                0x080074f8                list_mem
 .text.rt_list_insert_after
                0x0800753c       0x34 build\kernel\src\object.o
 .text.rt_list_remove
                0x08007570       0x38 build\kernel\src\object.o
 .text.rt_object_get_information
                0x080075a8       0x48 build\kernel\src\object.o
                0x080075a8                rt_object_get_information
 .text.rt_object_init
                0x080075f0       0x80 build\kernel\src\object.o
                0x080075f0                rt_object_init
 .text.rt_object_detach
                0x08007670       0x5c build\kernel\src\object.o
                0x08007670                rt_object_detach
 .text.rt_object_allocate
                0x080076cc       0xd8 build\kernel\src\object.o
                0x080076cc                rt_object_allocate
 .text.rt_object_delete
                0x080077a4       0x7c build\kernel\src\object.o
                0x080077a4                rt_object_delete
 .text.rt_object_is_systemobject
                0x08007820       0x3c build\kernel\src\object.o
                0x08007820                rt_object_is_systemobject
 .text.rt_object_get_type
                0x0800785c       0x34 build\kernel\src\object.o
                0x0800785c                rt_object_get_type
 .text.rt_list_init
                0x08007890       0x24 build\kernel\src\scheduler.o
 .text.rt_list_insert_before
                0x080078b4       0x34 build\kernel\src\scheduler.o
 .text.rt_list_remove
                0x080078e8       0x38 build\kernel\src\scheduler.o
 .text.rt_list_isempty
                0x08007920       0x24 build\kernel\src\scheduler.o
 .text._rt_scheduler_stack_check
                0x08007944       0x98 build\kernel\src\scheduler.o
 .text._get_highest_priority_thread
                0x080079dc       0x38 build\kernel\src\scheduler.o
 .text.rt_system_scheduler_init
                0x08007a14       0x40 build\kernel\src\scheduler.o
                0x08007a14                rt_system_scheduler_init
 .text.rt_system_scheduler_start
                0x08007a54       0x38 build\kernel\src\scheduler.o
                0x08007a54                rt_system_scheduler_start
 .text.rt_schedule
                0x08007a8c      0x14c build\kernel\src\scheduler.o
                0x08007a8c                rt_schedule
 .text.rt_schedule_insert_thread
                0x08007bd8       0xac build\kernel\src\scheduler.o
                0x08007bd8                rt_schedule_insert_thread
 .text.rt_schedule_remove_thread
                0x08007c84       0x70 build\kernel\src\scheduler.o
                0x08007c84                rt_schedule_remove_thread
 .text.rt_enter_critical
                0x08007cf4       0x2c build\kernel\src\scheduler.o
                0x08007cf4                rt_enter_critical
 .text.rt_exit_critical
                0x08007d20       0x48 build\kernel\src\scheduler.o
                0x08007d20                rt_exit_critical
 .text.rt_list_init
                0x08007d68       0x24 build\kernel\src\thread.o
 .text.rt_list_insert_after
                0x08007d8c       0x34 build\kernel\src\thread.o
 .text.rt_list_remove
                0x08007dc0       0x38 build\kernel\src\thread.o
 .text.rt_thread_exit
                0x08007df8       0x68 build\kernel\src\thread.o
                0x08007df8                rt_thread_exit
 .text._rt_thread_init
                0x08007e60       0xf8 build\kernel\src\thread.o
 .text.rt_thread_init
                0x08007f58       0x6c build\kernel\src\thread.o
                0x08007f58                rt_thread_init
 .text.rt_thread_self
                0x08007fc4       0x18 build\kernel\src\thread.o
                0x08007fc4                rt_thread_self
 .text.rt_thread_startup
                0x08007fdc       0xa0 build\kernel\src\thread.o
                0x08007fdc                rt_thread_startup
 .text.rt_thread_create
                0x0800807c       0x64 build\kernel\src\thread.o
                0x0800807c                rt_thread_create
 .text.rt_thread_delete
                0x080080e0       0xa8 build\kernel\src\thread.o
                0x080080e0                rt_thread_delete
 .text.rt_thread_yield
                0x08008188       0x10 build\kernel\src\thread.o
                0x08008188                rt_thread_yield
 .text.rt_thread_control
                0x08008198       0xd4 build\kernel\src\thread.o
                0x08008198                rt_thread_control
 .text.rt_thread_suspend
                0x0800826c       0xcc build\kernel\src\thread.o
                0x0800826c                rt_thread_suspend
 .text.rt_thread_resume
                0x08008338       0x98 build\kernel\src\thread.o
                0x08008338                rt_thread_resume
 .text.rt_thread_timeout
                0x080083d0       0x84 build\kernel\src\thread.o
                0x080083d0                rt_thread_timeout
 .text.rt_list_init
                0x08008454       0x24 build\kernel\src\timer.o
 .text.rt_list_insert_after
                0x08008478       0x34 build\kernel\src\timer.o
 .text.rt_list_remove
                0x080084ac       0x38 build\kernel\src\timer.o
 .text.rt_list_isempty
                0x080084e4       0x24 build\kernel\src\timer.o
 .text._rt_timer_init
                0x08008508       0x68 build\kernel\src\timer.o
 .text._rt_timer_remove
                0x08008570       0x34 build\kernel\src\timer.o
 .text.rt_timer_init
                0x080085a4       0x48 build\kernel\src\timer.o
                0x080085a4                rt_timer_init
 .text.rt_timer_detach
                0x080085ec       0x7c build\kernel\src\timer.o
                0x080085ec                rt_timer_detach
 .text.rt_timer_start
                0x08008668      0x1fc build\kernel\src\timer.o
                0x08008668                rt_timer_start
 .text.rt_timer_stop
                0x08008864       0x94 build\kernel\src\timer.o
                0x08008864                rt_timer_stop
 .text.rt_timer_control
                0x080088f8       0xa0 build\kernel\src\timer.o
                0x080088f8                rt_timer_control
 .text.rt_timer_check
                0x08008998       0xcc build\kernel\src\timer.o
                0x08008998                rt_timer_check
 .text.rt_system_timer_init
                0x08008a64       0x34 build\kernel\src\timer.o
                0x08008a64                rt_system_timer_init
 .text.rt_system_timer_thread_init
                0x08008a98       0x10 build\kernel\src\timer.o
                0x08008a98                rt_system_timer_thread_init
 .text.rt_hw_stack_init
                0x08008aa8       0x90 rt-thread\libcpu\arm\cortex-m4\cpuport.o
                0x08008aa8                rt_hw_stack_init
 .text.usage_fault_track
                0x08008b38       0xc4 rt-thread\libcpu\arm\cortex-m4\cpuport.o
 .text.bus_fault_track
                0x08008bfc       0xcc rt-thread\libcpu\arm\cortex-m4\cpuport.o
 .text.mem_manage_fault_track
                0x08008cc8       0xb4 rt-thread\libcpu\arm\cortex-m4\cpuport.o
 .text.hard_fault_track
                0x08008d7c       0x78 rt-thread\libcpu\arm\cortex-m4\cpuport.o
 .text.rt_hw_hard_fault_exception
                0x08008df4      0x184 rt-thread\libcpu\arm\cortex-m4\cpuport.o
                0x08008df4                rt_hw_hard_fault_exception
 .text.rt_list_init
                0x08008f78       0x24 build\kernel\components\drivers\can\can.o
 .text.rt_list_insert_after
                0x08008f9c       0x34 build\kernel\components\drivers\can\can.o
 .text.rt_list_insert_before
                0x08008fd0       0x34 build\kernel\components\drivers\can\can.o
 .text.rt_list_remove
                0x08009004       0x38 build\kernel\components\drivers\can\can.o
 .text.rt_list_isempty
                0x0800903c       0x24 build\kernel\components\drivers\can\can.o
 .text.rt_can_init
                0x08009060       0x60 build\kernel\components\drivers\can\can.o
 .text._can_int_rx
                0x080090c0      0x1d4 build\kernel\components\drivers\can\can.o
 .text._can_int_tx
                0x08009294      0x194 build\kernel\components\drivers\can\can.o
 .text._can_int_tx_priv
                0x08009428      0x164 build\kernel\components\drivers\can\can.o
 .text.rt_can_open
                0x0800958c      0x328 build\kernel\components\drivers\can\can.o
 .text.rt_can_close
                0x080098b4      0x164 build\kernel\components\drivers\can\can.o
 .text.rt_can_read
                0x08009a18       0x64 build\kernel\components\drivers\can\can.o
 .text.rt_can_write
                0x08009a7c       0x80 build\kernel\components\drivers\can\can.o
 .text.rt_can_control
                0x08009afc      0x424 build\kernel\components\drivers\can\can.o
 .text.cantimeout
                0x08009f20       0x50 build\kernel\components\drivers\can\can.o
 .text.rt_hw_can_register
                0x08009f70      0x108 build\kernel\components\drivers\can\can.o
                0x08009f70                rt_hw_can_register
 .text.rt_hw_can_isr
                0x0800a078      0x3b8 build\kernel\components\drivers\can\can.o
                0x0800a078                rt_hw_can_isr
 .text.cmd_canstat
                0x0800a430      0x158 build\kernel\components\drivers\can\can.o
                0x0800a430                cmd_canstat
 .text._pin_read
                0x0800a588       0x60 build\kernel\components\drivers\misc\pin.o
 .text._pin_write
                0x0800a5e8       0x5c build\kernel\components\drivers\misc\pin.o
 .text._pin_control
                0x0800a644       0x58 build\kernel\components\drivers\misc\pin.o
 .text.rt_device_pin_register
                0x0800a69c       0x74 build\kernel\components\drivers\misc\pin.o
                0x0800a69c                rt_device_pin_register
 .text.rt_pin_mode
                0x0800a710       0x40 build\kernel\components\drivers\misc\pin.o
                0x0800a710                rt_pin_mode
 .text.rt_pin_write
                0x0800a750       0x40 build\kernel\components\drivers\misc\pin.o
                0x0800a750                rt_pin_write
 .text.rt_pin_read
                0x0800a790       0x3c build\kernel\components\drivers\misc\pin.o
                0x0800a790                rt_pin_read
 .text._serial_poll_rx
                0x0800a7cc       0x74 build\kernel\components\drivers\serial\serial.o
 .text._serial_poll_tx
                0x0800a840       0x7c build\kernel\components\drivers\serial\serial.o
 .text._serial_int_rx
                0x0800a8bc       0xd8 build\kernel\components\drivers\serial\serial.o
 .text._serial_int_tx
                0x0800a994       0x90 build\kernel\components\drivers\serial\serial.o
 .text._serial_fifo_calc_recved_len
                0x0800aa24       0x88 build\kernel\components\drivers\serial\serial.o
 .text.rt_dma_calc_recved_len
                0x0800aaac       0x18 build\kernel\components\drivers\serial\serial.o
 .text.rt_dma_recv_update_get_index
                0x0800aac4       0xa4 build\kernel\components\drivers\serial\serial.o
 .text.rt_dma_recv_update_put_index
                0x0800ab68      0x10c build\kernel\components\drivers\serial\serial.o
 .text._serial_dma_rx
                0x0800ac74      0x198 build\kernel\components\drivers\serial\serial.o
 .text._serial_dma_tx
                0x0800ae0c       0x70 build\kernel\components\drivers\serial\serial.o
 .text.rt_serial_init
                0x0800ae7c       0x5c build\kernel\components\drivers\serial\serial.o
 .text.rt_serial_open
                0x0800aed8      0x35c build\kernel\components\drivers\serial\serial.o
 .text.rt_serial_close
                0x0800b234      0x1a8 build\kernel\components\drivers\serial\serial.o
 .text.rt_serial_read
                0x0800b3dc       0x84 build\kernel\components\drivers\serial\serial.o
 .text.rt_serial_write
                0x0800b460       0x84 build\kernel\components\drivers\serial\serial.o
 .text.rt_serial_control
                0x0800b4e4       0xd0 build\kernel\components\drivers\serial\serial.o
 .text.rt_hw_serial_register
                0x0800b5b4       0x9c build\kernel\components\drivers\serial\serial.o
                0x0800b5b4                rt_hw_serial_register
 .text.rt_hw_serial_isr
                0x0800b650      0x260 build\kernel\components\drivers\serial\serial.o
                0x0800b650                rt_hw_serial_isr
 .text.rt_list_init
                0x0800b8b0       0x24 build\kernel\components\drivers\src\completion.o
 .text.rt_list_insert_before
                0x0800b8d4       0x34 build\kernel\components\drivers\src\completion.o
 .text.rt_list_isempty
                0x0800b908       0x24 build\kernel\components\drivers\src\completion.o
 .text.rt_completion_init
                0x0800b92c       0x44 build\kernel\components\drivers\src\completion.o
                0x0800b92c                rt_completion_init
 .text.rt_completion_wait
                0x0800b970       0xfc build\kernel\components\drivers\src\completion.o
                0x0800b970                rt_completion_wait
 .text.rt_completion_done
                0x0800ba6c       0x70 build\kernel\components\drivers\src\completion.o
                0x0800ba6c                rt_completion_done
 .text.rt_list_init
                0x0800badc       0x24 build\kernel\components\drivers\src\dataqueue.o
 .text.rt_list_insert_before
                0x0800bb00       0x34 build\kernel\components\drivers\src\dataqueue.o
 .text.rt_list_isempty
                0x0800bb34       0x24 build\kernel\components\drivers\src\dataqueue.o
 .text.rt_data_queue_init
                0x0800bb58       0x84 build\kernel\components\drivers\src\dataqueue.o
                0x0800bb58                rt_data_queue_init
 .text.rt_data_queue_push
                0x0800bbdc      0x190 build\kernel\components\drivers\src\dataqueue.o
                0x0800bbdc                rt_data_queue_push
 .text.rt_data_queue_pop
                0x0800bd6c      0x1e4 build\kernel\components\drivers\src\dataqueue.o
                0x0800bd6c                rt_data_queue_pop
 .text.rt_data_queue_peak
                0x0800bf50       0x9c build\kernel\components\drivers\src\dataqueue.o
                0x0800bf50                rt_data_queue_peak
 .text.finsh_get_prompt
                0x0800bfec       0xa0 build\kernel\components\finsh\shell.o
                0x0800bfec                finsh_get_prompt
 .text.finsh_set_prompt_mode
                0x0800c08c       0x48 build\kernel\components\finsh\shell.o
                0x0800c08c                finsh_set_prompt_mode
 .text.finsh_getchar
                0x0800c0d4       0x58 build\kernel\components\finsh\shell.o
 .text.finsh_rx_ind
                0x0800c12c       0x3c build\kernel\components\finsh\shell.o
 .text.finsh_set_device
                0x0800c168       0xd8 build\kernel\components\finsh\shell.o
                0x0800c168                finsh_set_device
 .text.shell_auto_complete
                0x0800c240       0x40 build\kernel\components\finsh\shell.o
 .text.shell_handle_history
                0x0800c280       0x34 build\kernel\components\finsh\shell.o
 .text.shell_push_history
                0x0800c2b4      0x160 build\kernel\components\finsh\shell.o
 .text.finsh_thread_entry
                0x0800c414      0x5c0 build\kernel\components\finsh\shell.o
                0x0800c414                finsh_thread_entry
 .text.finsh_system_function_init
                0x0800c9d4       0x2c build\kernel\components\finsh\shell.o
                0x0800c9d4                finsh_system_function_init
 .text.finsh_system_var_init
                0x0800ca00       0x2c build\kernel\components\finsh\shell.o
                0x0800ca00                finsh_system_var_init
 .text.finsh_system_init
                0x0800ca2c       0xac build\kernel\components\finsh\shell.o
                0x0800ca2c                finsh_system_init
 .text.rt_list_isempty
                0x0800cad8       0x24 build\kernel\components\finsh\cmd.o
 .text.rt_list_len
                0x0800cafc       0x38 build\kernel\components\finsh\cmd.o
 .text.hello    0x0800cb34       0x14 build\kernel\components\finsh\cmd.o
                0x0800cb34                hello
 .text.version  0x0800cb48       0x10 build\kernel\components\finsh\cmd.o
                0x0800cb48                version
 .text.object_split
                0x0800cb58       0x28 build\kernel\components\finsh\cmd.o
 .text.list_find_init
                0x0800cb80       0x48 build\kernel\components\finsh\cmd.o
 .text.list_get_next
                0x0800cbc8       0xc8 build\kernel\components\finsh\cmd.o
 .text.list_thread
                0x0800cc90      0x208 build\kernel\components\finsh\cmd.o
                0x0800cc90                list_thread
 .text.show_wait_queue
                0x0800ce98       0x50 build\kernel\components\finsh\cmd.o
 .text.list_sem
                0x0800cee8      0x12c build\kernel\components\finsh\cmd.o
                0x0800cee8                list_sem
 .text.list_event
                0x0800d014      0x118 build\kernel\components\finsh\cmd.o
                0x0800d014                list_event
 .text.list_mutex
                0x0800d12c       0xe8 build\kernel\components\finsh\cmd.o
                0x0800d12c                list_mutex
 .text.list_mailbox
                0x0800d214      0x13c build\kernel\components\finsh\cmd.o
                0x0800d214                list_mailbox
 .text.list_msgqueue
                0x0800d350      0x12c build\kernel\components\finsh\cmd.o
                0x0800d350                list_msgqueue
 .text.list_memheap
                0x0800d47c       0xd8 build\kernel\components\finsh\cmd.o
                0x0800d47c                list_memheap
 .text.list_mempool
                0x0800d554      0x128 build\kernel\components\finsh\cmd.o
                0x0800d554                list_mempool
 .text.list_timer
                0x0800d67c      0x108 build\kernel\components\finsh\cmd.o
                0x0800d67c                list_timer
 .text.list_device
                0x0800d784       0xf0 build\kernel\components\finsh\cmd.o
                0x0800d784                list_device
 .text.list     0x0800d874       0x6c build\kernel\components\finsh\cmd.o
                0x0800d874                list
 .text.msh_is_used
                0x0800d8e0       0x10 build\kernel\components\finsh\msh.o
                0x0800d8e0                msh_is_used
 .text.msh_help
                0x0800d8f0       0x7c build\kernel\components\finsh\msh.o
                0x0800d8f0                msh_help
 .text.msh_split
                0x0800d96c      0x170 build\kernel\components\finsh\msh.o
 .text.msh_get_cmd
                0x0800dadc       0x80 build\kernel\components\finsh\msh.o
 .text._msh_exec_cmd
                0x0800db5c       0xd4 build\kernel\components\finsh\msh.o
 .text.msh_exec
                0x0800dc30       0x84 build\kernel\components\finsh\msh.o
                0x0800dc30                msh_exec
 .text.str_common
                0x0800dcb4       0x4c build\kernel\components\finsh\msh.o
 .text.msh_auto_complete
                0x0800dd00       0xd0 build\kernel\components\finsh\msh.o
                0x0800dd00                msh_auto_complete
 .text.cmd_ps   0x0800ddd0       0x18 build\kernel\components\finsh\msh_cmd.o
                0x0800ddd0                cmd_ps
 .text.cmd_time
                0x0800dde8       0x18 build\kernel\components\finsh\msh_cmd.o
                0x0800dde8                cmd_time
 .text.cmd_free
                0x0800de00       0x18 build\kernel\components\finsh\msh_cmd.o
                0x0800de00                cmd_free
 .text.strncpy  0x0800de18       0x20 build\kernel\components\libc\compilers\minilibc\string.o
                0x0800de18                strncpy
 .text.strncmp  0x0800de38       0x4c build\kernel\components\libc\compilers\minilibc\string.o
                0x0800de38                strncmp
 *(.rodata)
 .rodata        0x0800de84       0x22 build\applications\devdriver\camera.o
 *fill*         0x0800dea6        0x2 00000000
 .rodata        0x0800dea8      0x103 build\applications\devdriver\ctrlinfo.o
 *fill*         0x0800dfab        0x1 00000000
 .rodata        0x0800dfac      0x104 build\applications\devdriver\motor.o
 .rodata        0x0800e0b0        0x6 build\drivers\board.o
 *fill*         0x0800e0b6        0x2 00000000
 .rodata        0x0800e0b8        0x4 build\drivers\drv_gpio.o
 .rodata        0x0800e0bc       0x4c build\drivers\drv_usart.o
 .rodata        0x0800e108       0x19 build\drivers\drv_can.o
 *fill*         0x0800e121        0x3 00000000
 .rodata        0x0800e124       0x17 build\kernel\src\components.o
 *fill*         0x0800e13b        0x1 00000000
 .rodata        0x0800e13c      0x10c build\kernel\src\device.o
 .rodata        0x0800e248       0x34 build\kernel\src\idle.o
 .rodata        0x0800e27c      0x462 build\kernel\src\ipc.o
 *fill*         0x0800e6de        0x2 00000000
 .rodata        0x0800e6e0       0xc7 build\kernel\src\kservice.o
 *fill*         0x0800e7a7        0x1 00000000
 .rodata        0x0800e7a8      0x2fa build\kernel\src\mem.o
 *fill*         0x0800eaa2        0x2 00000000
 .rodata        0x0800eaa4       0x81 build\kernel\src\object.o
 *fill*         0x0800eb25        0x3 00000000
 .rodata        0x0800eb28       0x65 build\kernel\src\scheduler.o
 *fill*         0x0800eb8d        0x3 00000000
 .rodata        0x0800eb90      0x1a7 build\kernel\src\thread.o
 *fill*         0x0800ed37        0x1 00000000
 .rodata        0x0800ed38       0xd7 build\kernel\src\timer.o
 *fill*         0x0800ee0f        0x1 00000000
 .rodata        0x0800ee10      0x2ce rt-thread\libcpu\arm\cortex-m4\cpuport.o
 *fill*         0x0800f0de        0x2 00000000
 .rodata        0x0800f0e0      0x37a build\kernel\components\drivers\can\can.o
 *fill*         0x0800f45a        0x2 00000000
 .rodata        0x0800f45c       0x27 build\kernel\components\drivers\misc\pin.o
 *fill*         0x0800f483        0x1 00000000
 .rodata        0x0800f484      0x126 build\kernel\components\drivers\serial\serial.o
 *fill*         0x0800f5aa        0x2 00000000
 .rodata        0x0800f5ac       0x72 build\kernel\components\drivers\src\completion.o
 *fill*         0x0800f61e        0x2 00000000
 .rodata        0x0800f620       0x64 build\kernel\components\drivers\src\dataqueue.o
 .rodata        0x0800f684       0x99 build\kernel\components\finsh\shell.o
 *fill*         0x0800f71d        0x3 00000000
 .rodata        0x0800f720      0x691 build\kernel\components\finsh\cmd.o
 *fill*         0x0800fdb1        0x3 00000000
 .rodata        0x0800fdb4       0x80 build\kernel\components\finsh\msh.o
 *(.rodata*)
 .rodata.pins   0x0800fe34      0x162 build\drivers\drv_gpio.o
 *fill*         0x0800ff96        0x2 00000000
 .rodata.pin_irq_map
                0x0800ff98       0x40 build\drivers\drv_gpio.o
 .rodata._stm32_pin_ops
                0x0800ffd8       0x18 build\drivers\drv_gpio.o
 .rodata.drv_uart_ops
                0x0800fff0       0x14 build\drivers\drv_usart.o
 .rodata.__FUNCTION__.8328
                0x08010004        0xe build\drivers\drv_usart.o
 *fill*         0x08010012        0x2 00000000
 .rodata.__FUNCTION__.8348
                0x08010014        0xc build\drivers\drv_usart.o
 .rodata.__FUNCTION__.8357
                0x08010020        0x9 build\drivers\drv_usart.o
 *fill*         0x08010029        0x3 00000000
 .rodata.__FUNCTION__.8366
                0x0801002c        0x9 build\drivers\drv_usart.o
 *fill*         0x08010035        0x3 00000000
 .rodata.can_baud_rate_tab
                0x08010038       0x48 build\drivers\drv_can.o
 .rodata.drv_can_ops
                0x08010080       0x10 build\drivers\drv_can.o
 .rodata.__FUNCTION__.8410
                0x08010090        0xe build\drivers\drv_can.o
 *fill*         0x0801009e        0x2 00000000
 .rodata.AHBPrescTable
                0x080100a0       0x10 build\Libraries\CMSIS\Device\ST\STM32F4xx\Source\Templates\system_stm32f4xx.o
                0x080100a0                AHBPrescTable
 .rodata.APBPrescTable
                0x080100b0        0x8 build\Libraries\CMSIS\Device\ST\STM32F4xx\Source\Templates\system_stm32f4xx.o
                0x080100b0                APBPrescTable
 .rodata.__FUNCTION__.5191
                0x080100b8       0x14 build\kernel\src\components.o
 .rodata.__FUNCTION__.5081
                0x080100cc        0xf build\kernel\src\device.o
 *fill*         0x080100db        0x1 00000000
 .rodata.__FUNCTION__.5105
                0x080100dc        0xf build\kernel\src\device.o
 *fill*         0x080100eb        0x1 00000000
 .rodata.__FUNCTION__.5110
                0x080100ec       0x10 build\kernel\src\device.o
 .rodata.__FUNCTION__.5117
                0x080100fc        0xf build\kernel\src\device.o
 *fill*         0x0801010b        0x1 00000000
 .rodata.__FUNCTION__.5124
                0x0801010c       0x10 build\kernel\src\device.o
 .rodata.__FUNCTION__.5130
                0x0801011c       0x12 build\kernel\src\device.o
 *fill*         0x0801012e        0x2 00000000
 .rodata.__FUNCTION__.5137
                0x08010130       0x1a build\kernel\src\device.o
 *fill*         0x0801014a        0x2 00000000
 .rodata.__FUNCTION__.5171
                0x0801014c       0x16 build\kernel\src\idle.o
 *fill*         0x08010162        0x2 00000000
 .rodata.__FUNCTION__.5177
                0x08010164        0xc build\kernel\src\ipc.o
 .rodata.__FUNCTION__.5201
                0x08010170        0xc build\kernel\src\ipc.o
 .rodata.__FUNCTION__.5212
                0x0801017c        0xf build\kernel\src\ipc.o
 *fill*         0x0801018b        0x1 00000000
 .rodata.__FUNCTION__.5226
                0x0801018c        0xe build\kernel\src\ipc.o
 *fill*         0x0801019a        0x2 00000000
 .rodata.__FUNCTION__.5250
                0x0801019c        0xe build\kernel\src\ipc.o
 *fill*         0x080101aa        0x2 00000000
 .rodata.__FUNCTION__.5259
                0x080101ac       0x11 build\kernel\src\ipc.o
 *fill*         0x080101bd        0x3 00000000
 .rodata.__lowest_bit_bitmap
                0x080101c0      0x100 build\kernel\src\kservice.o
                0x080101c0                __lowest_bit_bitmap
 .rodata.large_digits.5311
                0x080102c0       0x11 build\kernel\src\kservice.o
 *fill*         0x080102d1        0x3 00000000
 .rodata.small_digits.5310
                0x080102d4       0x11 build\kernel\src\kservice.o
 *fill*         0x080102e5        0x3 00000000
 .rodata.name   0x080102e8       0x2a build\kernel\src\mem.o
                0x080102e8                __fsym_list_mem_name
                0x080102f4                __fsym_list_mem_desc
 *fill*         0x08010312        0x2 00000000
 .rodata.__FUNCTION__.5168
                0x08010314        0xb build\kernel\src\mem.o
 *fill*         0x0801031f        0x1 00000000
 .rodata.__FUNCTION__.5177
                0x08010320       0x14 build\kernel\src\mem.o
 .rodata.__FUNCTION__.5186
                0x08010334        0xa build\kernel\src\mem.o
 *fill*         0x0801033e        0x2 00000000
 .rodata.__FUNCTION__.5215
                0x08010340        0x8 build\kernel\src\mem.o
 .rodata.__FUNCTION__.5197
                0x08010348        0xf build\kernel\src\object.o
 *fill*         0x08010357        0x1 00000000
 .rodata.__FUNCTION__.5202
                0x08010358       0x11 build\kernel\src\object.o
 *fill*         0x08010369        0x3 00000000
 .rodata.__FUNCTION__.5211
                0x0801036c       0x13 build\kernel\src\object.o
 *fill*         0x0801037f        0x1 00000000
 .rodata.__FUNCTION__.5216
                0x08010380       0x11 build\kernel\src\object.o
 *fill*         0x08010391        0x3 00000000
 .rodata.__FUNCTION__.5220
                0x08010394       0x1a build\kernel\src\object.o
 *fill*         0x080103ae        0x2 00000000
 .rodata.__FUNCTION__.5224
                0x080103b0       0x13 build\kernel\src\object.o
 *fill*         0x080103c3        0x1 00000000
 .rodata.__FUNCTION__.5155
                0x080103c4       0x1a build\kernel\src\scheduler.o
 *fill*         0x080103de        0x2 00000000
 .rodata.__FUNCTION__.5196
                0x080103e0       0x1a build\kernel\src\scheduler.o
 *fill*         0x080103fa        0x2 00000000
 .rodata.__FUNCTION__.5202
                0x080103fc       0x1a build\kernel\src\scheduler.o
 *fill*         0x08010416        0x2 00000000
 .rodata.__FUNCTION__.5172
                0x08010418       0x10 build\kernel\src\thread.o
 .rodata.__FUNCTION__.5184
                0x08010428        0xf build\kernel\src\thread.o
 *fill*         0x08010437        0x1 00000000
 .rodata.__FUNCTION__.5193
                0x08010438       0x12 build\kernel\src\thread.o
 *fill*         0x0801044a        0x2 00000000
 .rodata.__FUNCTION__.5214
                0x0801044c       0x11 build\kernel\src\thread.o
 *fill*         0x0801045d        0x3 00000000
 .rodata.__FUNCTION__.5237
                0x08010460       0x12 build\kernel\src\thread.o
 *fill*         0x08010472        0x2 00000000
 .rodata.__FUNCTION__.5248
                0x08010474       0x12 build\kernel\src\thread.o
 *fill*         0x08010486        0x2 00000000
 .rodata.__FUNCTION__.5253
                0x08010488       0x11 build\kernel\src\thread.o
 *fill*         0x08010499        0x3 00000000
 .rodata.__FUNCTION__.5258
                0x0801049c       0x12 build\kernel\src\thread.o
 *fill*         0x080104ae        0x2 00000000
 .rodata.__FUNCTION__.5186
                0x080104b0        0xe build\kernel\src\timer.o
 *fill*         0x080104be        0x2 00000000
 .rodata.__FUNCTION__.5191
                0x080104c0       0x10 build\kernel\src\timer.o
 .rodata.__FUNCTION__.5215
                0x080104d0        0xf build\kernel\src\timer.o
 *fill*         0x080104df        0x1 00000000
 .rodata.__FUNCTION__.5232
                0x080104e0        0xe build\kernel\src\timer.o
 *fill*         0x080104ee        0x2 00000000
 .rodata.__FUNCTION__.5238
                0x080104f0       0x11 build\kernel\src\timer.o
 *fill*         0x08010501        0x3 00000000
 .rodata.name   0x08010504       0x28 build\kernel\components\drivers\can\can.o
                0x08010504                __fsym___cmd_canstat_name
                0x08010514                __fsym___cmd_canstat_desc
 .rodata.__FUNCTION__.5656
                0x0801052c        0xc build\kernel\components\drivers\can\can.o
 .rodata.__FUNCTION__.5706
                0x08010538        0xc build\kernel\components\drivers\can\can.o
 .rodata.__FUNCTION__.5726
                0x08010544        0xd build\kernel\components\drivers\can\can.o
 *fill*         0x08010551        0x3 00000000
 .rodata.__FUNCTION__.5736
                0x08010554        0xc build\kernel\components\drivers\can\can.o
 .rodata.__FUNCTION__.5664
                0x08010560        0xc build\kernel\components\drivers\can\can.o
 .rodata.__FUNCTION__.5744
                0x0801056c        0xd build\kernel\components\drivers\can\can.o
 *fill*         0x08010579        0x3 00000000
 .rodata.__FUNCTION__.5696
                0x0801057c       0x11 build\kernel\components\drivers\can\can.o
 *fill*         0x0801058d        0x3 00000000
 .rodata.__FUNCTION__.5678
                0x08010590        0xc build\kernel\components\drivers\can\can.o
 .rodata.__FUNCTION__.5752
                0x0801059c        0xf build\kernel\components\drivers\can\can.o
 *fill*         0x080105ab        0x1 00000000
 .rodata.__FUNCTION__.5791
                0x080105ac       0x13 build\kernel\components\drivers\can\can.o
 *fill*         0x080105bf        0x1 00000000
 .rodata.__FUNCTION__.5806
                0x080105c0        0xe build\kernel\components\drivers\can\can.o
 *fill*         0x080105ce        0x2 00000000
 .rodata.name   0x080105d0       0x6e build\kernel\components\drivers\misc\pin.o
                0x080105d0                __fsym_pinMode_name
                0x080105d8                __fsym_pinMode_desc
                0x080105f0                __fsym_pinWrite_name
                0x080105fc                __fsym_pinWrite_desc
                0x08010618                __fsym_pinRead_name
                0x08010620                __fsym_pinRead_desc
 *fill*         0x0801063e        0x2 00000000
 .rodata.__FUNCTION__.5810
                0x08010640        0xa build\kernel\components\drivers\misc\pin.o
 *fill*         0x0801064a        0x2 00000000
 .rodata.__FUNCTION__.5819
                0x0801064c        0xb build\kernel\components\drivers\misc\pin.o
 *fill*         0x08010657        0x1 00000000
 .rodata.__FUNCTION__.5827
                0x08010658        0xd build\kernel\components\drivers\misc\pin.o
 *fill*         0x08010665        0x3 00000000
 .rodata.__FUNCTION__.5854
                0x08010668        0xc build\kernel\components\drivers\misc\pin.o
 .rodata.__FUNCTION__.5862
                0x08010674        0xd build\kernel\components\drivers\misc\pin.o
 *fill*         0x08010681        0x3 00000000
 .rodata.__FUNCTION__.5869
                0x08010684        0xc build\kernel\components\drivers\misc\pin.o
 .rodata.__FUNCTION__.5700
                0x08010690       0x1d build\kernel\components\drivers\serial\serial.o
 *fill*         0x080106ad        0x3 00000000
 .rodata.__FUNCTION__.5709
                0x080106b0       0x1d build\kernel\components\drivers\serial\serial.o
 *fill*         0x080106cd        0x3 00000000
 .rodata.__FUNCTION__.5715
                0x080106d0       0x1d build\kernel\components\drivers\serial\serial.o
 *fill*         0x080106ed        0x3 00000000
 .rodata.__FUNCTION__.5741
                0x080106f0        0xf build\kernel\components\drivers\serial\serial.o
 *fill*         0x080106ff        0x1 00000000
 .rodata.__FUNCTION__.5748
                0x08010700        0xf build\kernel\components\drivers\serial\serial.o
 *fill*         0x0801070f        0x1 00000000
 .rodata.__FUNCTION__.5758
                0x08010710       0x10 build\kernel\components\drivers\serial\serial.o
 .rodata.__FUNCTION__.5771
                0x08010720        0xf build\kernel\components\drivers\serial\serial.o
 *fill*         0x0801072f        0x1 00000000
 .rodata.__FUNCTION__.5679
                0x08010730        0xf build\kernel\components\drivers\serial\serial.o
 *fill*         0x0801073f        0x1 00000000
 .rodata.__FUNCTION__.5722
                0x08010740        0xf build\kernel\components\drivers\serial\serial.o
 *fill*         0x0801074f        0x1 00000000
 .rodata.__FUNCTION__.5658
                0x08010750       0x10 build\kernel\components\drivers\serial\serial.o
 .rodata.__FUNCTION__.5779
                0x08010760       0x10 build\kernel\components\drivers\serial\serial.o
 .rodata.__FUNCTION__.5692
                0x08010770        0xf build\kernel\components\drivers\serial\serial.o
 *fill*         0x0801077f        0x1 00000000
 .rodata.__FUNCTION__.5668
                0x08010780       0x10 build\kernel\components\drivers\serial\serial.o
 .rodata.__FUNCTION__.5787
                0x08010790       0x12 build\kernel\components\drivers\serial\serial.o
 *fill*         0x080107a2        0x2 00000000
 .rodata.__FUNCTION__.5802
                0x080107a4       0x16 build\kernel\components\drivers\serial\serial.o
 *fill*         0x080107ba        0x2 00000000
 .rodata.__FUNCTION__.5811
                0x080107bc       0x11 build\kernel\components\drivers\serial\serial.o
 *fill*         0x080107cd        0x3 00000000
 .rodata.__FUNCTION__.5655
                0x080107d0       0x13 build\kernel\components\drivers\src\completion.o
 *fill*         0x080107e3        0x1 00000000
 .rodata.__FUNCTION__.5663
                0x080107e4       0x13 build\kernel\components\drivers\src\completion.o
 *fill*         0x080107f7        0x1 00000000
 .rodata.__FUNCTION__.5670
                0x080107f8       0x13 build\kernel\components\drivers\src\completion.o
 *fill*         0x0801080b        0x1 00000000
 .rodata.__FUNCTION__.5661
                0x0801080c       0x13 build\kernel\components\drivers\src\dataqueue.o
 *fill*         0x0801081f        0x1 00000000
 .rodata.__FUNCTION__.5671
                0x08010820       0x13 build\kernel\components\drivers\src\dataqueue.o
 *fill*         0x08010833        0x1 00000000
 .rodata.__FUNCTION__.5686
                0x08010834       0x12 build\kernel\components\drivers\src\dataqueue.o
 *fill*         0x08010846        0x2 00000000
 .rodata.__FUNCTION__.5698
                0x08010848       0x13 build\kernel\components\drivers\src\dataqueue.o
 *fill*         0x0801085b        0x1 00000000
 .rodata.__FUNCTION__.5424
                0x0801085c       0x16 build\kernel\components\finsh\shell.o
 *fill*         0x08010872        0x2 00000000
 .rodata.__FUNCTION__.5429
                0x08010874        0xe build\kernel\components\finsh\shell.o
 *fill*         0x08010882        0x2 00000000
 .rodata.__FUNCTION__.5437
                0x08010884        0xd build\kernel\components\finsh\shell.o
 *fill*         0x08010891        0x3 00000000
 .rodata.__FUNCTION__.5442
                0x08010894       0x11 build\kernel\components\finsh\shell.o
 *fill*         0x080108a5        0x3 00000000
 .rodata.name   0x080108a8      0x3d6 build\kernel\components\finsh\cmd.o
                0x080108a8                __fsym_hello_name
                0x080108b0                __fsym_hello_desc
                0x080108c0                __fsym_version_name
                0x080108c8                __fsym_version_desc
                0x080108ec                __fsym___cmd_version_name
                0x080108fc                __fsym___cmd_version_desc
                0x08010920                __fsym_list_thread_name
                0x0801092c                __fsym_list_thread_desc
                0x08010938                __fsym___cmd_list_thread_name
                0x0801094c                __fsym___cmd_list_thread_desc
                0x08010958                __fsym_list_sem_name
                0x08010964                __fsym_list_sem_desc
                0x08010980                __fsym___cmd_list_sem_name
                0x08010990                __fsym___cmd_list_sem_desc
                0x080109ac                __fsym_list_event_name
                0x080109b8                __fsym_list_event_desc
                0x080109d0                __fsym___cmd_list_event_name
                0x080109e4                __fsym___cmd_list_event_desc
                0x080109fc                __fsym_list_mutex_name
                0x08010a08                __fsym_list_mutex_desc
                0x08010a20                __fsym___cmd_list_mutex_name
                0x08010a34                __fsym___cmd_list_mutex_desc
                0x08010a4c                __fsym_list_mailbox_name
                0x08010a5c                __fsym_list_mailbox_desc
                0x08010a74                __fsym___cmd_list_mailbox_name
                0x08010a88                __fsym___cmd_list_mailbox_desc
                0x08010aa0                __fsym_list_msgqueue_name
                0x08010ab0                __fsym_list_msgqueue_desc
                0x08010ad0                __fsym___cmd_list_msgqueue_name
                0x08010ae4                __fsym___cmd_list_msgqueue_desc
                0x08010b04                __fsym_list_memheap_name
                0x08010b14                __fsym_list_memheap_desc
                0x08010b30                __fsym___cmd_list_memheap_name
                0x08010b44                __fsym___cmd_list_memheap_desc
                0x08010b60                __fsym_list_mempool_name
                0x08010b70                __fsym_list_mempool_desc
                0x08010b8c                __fsym___cmd_list_mempool_name
                0x08010ba0                __fsym___cmd_list_mempool_desc
                0x08010bbc                __fsym_list_timer_name
                0x08010bc8                __fsym_list_timer_desc
                0x08010be0                __fsym___cmd_list_timer_name
                0x08010bf4                __fsym___cmd_list_timer_desc
                0x08010c0c                __fsym_list_device_name
                0x08010c18                __fsym_list_device_desc
                0x08010c30                __fsym___cmd_list_device_name
                0x08010c44                __fsym___cmd_list_device_desc
                0x08010c5c                __fsym_list_name
                0x08010c64                __fsym_list_desc
 *fill*         0x08010c7e        0x2 00000000
 .rodata.device_type_str
                0x08010c80       0x50 build\kernel\components\finsh\cmd.o
 .rodata.name   0x08010cd0       0x22 build\kernel\components\finsh\msh.o
                0x08010cd0                __fsym___cmd_help_name
                0x08010cdc                __fsym___cmd_help_desc
 *fill*         0x08010cf2        0x2 00000000
 .rodata.__FUNCTION__.5396
                0x08010cf4        0xe build\kernel\components\finsh\msh.o
 *fill*         0x08010d02        0x2 00000000
 .rodata.name   0x08010d04       0x81 build\kernel\components\finsh\msh_cmd.o
                0x08010d04                __fsym___cmd_ps_name
                0x08010d10                __fsym___cmd_ps_desc
                0x08010d2c                __fsym___cmd_time_name
                0x08010d38                __fsym___cmd_time_desc
                0x08010d54                __fsym___cmd_free_name
                0x08010d60                __fsym___cmd_free_desc
 *(.glue_7)
 .glue_7        0x08010d85        0x0 linker stubs
 *(.glue_7t)
 .glue_7t       0x08010d85        0x0 linker stubs
 *(.gnu.linkonce.t*)
                0x08010d88                . = ALIGN (0x4)
 *fill*         0x08010d85        0x3 00000000
                0x08010d88                __fsymtab_start = .
 *(FSymTab)
 FSymTab        0x08010d88        0xc build\kernel\src\mem.o
                0x08010d88                __fsym_list_mem
 FSymTab        0x08010d94        0xc build\kernel\components\drivers\can\can.o
                0x08010d94                __fsym___cmd_canstat
 FSymTab        0x08010da0       0x24 build\kernel\components\drivers\misc\pin.o
                0x08010da0                __fsym_pinMode
                0x08010dac                __fsym_pinWrite
                0x08010db8                __fsym_pinRead
 FSymTab        0x08010dc4      0x120 build\kernel\components\finsh\cmd.o
                0x08010dc4                __fsym_hello
                0x08010dd0                __fsym_version
                0x08010ddc                __fsym___cmd_version
                0x08010de8                __fsym_list_thread
                0x08010df4                __fsym___cmd_list_thread
                0x08010e00                __fsym_list_sem
                0x08010e0c                __fsym___cmd_list_sem
                0x08010e18                __fsym_list_event
                0x08010e24                __fsym___cmd_list_event
                0x08010e30                __fsym_list_mutex
                0x08010e3c                __fsym___cmd_list_mutex
                0x08010e48                __fsym_list_mailbox
                0x08010e54                __fsym___cmd_list_mailbox
                0x08010e60                __fsym_list_msgqueue
                0x08010e6c                __fsym___cmd_list_msgqueue
                0x08010e78                __fsym_list_memheap
                0x08010e84                __fsym___cmd_list_memheap
                0x08010e90                __fsym_list_mempool
                0x08010e9c                __fsym___cmd_list_mempool
                0x08010ea8                __fsym_list_timer
                0x08010eb4                __fsym___cmd_list_timer
                0x08010ec0                __fsym_list_device
                0x08010ecc                __fsym___cmd_list_device
                0x08010ed8                __fsym_list
 FSymTab        0x08010ee4        0xc build\kernel\components\finsh\msh.o
                0x08010ee4                __fsym___cmd_help
 FSymTab        0x08010ef0       0x24 build\kernel\components\finsh\msh_cmd.o
                0x08010ef0                __fsym___cmd_ps
                0x08010efc                __fsym___cmd_time
                0x08010f08                __fsym___cmd_free
                0x08010f14                __fsymtab_end = .
                0x08010f14                . = ALIGN (0x4)
                0x08010f14                __vsymtab_start = .
 *(VSymTab)
                0x08010f14                __vsymtab_end = .
                0x08010f14                . = ALIGN (0x4)
                0x08010f14                . = ALIGN (0x4)
                0x08010f14                __rt_init_start = .
 *(SORT(.rti_fn*))
 .rti_fn.0      0x08010f14        0x4 build\kernel\src\components.o
                0x08010f14                __rt_init_rti_start
 .rti_fn.0.end  0x08010f18        0x4 build\kernel\src\components.o
                0x08010f18                __rt_init_rti_board_start
 .rti_fn.1      0x08010f1c        0x4 build\drivers\drv_gpio.o
                0x08010f1c                __rt_init_rt_hw_pin_init
 .rti_fn.1      0x08010f20        0x4 build\drivers\drv_usart.o
                0x08010f20                __rt_init_hw_usart_init
 .rti_fn.1      0x08010f24        0x4 build\drivers\drv_can.o
                0x08010f24                __rt_init_hw_can_init
 .rti_fn.1.end  0x08010f28        0x4 build\kernel\src\components.o
                0x08010f28                __rt_init_rti_board_end
 .rti_fn.6      0x08010f2c        0x4 build\applications\devdriver\camera.o
                0x08010f2c                __rt_init_init_camera_uart
 .rti_fn.6      0x08010f30        0x4 build\applications\devdriver\ctrlinfo.o
                0x08010f30                __rt_init_init_ctrlinfo
 .rti_fn.6      0x08010f34        0x4 build\applications\devdriver\motor.o
                0x08010f34                __rt_init_init_motor_uart
 .rti_fn.6      0x08010f38        0x4 build\kernel\components\finsh\shell.o
                0x08010f38                __rt_init_finsh_system_init
 .rti_fn.6.end  0x08010f3c        0x4 build\kernel\src\components.o
                0x08010f3c                __rt_init_rti_end
                0x08010f40                __rt_init_end = .
                0x08010f40                . = ALIGN (0x4)
                0x08010f40                . = ALIGN (0x4)
                0x08010f40                _etext = .
                0x08010f40                __exidx_start = .

.vfp11_veneer   0x08010f40        0x0
 .vfp11_veneer  0x08010f40        0x0 linker stubs

.v4_bx          0x08010f40        0x0
 .v4_bx         0x08010f40        0x0 linker stubs

.init           0x08010f40        0x4
 .init          0x08010f40        0x4 e:/env/tools/gnu_gcc/arm_gcc/mingw/bin/../lib/gcc/arm-none-eabi/5.4.1/armv7e-m/fpu/crti.o
                0x08010f40                _init

.fini           0x08010f44        0x4
 .fini          0x08010f44        0x4 e:/env/tools/gnu_gcc/arm_gcc/mingw/bin/../lib/gcc/arm-none-eabi/5.4.1/armv7e-m/fpu/crti.o
                0x08010f44                _fini

.iplt           0x08010f48        0x0
 .iplt          0x08010f48        0x0 e:/env/tools/gnu_gcc/arm_gcc/mingw/bin/../lib/gcc/arm-none-eabi/5.4.1/armv7e-m/fpu/crtbegin.o

.ARM.exidx      0x08010f48        0x8
 *(.ARM.exidx* .gnu.linkonce.armexidx.*)
 .ARM.exidx     0x08010f48        0x8 e:/env/tools/gnu_gcc/arm_gcc/mingw/bin/../lib/gcc/arm-none-eabi/5.4.1/armv7e-m/fpu\libgcc.a(_udivmoddi4.o)
                0x08010f50                _sidata = .
                0x08010f50                __exidx_end = .

.rel.dyn        0x08010f50        0x0
 .rel.iplt      0x08010f50        0x0 e:/env/tools/gnu_gcc/arm_gcc/mingw/bin/../lib/gcc/arm-none-eabi/5.4.1/armv7e-m/fpu/crtbegin.o

.data           0x20000000      0x19c load address 0x08010f50
                0x20000000                . = ALIGN (0x4)
                0x20000000                _sdata = .
 *(.data)
 *(.data.*)
 .data.camera_uart_config
                0x20000000        0x8 build\applications\devdriver\camera.o
                0x20000000                camera_uart_config
 .data.crtlinfo_uart_config
                0x20000008        0x8 build\applications\devdriver\ctrlinfo.o
                0x20000008                crtlinfo_uart_config
 .data.return_data_buf
                0x20000010        0xc build\applications\devdriver\funclist.o
                0x20000010                return_data_buf
 .data.return_data_bufsize
                0x2000001c        0x1 build\applications\devdriver\funclist.o
                0x2000001c                return_data_bufsize
 *fill*         0x2000001d        0x3 
 .data.motor_uart_config
                0x20000020        0x8 build\applications\devdriver\motor.o
                0x20000020                motor_uart_config
 .data.pin_irq_hdr_tab
                0x20000028       0xc0 build\drivers\drv_gpio.o
                0x20000028                pin_irq_hdr_tab
 .data.SystemCoreClock
                0x200000e8        0x4 build\Libraries\CMSIS\Device\ST\STM32F4xx\Source\Templates\system_stm32f4xx.o
                0x200000e8                SystemCoreClock
 .data.rt_object_container
                0x200000ec       0xa0 build\kernel\src\object.o
 .data.ErrCode.6042
                0x2000018c       0x10 build\kernel\components\drivers\can\can.o
 *(.gnu.linkonce.d*)
                0x2000019c                . = ALIGN (0x4)
                0x2000019c                _edata = .

.igot.plt       0x2000019c        0x0 load address 0x080110ec
 .igot.plt      0x2000019c        0x0 e:/env/tools/gnu_gcc/arm_gcc/mingw/bin/../lib/gcc/arm-none-eabi/5.4.1/armv7e-m/fpu/crtbegin.o

.stack          0x2000019c      0x200 load address 0x080110ec
                0x2000019c                _sstack = .
                0x2000039c                . = (. + _system_stack_size)
 *fill*         0x2000019c      0x200 
                0x2000039c                . = ALIGN (0x4)
                0x2000039c                _estack = .
                0x2000039c                __bss_start = .

.bss            0x2000039c      0xd40 load address 0x080112ec
                0x2000039c                . = ALIGN (0x4)
                0x2000039c                _sbss = .
 *(.bss)
 *(.bss.*)
 .bss.cmd       0x2000039c       0x10 build\applications\devdriver\camera.o
 .bss.camera_uart
                0x200003ac        0x4 build\applications\devdriver\camera.o
 .bss.crtlinfo_uart
                0x200003b0        0x4 build\applications\devdriver\ctrlinfo.o
 .bss.crtlinfo_uart_irq_rx_sem
                0x200003b4       0x20 build\applications\devdriver\ctrlinfo.o
 .bss.crtlinfo_uart_finish_rec_sem
                0x200003d4       0x20 build\applications\devdriver\ctrlinfo.o
 .bss.data_recing
                0x200003f4        0x1 build\applications\devdriver\ctrlinfo.o
 *fill*         0x200003f5        0x3 
 .bss.rec_databuf
                0x200003f8       0x40 build\applications\devdriver\ctrlinfo.o
 .bss.rec_databytes
                0x20000438        0x1 build\applications\devdriver\ctrlinfo.o
 *fill*         0x20000439        0x3 
 .bss.motor_uart
                0x2000043c        0x4 build\applications\devdriver\motor.o
 .bss.motor_uart_rx_sem
                0x20000440       0x20 build\applications\devdriver\motor.o
 .bss.motor_uart_start_rec_sem
                0x20000460       0x20 build\applications\devdriver\motor.o
 .bss.motor_uart_finish_rec_sem
                0x20000480       0x20 build\applications\devdriver\motor.o
 .bss.rec_databuf
                0x200004a0       0x40 build\applications\devdriver\motor.o
 .bss.rec_databytes
                0x200004e0        0x1 build\applications\devdriver\motor.o
 *fill*         0x200004e1        0x3 
 .bss.uart1     0x200004e4       0x44 build\drivers\drv_usart.o
 .bss.uart2     0x20000528       0x44 build\drivers\drv_usart.o
 .bss.uart3     0x2000056c       0x44 build\drivers\drv_usart.o
 .bss.uart6     0x200005b0       0x44 build\drivers\drv_usart.o
 .bss.drv_can1  0x200005f4       0xac build\drivers\drv_can.o
 .bss.drv_can2  0x200006a0       0xac build\drivers\drv_can.o
 .bss.rt_tick   0x2000074c        0x4 build\kernel\src\clock.o
 .bss.idle      0x20000750       0x80 build\kernel\src\idle.o
 .bss.rt_thread_stack
                0x200007d0      0x100 build\kernel\src\idle.o
 .bss.idle_hook_list
                0x200008d0       0x10 build\kernel\src\idle.o
 .bss.rt_interrupt_enter_hook
                0x200008e0        0x4 build\kernel\src\irq.o
 .bss.rt_interrupt_leave_hook
                0x200008e4        0x4 build\kernel\src\irq.o
 .bss.rt_interrupt_nest
                0x200008e8        0x1 build\kernel\src\irq.o
                0x200008e8                rt_interrupt_nest
 *fill*         0x200008e9        0x3 
 .bss.__rt_errno
                0x200008ec        0x4 build\kernel\src\kservice.o
 .bss._console_device
                0x200008f0        0x4 build\kernel\src\kservice.o
 .bss.rt_log_buf.5421
                0x200008f4       0x80 build\kernel\src\kservice.o
 .bss.rt_malloc_hook
                0x20000974        0x4 build\kernel\src\mem.o
 .bss.rt_free_hook
                0x20000978        0x4 build\kernel\src\mem.o
 .bss.heap_ptr  0x2000097c        0x4 build\kernel\src\mem.o
 .bss.heap_end  0x20000980        0x4 build\kernel\src\mem.o
 .bss.lfree     0x20000984        0x4 build\kernel\src\mem.o
 .bss.heap_sem  0x20000988       0x20 build\kernel\src\mem.o
 .bss.mem_size_aligned
                0x200009a8        0x4 build\kernel\src\mem.o
 .bss.used_mem  0x200009ac        0x4 build\kernel\src\mem.o
 .bss.max_mem   0x200009b0        0x4 build\kernel\src\mem.o
 .bss.rt_object_attach_hook
                0x200009b4        0x4 build\kernel\src\object.o
 .bss.rt_object_detach_hook
                0x200009b8        0x4 build\kernel\src\object.o
 .bss.rt_scheduler_lock_nest
                0x200009bc        0x2 build\kernel\src\scheduler.o
 *fill*         0x200009be        0x2 
 .bss.rt_scheduler_hook
                0x200009c0        0x4 build\kernel\src\scheduler.o
 .bss.rt_thread_suspend_hook
                0x200009c4        0x4 build\kernel\src\thread.o
 .bss.rt_thread_resume_hook
                0x200009c8        0x4 build\kernel\src\thread.o
 .bss.rt_thread_inited_hook
                0x200009cc        0x4 build\kernel\src\thread.o
 .bss.rt_timer_list
                0x200009d0        0x8 build\kernel\src\timer.o
 .bss.rt_timer_enter_hook
                0x200009d8        0x4 build\kernel\src\timer.o
 .bss.rt_timer_exit_hook
                0x200009dc        0x4 build\kernel\src\timer.o
 .bss.random_nr.5214
                0x200009e0        0x4 build\kernel\src\timer.o
 .bss.rt_exception_hook
                0x200009e4        0x4 rt-thread\libcpu\arm\cortex-m4\cpuport.o
 .bss._hw_pin   0x200009e8       0x44 build\kernel\components\drivers\misc\pin.o
 .bss.finsh_prompt_custom
                0x20000a2c        0x4 build\kernel\components\finsh\shell.o
 .bss.finsh_prompt.5416
                0x20000a30       0x81 build\kernel\components\finsh\shell.o
 *fill*         0x20000ab1        0x3 
 .bss._syscall_table_begin
                0x20000ab4        0x4 build\kernel\components\finsh\symbol.o
                0x20000ab4                _syscall_table_begin
 .bss._syscall_table_end
                0x20000ab8        0x4 build\kernel\components\finsh\symbol.o
                0x20000ab8                _syscall_table_end
 .bss._sysvar_table_begin
                0x20000abc        0x4 build\kernel\components\finsh\symbol.o
                0x20000abc                _sysvar_table_begin
 .bss._sysvar_table_end
                0x20000ac0        0x4 build\kernel\components\finsh\symbol.o
                0x20000ac0                _sysvar_table_end
 *(COMMON)
 COMMON         0x20000ac4      0x190 build\applications\devdriver\ctrlinfo.o